Archive member included to satisfy reference by file (symbol)

/usr/lib/gcc/arm-none-eabi/9.2.1/thumb/v6-m/nofp/libgcc.a(_dvmd_tls.o)
                              CMakeFiles/bme280_max_speed.dir/home/analys/nuttxspace/pico-sdk/src/rp2_common/pico_divider/divider.S.obj (__aeabi_idiv0)
/usr/lib/gcc/arm-none-eabi/9.2.1/../../../arm-none-eabi/lib/thumb/v6-m/nofp/libc.a(lib_a-atexit.o)
                              /usr/lib/gcc/arm-none-eabi/9.2.1/../../../arm-none-eabi/lib/thumb/v6-m/nofp/crt0.o (atexit)
/usr/lib/gcc/arm-none-eabi/9.2.1/../../../arm-none-eabi/lib/thumb/v6-m/nofp/libc.a(lib_a-calloc.o)
                              CMakeFiles/bme280_max_speed.dir/home/analys/nuttxspace/pico-sdk/src/rp2_common/pico_malloc/pico_malloc.c.obj (calloc)
/usr/lib/gcc/arm-none-eabi/9.2.1/../../../arm-none-eabi/lib/thumb/v6-m/nofp/libc.a(lib_a-callocr.o)
                              /usr/lib/gcc/arm-none-eabi/9.2.1/../../../arm-none-eabi/lib/thumb/v6-m/nofp/libc.a(lib_a-calloc.o) (_calloc_r)
/usr/lib/gcc/arm-none-eabi/9.2.1/../../../arm-none-eabi/lib/thumb/v6-m/nofp/libc.a(lib_a-fini.o)
                              /usr/lib/gcc/arm-none-eabi/9.2.1/../../../arm-none-eabi/lib/thumb/v6-m/nofp/crt0.o (__libc_fini_array)
/usr/lib/gcc/arm-none-eabi/9.2.1/../../../arm-none-eabi/lib/thumb/v6-m/nofp/libc.a(lib_a-impure.o)
                              /usr/lib/gcc/arm-none-eabi/9.2.1/../../../arm-none-eabi/lib/thumb/v6-m/nofp/libc.a(lib_a-calloc.o) (_impure_ptr)
/usr/lib/gcc/arm-none-eabi/9.2.1/../../../arm-none-eabi/lib/thumb/v6-m/nofp/libc.a(lib_a-init.o)
                              /usr/lib/gcc/arm-none-eabi/9.2.1/../../../arm-none-eabi/lib/thumb/v6-m/nofp/crt0.o (__libc_init_array)
/usr/lib/gcc/arm-none-eabi/9.2.1/../../../arm-none-eabi/lib/thumb/v6-m/nofp/libc.a(lib_a-malloc.o)
                              CMakeFiles/bme280_max_speed.dir/home/analys/nuttxspace/pico-sdk/src/rp2_common/pico_malloc/pico_malloc.c.obj (malloc)
/usr/lib/gcc/arm-none-eabi/9.2.1/../../../arm-none-eabi/lib/thumb/v6-m/nofp/libc.a(lib_a-mallocr.o)
                              /usr/lib/gcc/arm-none-eabi/9.2.1/../../../arm-none-eabi/lib/thumb/v6-m/nofp/libc.a(lib_a-callocr.o) (_malloc_r)
/usr/lib/gcc/arm-none-eabi/9.2.1/../../../arm-none-eabi/lib/thumb/v6-m/nofp/libc.a(lib_a-mlock.o)
                              /usr/lib/gcc/arm-none-eabi/9.2.1/../../../arm-none-eabi/lib/thumb/v6-m/nofp/libc.a(lib_a-mallocr.o) (__malloc_lock)
/usr/lib/gcc/arm-none-eabi/9.2.1/../../../arm-none-eabi/lib/thumb/v6-m/nofp/libc.a(lib_a-realloc.o)
                              CMakeFiles/bme280_max_speed.dir/home/analys/nuttxspace/pico-sdk/src/rp2_common/pico_malloc/pico_malloc.c.obj (realloc)
/usr/lib/gcc/arm-none-eabi/9.2.1/../../../arm-none-eabi/lib/thumb/v6-m/nofp/libc.a(lib_a-reallocr.o)
                              /usr/lib/gcc/arm-none-eabi/9.2.1/../../../arm-none-eabi/lib/thumb/v6-m/nofp/libc.a(lib_a-realloc.o) (_realloc_r)
/usr/lib/gcc/arm-none-eabi/9.2.1/../../../arm-none-eabi/lib/thumb/v6-m/nofp/libc.a(lib_a-sbrkr.o)
                              /usr/lib/gcc/arm-none-eabi/9.2.1/../../../arm-none-eabi/lib/thumb/v6-m/nofp/libc.a(lib_a-mallocr.o) (_sbrk_r)
/usr/lib/gcc/arm-none-eabi/9.2.1/../../../arm-none-eabi/lib/thumb/v6-m/nofp/libc.a(lib_a-strlen-stub.o)
                              CMakeFiles/bme280_max_speed.dir/home/analys/nuttxspace/pico-sdk/src/rp2_common/pico_stdio/stdio.c.obj (strlen)
/usr/lib/gcc/arm-none-eabi/9.2.1/../../../arm-none-eabi/lib/thumb/v6-m/nofp/libc.a(lib_a-__atexit.o)
                              /usr/lib/gcc/arm-none-eabi/9.2.1/../../../arm-none-eabi/lib/thumb/v6-m/nofp/libc.a(lib_a-atexit.o) (__register_exitproc)
/usr/lib/gcc/arm-none-eabi/9.2.1/../../../arm-none-eabi/lib/thumb/v6-m/nofp/libc.a(lib_a-freer.o)
                              /usr/lib/gcc/arm-none-eabi/9.2.1/../../../arm-none-eabi/lib/thumb/v6-m/nofp/libc.a(lib_a-malloc.o) (_free_r)
/usr/lib/gcc/arm-none-eabi/9.2.1/../../../arm-none-eabi/lib/thumb/v6-m/nofp/libc.a(lib_a-memmove.o)
                              /usr/lib/gcc/arm-none-eabi/9.2.1/../../../arm-none-eabi/lib/thumb/v6-m/nofp/libc.a(lib_a-reallocr.o) (memmove)
/usr/lib/gcc/arm-none-eabi/9.2.1/../../../arm-none-eabi/lib/thumb/v6-m/nofp/libc.a(lib_a-reent.o)
                              /usr/lib/gcc/arm-none-eabi/9.2.1/../../../arm-none-eabi/lib/thumb/v6-m/nofp/libc.a(lib_a-sbrkr.o) (errno)

Allocating common symbols
Common symbol       size              file

sf_table            0x100             CMakeFiles/bme280_max_speed.dir/home/analys/nuttxspace/pico-sdk/src/rp2_common/pico_float/float_init_rom.c.obj
errno               0x4               /usr/lib/gcc/arm-none-eabi/9.2.1/../../../arm-none-eabi/lib/thumb/v6-m/nofp/libc.a(lib_a-reent.o)
xQueueRegistry      0x40              CMakeFiles/bme280_max_speed.dir/home/analys/nuttxspace/rp2040-freertos/FreeRTOS-Kernel/queue.c.obj
[...]
Memory Configuration

Name             Origin             Length             Attributes
FLASH            0x0000000010000000 0x0000000000200000 xr
RAM              0x0000000020000000 0x0000000000040000 xrw
SCRATCH_X        0x0000000020040000 0x0000000000001000 xrw
SCRATCH_Y        0x0000000020041000 0x0000000000001000 xrw
*default*        0x0000000000000000 0xffffffffffffffff

Linker script and memory map

LOAD /usr/lib/gcc/arm-none-eabi/9.2.1/thumb/v6-m/nofp/crti.o
LOAD /usr/lib/gcc/arm-none-eabi/9.2.1/thumb/v6-m/nofp/crtbegin.o
LOAD /usr/lib/gcc/arm-none-eabi/9.2.1/../../../arm-none-eabi/lib/thumb/v6-m/nofp/crt0.o

.flash_begin    0x0000000010000000        0x0
                0x0000000010000000                __flash_binary_start = .

.boot2          0x0000000010000000      0x100
                0x0000000010000000                __boot2_start__ = .
 *(.boot2)
 .boot2         0x0000000010000000      0x100 /tmp/ccnvYS52.o
                0x0000000010000100                __boot2_end__ = .
                0x0000000000000001                ASSERT (((__boot2_end__ - __boot2_start__) == 0x100), ERROR: Pico second stage bootloader must be 256 bytes in size)

.text           0x0000000010000100     0x7320
                0x0000000010000100                __logical_binary_start = .
 *(.vectors)
 .vectors       0x0000000010000100       0xd4 CMakeFiles/bme280_max_speed.dir/home/analys/nuttxspace/pico-sdk/src/rp2_common/pico_standard_link/crt0.S.obj
                0x0000000010000100                __vectors
                0x0000000010000100                __VECTOR_TABLE
                0x00000000100001c0                isr_invalid
                0x00000000100001c0                __default_isrs_start
                0x00000000100001c2                isr_nmi
                0x00000000100001c4                isr_hardfault
                0x00000000100001c6                isr_svcall
                0x00000000100001c8                isr_pendsv
                0x00000000100001ca                isr_systick
                0x00000000100001cc                isr_irq30
                0x00000000100001cc                __unhandled_user_irq
                0x00000000100001cc                isr_irq13
                0x00000000100001cc                isr_irq27
                0x00000000100001cc                isr_irq31
                0x00000000100001cc                isr_irq5
                0x00000000100001cc                isr_irq11
                0x00000000100001cc                isr_irq23
                0x00000000100001cc                isr_irq18
                0x00000000100001cc                isr_irq28
                0x00000000100001cc                isr_irq19
                0x00000000100001cc                isr_irq0
                0x00000000100001cc                isr_irq6
                0x00000000100001cc                isr_irq22
                0x00000000100001cc                isr_irq17
                0x00000000100001cc                isr_irq14
                0x00000000100001cc                isr_irq2
                0x00000000100001cc                isr_irq10
                0x00000000100001cc                isr_irq8
                0x00000000100001cc                isr_irq24
                0x00000000100001cc                isr_irq1
                0x00000000100001cc                isr_irq7
                0x00000000100001cc                isr_irq21
                0x00000000100001cc                isr_irq20
                0x00000000100001cc                isr_irq15
                0x00000000100001cc                isr_irq25
                0x00000000100001cc                isr_irq4
                0x00000000100001cc                isr_irq16
                0x00000000100001cc                isr_irq29
                0x00000000100001cc                isr_irq26
                0x00000000100001cc                __default_isrs_end
                0x00000000100001cc                isr_irq3
                0x00000000100001cc                isr_irq12
                0x00000000100001cc                isr_irq9
                0x00000000100001d2                unhandled_user_irq_num_in_r0
 *(.binary_info_header)
 .binary_info_header
                0x00000000100001d4       0x14 CMakeFiles/bme280_max_speed.dir/home/analys/nuttxspace/pico-sdk/src/rp2_common/pico_standard_link/crt0.S.obj
                0x00000000100001e8                __binary_info_header_end = .
 *(.reset)
 .reset         0x00000000100001e8       0xa0 CMakeFiles/bme280_max_speed.dir/home/analys/nuttxspace/pico-sdk/src/rp2_common/pico_standard_link/crt0.S.obj
                0x00000000100001e8                _entry_point
 .reset         0x0000000010000288       0x30 CMakeFiles/bme280_max_speed.dir/home/analys/nuttxspace/pico-sdk/src/rp2_common/pico_standard_link/binary_info.c.obj
 *(.init)
 .init          0x00000000100002b8        0x4 /usr/lib/gcc/arm-none-eabi/9.2.1/thumb/v6-m/nofp/crti.o
                0x00000000100002b8                _init
 *(EXCLUDE_FILE(*libm.a: *libc.a:*lib_a-mem*.o *libgcc.a:) .text*)
 .text          0x00000000100002bc       0x98 /usr/lib/gcc/arm-none-eabi/9.2.1/thumb/v6-m/nofp/crtbegin.o
 .text.waste_time_task
                0x0000000010000354       0x40 CMakeFiles/bme280_max_speed.dir/main.c.obj
 .text.bme280_task
                0x0000000010000394       0x80 CMakeFiles/bme280_max_speed.dir/main.c.obj
 .text.blink_led_task
                0x0000000010000414       0x20 CMakeFiles/bme280_max_speed.dir/main.c.obj
 .text.startup.main
                0x0000000010000434       0x94 CMakeFiles/bme280_max_speed.dir/main.c.obj
                0x0000000010000434                main
 .text.vPortSVCHandler
                0x00000000100004c8        0x4 CMakeFiles/bme280_max_speed.dir/home/analys/nuttxspace/rp2040-freertos/FreeRTOS-Kernel/portable/ThirdParty/GCC/RP2040/port.c.obj
                0x00000000100004c8                vPortSVCHandler
 *fill*         0x00000000100004cc        0x4 
 .text.vPortStartFirstTask
                0x00000000100004d0       0x34 CMakeFiles/bme280_max_speed.dir/home/analys/nuttxspace/rp2040-freertos/FreeRTOS-Kernel/portable/ThirdParty/GCC/RP2040/port.c.obj
 *fill*         0x0000000010000504        0xc 
 .text.xPortPendSVHandler
                0x0000000010000510       0x64 CMakeFiles/bme280_max_speed.dir/home/analys/nuttxspace/rp2040-freertos/FreeRTOS-Kernel/portable/ThirdParty/GCC/RP2040/port.c.obj
                0x0000000010000510                xPortPendSVHandler
 .text.prvTaskExitError
                0x0000000010000574        0x8 CMakeFiles/bme280_max_speed.dir/home/analys/nuttxspace/rp2040-freertos/FreeRTOS-Kernel/portable/ThirdParty/GCC/RP2040/port.c.obj
 .text.pxPortInitialiseStack
                0x000000001000057c       0x20 CMakeFiles/bme280_max_speed.dir/home/analys/nuttxspace/rp2040-freertos/FreeRTOS-Kernel/portable/ThirdParty/GCC/RP2040/port.c.obj
                0x000000001000057c                pxPortInitialiseStack
 .text.vPortYield
                0x000000001000059c       0x18 CMakeFiles/bme280_max_speed.dir/home/analys/nuttxspace/rp2040-freertos/FreeRTOS-Kernel/portable/ThirdParty/GCC/RP2040/port.c.obj
                0x000000001000059c                vPortYield
 .text.vPortEnterCritical
                0x00000000100005b4       0x18 CMakeFiles/bme280_max_speed.dir/home/analys/nuttxspace/rp2040-freertos/FreeRTOS-Kernel/portable/ThirdParty/GCC/RP2040/port.c.obj
                0x00000000100005b4                vPortEnterCritical
 .text.vPortExitCritical
                0x00000000100005cc       0x34 CMakeFiles/bme280_max_speed.dir/home/analys/nuttxspace/rp2040-freertos/FreeRTOS-Kernel/portable/ThirdParty/GCC/RP2040/port.c.obj
                0x00000000100005cc                vPortExitCritical
 .text.ulSetInterruptMaskFromISR
                0x0000000010000600        0x8 CMakeFiles/bme280_max_speed.dir/home/analys/nuttxspace/rp2040-freertos/FreeRTOS-Kernel/portable/ThirdParty/GCC/RP2040/port.c.obj
                0x0000000010000600                ulSetInterruptMaskFromISR
 .text.vClearInterruptMaskFromISR
                0x0000000010000608        0x8 CMakeFiles/bme280_max_speed.dir/home/analys/nuttxspace/rp2040-freertos/FreeRTOS-Kernel/portable/ThirdParty/GCC/RP2040/port.c.obj
                0x0000000010000608                vClearInterruptMaskFromISR
 .text.xPortSysTickHandler
                0x0000000010000610       0x24 CMakeFiles/bme280_max_speed.dir/home/analys/nuttxspace/rp2040-freertos/FreeRTOS-Kernel/portable/ThirdParty/GCC/RP2040/port.c.obj
                0x0000000010000610                xPortSysTickHandler
 .text.vPortSetupTimerInterrupt
                0x0000000010000634       0x34 CMakeFiles/bme280_max_speed.dir/home/analys/nuttxspace/rp2040-freertos/FreeRTOS-Kernel/portable/ThirdParty/GCC/RP2040/port.c.obj
                0x0000000010000634                vPortSetupTimerInterrupt
 .text.xPortStartScheduler
                0x0000000010000668       0x70 CMakeFiles/bme280_max_speed.dir/home/analys/nuttxspace/rp2040-freertos/FreeRTOS-Kernel/portable/ThirdParty/GCC/RP2040/port.c.obj
                0x0000000010000668                xPortStartScheduler
 .text.ulPortLockGetCurrentOwnerId
                0x00000000100006d8       0x2c CMakeFiles/bme280_max_speed.dir/home/analys/nuttxspace/rp2040-freertos/FreeRTOS-Kernel/portable/ThirdParty/GCC/RP2040/port.c.obj
                0x00000000100006d8                ulPortLockGetCurrentOwnerId
 .text.vPortLockInternalSpinUnlockWithNotify
                0x0000000010000704       0x84 CMakeFiles/bme280_max_speed.dir/home/analys/nuttxspace/rp2040-freertos/FreeRTOS-Kernel/portable/ThirdParty/GCC/RP2040/port.c.obj
                0x0000000010000704                vPortLockInternalSpinUnlockWithNotify
 .text.xPortLockInternalSpinUnlockWithBestEffortWaitOrTimeout
                0x0000000010000788       0xfc CMakeFiles/bme280_max_speed.dir/home/analys/nuttxspace/rp2040-freertos/FreeRTOS-Kernel/portable/ThirdParty/GCC/RP2040/port.c.obj
                0x0000000010000788                xPortLockInternalSpinUnlockWithBestEffortWaitOrTimeout
 .text.startup.prvRuntimeInitializer
                0x0000000010000884       0x10 CMakeFiles/bme280_max_speed.dir/home/analys/nuttxspace/rp2040-freertos/FreeRTOS-Kernel/portable/ThirdParty/GCC/RP2040/port.c.obj
 .text.vEventGroupSetBitsCallback
                0x0000000010000894       0x8c CMakeFiles/bme280_max_speed.dir/home/analys/nuttxspace/rp2040-freertos/FreeRTOS-Kernel/event_groups.c.obj
                0x0000000010000894                vEventGroupSetBitsCallback
 .text.xEventGroupCreate
                0x0000000010000920       0x18 CMakeFiles/bme280_max_speed.dir/home/analys/nuttxspace/rp2040-freertos/FreeRTOS-Kernel/event_groups.c.obj
                0x0000000010000920                xEventGroupCreate
 .text.xEventGroupWaitBits
                0x0000000010000938       0xb8 CMakeFiles/bme280_max_speed.dir/home/analys/nuttxspace/rp2040-freertos/FreeRTOS-Kernel/event_groups.c.obj
                0x0000000010000938                xEventGroupWaitBits
 .text.xEventGroupSetBits
                0x00000000100009f0       0x90 CMakeFiles/bme280_max_speed.dir/home/analys/nuttxspace/rp2040-freertos/FreeRTOS-Kernel/event_groups.c.obj
                0x00000000100009f0                xEventGroupSetBits
 .text.xEventGroupSetBitsFromISR
                0x0000000010000a80       0x14 CMakeFiles/bme280_max_speed.dir/home/analys/nuttxspace/rp2040-freertos/FreeRTOS-Kernel/event_groups.c.obj
                0x0000000010000a80                xEventGroupSetBitsFromISR
 .text.vListInitialise
                0x0000000010000a94       0x18 CMakeFiles/bme280_max_speed.dir/home/analys/nuttxspace/rp2040-freertos/FreeRTOS-Kernel/list.c.obj
                0x0000000010000a94                vListInitialise
 .text.vListInitialiseItem
                0x0000000010000aac        0x8 CMakeFiles/bme280_max_speed.dir/home/analys/nuttxspace/rp2040-freertos/FreeRTOS-Kernel/list.c.obj
                0x0000000010000aac                vListInitialiseItem
 .text.vListInsert
                0x0000000010000ab4       0x30 CMakeFiles/bme280_max_speed.dir/home/analys/nuttxspace/rp2040-freertos/FreeRTOS-Kernel/list.c.obj
                0x0000000010000ab4                vListInsert
 .text.uxListRemove
                0x0000000010000ae4       0x24 CMakeFiles/bme280_max_speed.dir/home/analys/nuttxspace/rp2040-freertos/FreeRTOS-Kernel/list.c.obj
                0x0000000010000ae4                uxListRemove
 .text.prvUnlockQueue
                0x0000000010000b08      0x148 CMakeFiles/bme280_max_speed.dir/home/analys/nuttxspace/rp2040-freertos/FreeRTOS-Kernel/queue.c.obj
 .text.prvNotifyQueueSetContainer
                0x0000000010000c50       0x9c CMakeFiles/bme280_max_speed.dir/home/analys/nuttxspace/rp2040-freertos/FreeRTOS-Kernel/queue.c.obj
 .text.xQueueGenericCreate
                0x0000000010000cec       0xa0 CMakeFiles/bme280_max_speed.dir/home/analys/nuttxspace/rp2040-freertos/FreeRTOS-Kernel/queue.c.obj
                0x0000000010000cec                xQueueGenericCreate
 .text.xQueueGenericSend
                0x0000000010000d8c      0x1cc CMakeFiles/bme280_max_speed.dir/home/analys/nuttxspace/rp2040-freertos/FreeRTOS-Kernel/queue.c.obj
                0x0000000010000d8c                xQueueGenericSend
 .text.xQueueCreateMutex
                0x0000000010000f58       0x6c CMakeFiles/bme280_max_speed.dir/home/analys/nuttxspace/rp2040-freertos/FreeRTOS-Kernel/queue.c.obj
                0x0000000010000f58                xQueueCreateMutex
 .text.xQueueGenericSendFromISR
                0x0000000010000fc4      0x134 CMakeFiles/bme280_max_speed.dir/home/analys/nuttxspace/rp2040-freertos/FreeRTOS-Kernel/queue.c.obj
                0x0000000010000fc4                xQueueGenericSendFromISR
 .text.xQueueGiveFromISR
                0x00000000100010f8       0x7c CMakeFiles/bme280_max_speed.dir/home/analys/nuttxspace/rp2040-freertos/FreeRTOS-Kernel/queue.c.obj
                0x00000000100010f8                xQueueGiveFromISR
 .text.xQueueReceive
                0x0000000010001174      0x124 CMakeFiles/bme280_max_speed.dir/home/analys/nuttxspace/rp2040-freertos/FreeRTOS-Kernel/queue.c.obj
                0x0000000010001174                xQueueReceive
 .text.xQueueSemaphoreTake
                0x0000000010001298      0x150 CMakeFiles/bme280_max_speed.dir/home/analys/nuttxspace/rp2040-freertos/FreeRTOS-Kernel/queue.c.obj
                0x0000000010001298                xQueueSemaphoreTake
 .text.uxQueueMessagesWaiting
                0x00000000100013e8       0x14 CMakeFiles/bme280_max_speed.dir/home/analys/nuttxspace/rp2040-freertos/FreeRTOS-Kernel/queue.c.obj
                0x00000000100013e8                uxQueueMessagesWaiting
 .text.vQueueAddToRegistry
                0x00000000100013fc       0xec CMakeFiles/bme280_max_speed.dir/home/analys/nuttxspace/rp2040-freertos/FreeRTOS-Kernel/queue.c.obj
                0x00000000100013fc                vQueueAddToRegistry
 .text.vQueueWaitForMessageRestricted
                0x00000000100014e8       0x48 CMakeFiles/bme280_max_speed.dir/home/analys/nuttxspace/rp2040-freertos/FreeRTOS-Kernel/queue.c.obj
                0x00000000100014e8                vQueueWaitForMessageRestricted
 .text.prvIdleTask
                0x0000000010001530       0x60 CMakeFiles/bme280_max_speed.dir/home/analys/nuttxspace/rp2040-freertos/FreeRTOS-Kernel/tasks.c.obj
 .text.vTaskSwitchContext.part.0
                0x0000000010001590       0x80 CMakeFiles/bme280_max_speed.dir/home/analys/nuttxspace/rp2040-freertos/FreeRTOS-Kernel/tasks.c.obj
 .text.xTaskCreate
                0x0000000010001610      0x280 CMakeFiles/bme280_max_speed.dir/home/analys/nuttxspace/rp2040-freertos/FreeRTOS-Kernel/tasks.c.obj
                0x0000000010001610                xTaskCreate
 .text.vTaskStartScheduler
                0x0000000010001890      0x1e0 CMakeFiles/bme280_max_speed.dir/home/analys/nuttxspace/rp2040-freertos/FreeRTOS-Kernel/tasks.c.obj
                0x0000000010001890                vTaskStartScheduler
 .text.vTaskSuspendAll
                0x0000000010001a70       0x10 CMakeFiles/bme280_max_speed.dir/home/analys/nuttxspace/rp2040-freertos/FreeRTOS-Kernel/tasks.c.obj
                0x0000000010001a70                vTaskSuspendAll
 .text.xTaskGetTickCount
                0x0000000010001a80        0xc CMakeFiles/bme280_max_speed.dir/home/analys/nuttxspace/rp2040-freertos/FreeRTOS-Kernel/tasks.c.obj
                0x0000000010001a80                xTaskGetTickCount
 .text.uxTaskGetNumberOfTasks
                0x0000000010001a8c        0xc CMakeFiles/bme280_max_speed.dir/home/analys/nuttxspace/rp2040-freertos/FreeRTOS-Kernel/tasks.c.obj
                0x0000000010001a8c                uxTaskGetNumberOfTasks
 .text.xTaskIncrementTick
                0x0000000010001a98      0x1cc CMakeFiles/bme280_max_speed.dir/home/analys/nuttxspace/rp2040-freertos/FreeRTOS-Kernel/tasks.c.obj
                0x0000000010001a98                xTaskIncrementTick
 .text.xTaskResumeAll
                0x0000000010001c64      0x174 CMakeFiles/bme280_max_speed.dir/home/analys/nuttxspace/rp2040-freertos/FreeRTOS-Kernel/tasks.c.obj
                0x0000000010001c64                xTaskResumeAll
 .text.vTaskDelay
                0x0000000010001dd8       0x78 CMakeFiles/bme280_max_speed.dir/home/analys/nuttxspace/rp2040-freertos/FreeRTOS-Kernel/tasks.c.obj
                0x0000000010001dd8                vTaskDelay
 .text.vTaskSwitchContext
                0x0000000010001e50       0x20 CMakeFiles/bme280_max_speed.dir/home/analys/nuttxspace/rp2040-freertos/FreeRTOS-Kernel/tasks.c.obj
                0x0000000010001e50                vTaskSwitchContext
 .text.vTaskPlaceOnEventList
                0x0000000010001e70       0x98 CMakeFiles/bme280_max_speed.dir/home/analys/nuttxspace/rp2040-freertos/FreeRTOS-Kernel/tasks.c.obj
                0x0000000010001e70                vTaskPlaceOnEventList
 .text.vTaskPlaceOnUnorderedEventList
                0x0000000010001f08       0xbc CMakeFiles/bme280_max_speed.dir/home/analys/nuttxspace/rp2040-freertos/FreeRTOS-Kernel/tasks.c.obj
                0x0000000010001f08                vTaskPlaceOnUnorderedEventList
 .text.vTaskPlaceOnEventListRestricted
                0x0000000010001fc4       0xc4 CMakeFiles/bme280_max_speed.dir/home/analys/nuttxspace/rp2040-freertos/FreeRTOS-Kernel/tasks.c.obj
                0x0000000010001fc4                vTaskPlaceOnEventListRestricted
 .text.xTaskRemoveFromEventList
                0x0000000010002088       0xd8 CMakeFiles/bme280_max_speed.dir/home/analys/nuttxspace/rp2040-freertos/FreeRTOS-Kernel/tasks.c.obj
                0x0000000010002088                xTaskRemoveFromEventList
 .text.vTaskRemoveFromUnorderedEventList
                0x0000000010002160       0x98 CMakeFiles/bme280_max_speed.dir/home/analys/nuttxspace/rp2040-freertos/FreeRTOS-Kernel/tasks.c.obj
                0x0000000010002160                vTaskRemoveFromUnorderedEventList
 .text.vTaskInternalSetTimeOutState
                0x00000000100021f8       0x18 CMakeFiles/bme280_max_speed.dir/home/analys/nuttxspace/rp2040-freertos/FreeRTOS-Kernel/tasks.c.obj
                0x00000000100021f8                vTaskInternalSetTimeOutState
 .text.xTaskCheckForTimeOut
                0x0000000010002210       0x74 CMakeFiles/bme280_max_speed.dir/home/analys/nuttxspace/rp2040-freertos/FreeRTOS-Kernel/tasks.c.obj
                0x0000000010002210                xTaskCheckForTimeOut
 .text.vTaskMissedYield
                0x0000000010002284        0xc CMakeFiles/bme280_max_speed.dir/home/analys/nuttxspace/rp2040-freertos/FreeRTOS-Kernel/tasks.c.obj
                0x0000000010002284                vTaskMissedYield
 .text.xTaskGetCurrentTaskHandle
                0x0000000010002290        0xc CMakeFiles/bme280_max_speed.dir/home/analys/nuttxspace/rp2040-freertos/FreeRTOS-Kernel/tasks.c.obj
                0x0000000010002290                xTaskGetCurrentTaskHandle
 .text.xTaskPriorityInherit
                0x000000001000229c       0x94 CMakeFiles/bme280_max_speed.dir/home/analys/nuttxspace/rp2040-freertos/FreeRTOS-Kernel/tasks.c.obj
                0x000000001000229c                xTaskPriorityInherit
 .text.xTaskPriorityDisinherit
                0x0000000010002330       0x64 CMakeFiles/bme280_max_speed.dir/home/analys/nuttxspace/rp2040-freertos/FreeRTOS-Kernel/tasks.c.obj
                0x0000000010002330                xTaskPriorityDisinherit
 .text.vTaskPriorityDisinheritAfterTimeout
                0x0000000010002394       0x80 CMakeFiles/bme280_max_speed.dir/home/analys/nuttxspace/rp2040-freertos/FreeRTOS-Kernel/tasks.c.obj
                0x0000000010002394                vTaskPriorityDisinheritAfterTimeout
 .text.uxTaskResetEventItemValue
                0x0000000010002414       0x18 CMakeFiles/bme280_max_speed.dir/home/analys/nuttxspace/rp2040-freertos/FreeRTOS-Kernel/tasks.c.obj
                0x0000000010002414                uxTaskResetEventItemValue
 .text.pvTaskIncrementMutexHeldCount
                0x000000001000242c       0x18 CMakeFiles/bme280_max_speed.dir/home/analys/nuttxspace/rp2040-freertos/FreeRTOS-Kernel/tasks.c.obj
                0x000000001000242c                pvTaskIncrementMutexHeldCount
 .text.prvTimerTask
                0x0000000010002444      0x360 CMakeFiles/bme280_max_speed.dir/home/analys/nuttxspace/rp2040-freertos/FreeRTOS-Kernel/timers.c.obj
 .text.xTimerCreateTimerTask
                0x00000000100027a4       0x8c CMakeFiles/bme280_max_speed.dir/home/analys/nuttxspace/rp2040-freertos/FreeRTOS-Kernel/timers.c.obj
                0x00000000100027a4                xTimerCreateTimerTask
 .text.xTimerPendFunctionCallFromISR
                0x0000000010002830       0x28 CMakeFiles/bme280_max_speed.dir/home/analys/nuttxspace/rp2040-freertos/FreeRTOS-Kernel/timers.c.obj
                0x0000000010002830                xTimerPendFunctionCallFromISR
 .text.exception_set_exclusive_handler
                0x0000000010002858       0x48 CMakeFiles/bme280_max_speed.dir/home/analys/nuttxspace/pico-sdk/src/rp2_common/hardware_exception/exception.c.obj
                0x0000000010002858                exception_set_exclusive_handler
 .text.running_on_fpga
                0x00000000100028a0       0x10 CMakeFiles/bme280_max_speed.dir/home/analys/nuttxspace/pico-sdk/src/rp2_common/pico_platform/platform.c.obj
                0x00000000100028a0                running_on_fpga
 .text.hw_claim_or_assert
                0x00000000100028b0       0x48 CMakeFiles/bme280_max_speed.dir/home/analys/nuttxspace/pico-sdk/src/rp2_common/hardware_claim/claim.c.obj
                0x00000000100028b0                hw_claim_or_assert
 .text.hw_claim_unused_from_range
                0x00000000100028f8       0x9c CMakeFiles/bme280_max_speed.dir/home/analys/nuttxspace/pico-sdk/src/rp2_common/hardware_claim/claim.c.obj
                0x00000000100028f8                hw_claim_unused_from_range
 .text.hw_claim_clear
                0x0000000010002994       0x38 CMakeFiles/bme280_max_speed.dir/home/analys/nuttxspace/pico-sdk/src/rp2_common/hardware_claim/claim.c.obj
                0x0000000010002994                hw_claim_clear
 .text.spin_locks_reset
                0x00000000100029cc       0x1c CMakeFiles/bme280_max_speed.dir/home/analys/nuttxspace/pico-sdk/src/rp2_common/hardware_sync/sync.c.obj
                0x00000000100029cc                spin_locks_reset
 .text.next_striped_spin_lock_num
                0x00000000100029e8       0x18 CMakeFiles/bme280_max_speed.dir/home/analys/nuttxspace/pico-sdk/src/rp2_common/hardware_sync/sync.c.obj
                0x00000000100029e8                next_striped_spin_lock_num
 .text.pvPortMalloc
                0x0000000010002a00       0x80 CMakeFiles/bme280_max_speed.dir/home/analys/nuttxspace/rp2040-freertos/FreeRTOS-Kernel/portable/MemMang/heap_1.c.obj
                0x0000000010002a00                pvPortMalloc
 .text.vPortFree
                0x0000000010002a80        0x4 CMakeFiles/bme280_max_speed.dir/home/analys/nuttxspace/rp2040-freertos/FreeRTOS-Kernel/portable/MemMang/heap_1.c.obj
                0x0000000010002a80                vPortFree
 .text.gpio_set_function
                0x0000000010002a84       0x30 CMakeFiles/bme280_max_speed.dir/home/analys/nuttxspace/pico-sdk/src/rp2_common/hardware_gpio/gpio.c.obj
                0x0000000010002a84                gpio_set_function
 .text.gpio_set_pulls
                0x0000000010002ab4       0x30 CMakeFiles/bme280_max_speed.dir/home/analys/nuttxspace/pico-sdk/src/rp2_common/hardware_gpio/gpio.c.obj
                0x0000000010002ab4                gpio_set_pulls
 .text.gpio_init
                0x0000000010002ae4       0x3c CMakeFiles/bme280_max_speed.dir/home/analys/nuttxspace/pico-sdk/src/rp2_common/hardware_gpio/gpio.c.obj
                0x0000000010002ae4                gpio_init
 .text.irq_set_enabled
                0x0000000010002b20       0x24 CMakeFiles/bme280_max_speed.dir/home/analys/nuttxspace/pico-sdk/src/rp2_common/hardware_irq/irq.c.obj
                0x0000000010002b20                irq_set_enabled
 .text.irq_get_vtable_handler
                0x0000000010002b44       0x10 CMakeFiles/bme280_max_speed.dir/home/analys/nuttxspace/pico-sdk/src/rp2_common/hardware_irq/irq.c.obj
                0x0000000010002b44                irq_get_vtable_handler
 .text.irq_set_exclusive_handler
                0x0000000010002b54       0x54 CMakeFiles/bme280_max_speed.dir/home/analys/nuttxspace/pico-sdk/src/rp2_common/hardware_irq/irq.c.obj
                0x0000000010002b54                irq_set_exclusive_handler
 .text.irq_remove_handler
                0x0000000010002ba8      0x1b4 CMakeFiles/bme280_max_speed.dir/home/analys/nuttxspace/pico-sdk/src/rp2_common/hardware_irq/irq.c.obj
                0x0000000010002ba8                irq_remove_handler
 .text.irq_add_tail_to_free_list
                0x0000000010002d5c       0xb4 CMakeFiles/bme280_max_speed.dir/home/analys/nuttxspace/pico-sdk/src/rp2_common/hardware_irq/irq.c.obj
                0x0000000010002d5c                irq_add_tail_to_free_list
 .text.irq_init_priorities
                0x0000000010002e10       0x24 CMakeFiles/bme280_max_speed.dir/home/analys/nuttxspace/pico-sdk/src/rp2_common/hardware_irq/irq.c.obj
                0x0000000010002e10                irq_init_priorities
 .text.lock_init
                0x0000000010002e34       0x10 CMakeFiles/bme280_max_speed.dir/home/analys/nuttxspace/pico-sdk/src/common/pico_sync/lock_core.c.obj
                0x0000000010002e34                lock_init
 .text.mutex_init
                0x0000000010002e44       0x1c CMakeFiles/bme280_max_speed.dir/home/analys/nuttxspace/pico-sdk/src/common/pico_sync/mutex.c.obj
                0x0000000010002e44                mutex_init
 .text.recursive_mutex_init
                0x0000000010002e60       0x20 CMakeFiles/bme280_max_speed.dir/home/analys/nuttxspace/pico-sdk/src/common/pico_sync/mutex.c.obj
                0x0000000010002e60                recursive_mutex_init
 .text.timer_pool_entry_comparator
                0x0000000010002e80       0x34 CMakeFiles/bme280_max_speed.dir/home/analys/nuttxspace/pico-sdk/src/common/pico_time/time.c.obj
                0x0000000010002e80                timer_pool_entry_comparator
 .text.sleep_until_callback
                0x0000000010002eb4       0x24 CMakeFiles/bme280_max_speed.dir/home/analys/nuttxspace/pico-sdk/src/common/pico_time/time.c.obj
 .text.add_alarm_under_lock
                0x0000000010002ed8      0x108 CMakeFiles/bme280_max_speed.dir/home/analys/nuttxspace/pico-sdk/src/common/pico_time/time.c.obj
 .text.alarm_pool_alarm_callback
                0x0000000010002fe0      0x1bc CMakeFiles/bme280_max_speed.dir/home/analys/nuttxspace/pico-sdk/src/common/pico_time/time.c.obj
 .text.alarm_pool_init_default
                0x000000001000319c       0x6c CMakeFiles/bme280_max_speed.dir/home/analys/nuttxspace/pico-sdk/src/common/pico_time/time.c.obj
                0x000000001000319c                alarm_pool_init_default
 .text.alarm_pool_add_alarm_at
                0x0000000010003208      0x18c CMakeFiles/bme280_max_speed.dir/home/analys/nuttxspace/pico-sdk/src/common/pico_time/time.c.obj
                0x0000000010003208                alarm_pool_add_alarm_at
 .text.best_effort_wfe_or_timeout
                0x0000000010003394       0xd4 CMakeFiles/bme280_max_speed.dir/home/analys/nuttxspace/pico-sdk/src/common/pico_time/time.c.obj
                0x0000000010003394                best_effort_wfe_or_timeout
 .text.hardware_alarm_irq_handler
                0x0000000010003468       0xbc CMakeFiles/bme280_max_speed.dir/home/analys/nuttxspace/pico-sdk/src/rp2_common/hardware_timer/timer.c.obj
 .text.hardware_alarm_claim
                0x0000000010003524       0x18 CMakeFiles/bme280_max_speed.dir/home/analys/nuttxspace/pico-sdk/src/rp2_common/hardware_timer/timer.c.obj
                0x0000000010003524                hardware_alarm_claim
 .text.time_us_64
                0x000000001000353c       0x14 CMakeFiles/bme280_max_speed.dir/home/analys/nuttxspace/pico-sdk/src/rp2_common/hardware_timer/timer.c.obj
                0x000000001000353c                time_us_64
 .text.busy_wait_us
                0x0000000010003550       0x54 CMakeFiles/bme280_max_speed.dir/home/analys/nuttxspace/pico-sdk/src/rp2_common/hardware_timer/timer.c.obj
                0x0000000010003550                busy_wait_us
 .text.hardware_alarm_set_callback
                0x00000000100035a4       0x8c CMakeFiles/bme280_max_speed.dir/home/analys/nuttxspace/pico-sdk/src/rp2_common/hardware_timer/timer.c.obj
                0x00000000100035a4                hardware_alarm_set_callback
 .text.hardware_alarm_set_target
                0x0000000010003630       0xd4 CMakeFiles/bme280_max_speed.dir/home/analys/nuttxspace/pico-sdk/src/rp2_common/hardware_timer/timer.c.obj
                0x0000000010003630                hardware_alarm_set_target
 .text.hardware_alarm_cancel
                0x0000000010003704       0x40 CMakeFiles/bme280_max_speed.dir/home/analys/nuttxspace/pico-sdk/src/rp2_common/hardware_timer/timer.c.obj
                0x0000000010003704                hardware_alarm_cancel
 .text.ph_merge_nodes
                0x0000000010003744       0x68 CMakeFiles/bme280_max_speed.dir/home/analys/nuttxspace/pico-sdk/src/common/pico_util/pheap.c.obj
 .text.ph_post_alloc_init
                0x00000000100037ac       0x3c CMakeFiles/bme280_max_speed.dir/home/analys/nuttxspace/pico-sdk/src/common/pico_util/pheap.c.obj
                0x00000000100037ac                ph_post_alloc_init
 .text.ph_merge_two_pass
                0x00000000100037e8       0x90 CMakeFiles/bme280_max_speed.dir/home/analys/nuttxspace/pico-sdk/src/common/pico_util/pheap.c.obj
                0x00000000100037e8                ph_merge_two_pass
 .text.ph_remove_any_head
                0x0000000010003878      0x100 CMakeFiles/bme280_max_speed.dir/home/analys/nuttxspace/pico-sdk/src/common/pico_util/pheap.c.obj
 .text.ph_remove_head
                0x0000000010003978      0x144 CMakeFiles/bme280_max_speed.dir/home/analys/nuttxspace/pico-sdk/src/common/pico_util/pheap.c.obj
                0x0000000010003978                ph_remove_head
 .text.ph_remove_and_free_node
                0x0000000010003abc       0x7c CMakeFiles/bme280_max_speed.dir/home/analys/nuttxspace/pico-sdk/src/common/pico_util/pheap.c.obj
                0x0000000010003abc                ph_remove_and_free_node
 .text.uart_init
                0x0000000010003b38      0x188 CMakeFiles/bme280_max_speed.dir/home/analys/nuttxspace/pico-sdk/src/rp2_common/hardware_uart/uart.c.obj
                0x0000000010003b38                uart_init
 .text.clocks_init
                0x0000000010003cc0      0x2d0 CMakeFiles/bme280_max_speed.dir/home/analys/nuttxspace/pico-sdk/src/rp2_common/hardware_clocks/clocks.c.obj
                0x0000000010003cc0                clocks_init
 .text.clock_get_hz
                0x0000000010003f90        0xc CMakeFiles/bme280_max_speed.dir/home/analys/nuttxspace/pico-sdk/src/rp2_common/hardware_clocks/clocks.c.obj
                0x0000000010003f90                clock_get_hz
 .text.frequency_count_khz
                0x0000000010003f9c       0x48 CMakeFiles/bme280_max_speed.dir/home/analys/nuttxspace/pico-sdk/src/rp2_common/hardware_clocks/clocks.c.obj
                0x0000000010003f9c                frequency_count_khz
 .text.pll_init
                0x0000000010003fe4       0xa0 CMakeFiles/bme280_max_speed.dir/home/analys/nuttxspace/pico-sdk/src/rp2_common/hardware_pll/pll.c.obj
                0x0000000010003fe4                pll_init
 .text.watchdog_start_tick
                0x0000000010004084       0x10 CMakeFiles/bme280_max_speed.dir/home/analys/nuttxspace/pico-sdk/src/rp2_common/hardware_watchdog/watchdog.c.obj
                0x0000000010004084                watchdog_start_tick
 .text.xosc_init
                0x0000000010004094       0x28 CMakeFiles/bme280_max_speed.dir/home/analys/nuttxspace/pico-sdk/src/rp2_common/hardware_xosc/xosc.c.obj
                0x0000000010004094                xosc_init
 .text.runtime_init
                0x00000000100040bc       0xf0 CMakeFiles/bme280_max_speed.dir/home/analys/nuttxspace/pico-sdk/src/rp2_common/pico_runtime/runtime.c.obj
                0x00000000100040bc                runtime_init
 .text._exit    0x00000000100041ac        0x4 CMakeFiles/bme280_max_speed.dir/home/analys/nuttxspace/pico-sdk/src/rp2_common/pico_runtime/runtime.c.obj
                0x00000000100041ac                _exit
 .text.exit     0x00000000100041b0        0x8 CMakeFiles/bme280_max_speed.dir/home/analys/nuttxspace/pico-sdk/src/rp2_common/pico_runtime/runtime.c.obj
                0x00000000100041b0                exit
 .text.panic    0x00000000100041b8       0x30 CMakeFiles/bme280_max_speed.dir/home/analys/nuttxspace/pico-sdk/src/rp2_common/pico_runtime/runtime.c.obj
                0x00000000100041b8                panic
 .text.panic_unsupported
                0x00000000100041e8        0xc CMakeFiles/bme280_max_speed.dir/home/analys/nuttxspace/pico-sdk/src/rp2_common/pico_runtime/runtime.c.obj
                0x00000000100041e8                panic_unsupported
 .text.hard_assertion_failure
                0x00000000100041f4        0xc CMakeFiles/bme280_max_speed.dir/home/analys/nuttxspace/pico-sdk/src/rp2_common/pico_runtime/runtime.c.obj
                0x00000000100041f4                hard_assertion_failure
 .text._out_null
                0x0000000010004200        0x4 CMakeFiles/bme280_max_speed.dir/home/analys/nuttxspace/pico-sdk/src/rp2_common/pico_printf/printf.c.obj
 .text._out_rev
                0x0000000010004204       0xd0 CMakeFiles/bme280_max_speed.dir/home/analys/nuttxspace/pico-sdk/src/rp2_common/pico_printf/printf.c.obj
 .text._ntoa_format
                0x00000000100042d4      0x1d0 CMakeFiles/bme280_max_speed.dir/home/analys/nuttxspace/pico-sdk/src/rp2_common/pico_printf/printf.c.obj
 .text._out_char
                0x00000000100044a4       0x10 CMakeFiles/bme280_max_speed.dir/home/analys/nuttxspace/pico-sdk/src/rp2_common/pico_printf/printf.c.obj
 .text._out_fct
                0x00000000100044b4       0x10 CMakeFiles/bme280_max_speed.dir/home/analys/nuttxspace/pico-sdk/src/rp2_common/pico_printf/printf.c.obj
 .text._etoa    0x00000000100044c4      0x478 CMakeFiles/bme280_max_speed.dir/home/analys/nuttxspace/pico-sdk/src/rp2_common/pico_printf/printf.c.obj
 .text._ftoa    0x000000001000493c      0x3e0 CMakeFiles/bme280_max_speed.dir/home/analys/nuttxspace/pico-sdk/src/rp2_common/pico_printf/printf.c.obj
 .text._vsnprintf
                0x0000000010004d1c      0xb08 CMakeFiles/bme280_max_speed.dir/home/analys/nuttxspace/pico-sdk/src/rp2_common/pico_printf/printf.c.obj
 .text.vfctprintf
                0x0000000010005824       0x20 CMakeFiles/bme280_max_speed.dir/home/analys/nuttxspace/pico-sdk/src/rp2_common/pico_printf/printf.c.obj
                0x0000000010005824                vfctprintf
 .text.weak_raw_vprintf
                0x0000000010005844       0x30 CMakeFiles/bme280_max_speed.dir/home/analys/nuttxspace/pico-sdk/src/rp2_common/pico_printf/printf.c.obj
                0x0000000010005844                weak_raw_vprintf
 .text          0x0000000010005874       0x10 CMakeFiles/bme280_max_speed.dir/home/analys/nuttxspace/pico-sdk/src/rp2_common/pico_bit_ops/bit_ops_aeabi.S.obj
 .text.rom_func_lookup
                0x0000000010005884       0x10 CMakeFiles/bme280_max_speed.dir/home/analys/nuttxspace/pico-sdk/src/rp2_common/pico_bootrom/bootrom.c.obj
                0x0000000010005884                rom_func_lookup
 .text.rom_data_lookup
                0x0000000010005894       0x10 CMakeFiles/bme280_max_speed.dir/home/analys/nuttxspace/pico-sdk/src/rp2_common/pico_bootrom/bootrom.c.obj
                0x0000000010005894                rom_data_lookup
 .text.rom_funcs_lookup
                0x00000000100058a4       0x3c CMakeFiles/bme280_max_speed.dir/home/analys/nuttxspace/pico-sdk/src/rp2_common/pico_bootrom/bootrom.c.obj
                0x00000000100058a4                rom_funcs_lookup
 .text.__wrap___aeabi_idiv
                0x00000000100058e0       0x50 CMakeFiles/bme280_max_speed.dir/home/analys/nuttxspace/pico-sdk/src/rp2_common/pico_divider/divider.S.obj
                0x00000000100058e0                __wrap___aeabi_idivmod
                0x00000000100058e0                divmod_s32s32
                0x00000000100058e0                div_s32s32
                0x00000000100058e0                __wrap___aeabi_idiv
                0x00000000100058e8                divmod_s32s32_unsafe
                0x0000000010005914                divmod_s32s32_savestate
 .text.__wrap___aeabi_uidiv
                0x0000000010005930       0x4c CMakeFiles/bme280_max_speed.dir/home/analys/nuttxspace/pico-sdk/src/rp2_common/pico_divider/divider.S.obj
                0x0000000010005930                __wrap___aeabi_uidiv
                0x0000000010005930                __wrap___aeabi_uidivmod
                0x0000000010005930                div_u32u32
                0x0000000010005930                divmod_u32u32
                0x0000000010005938                divmod_u32u32_unsafe
                0x0000000010005960                divmod_u32u32_savestate
 .text.__wrap___aeabi_ldiv
                0x000000001000597c      0x424 CMakeFiles/bme280_max_speed.dir/home/analys/nuttxspace/pico-sdk/src/rp2_common/pico_divider/divider.S.obj
                0x000000001000597c                div_s64s64
                0x000000001000597c                divmod_s64s64
                0x000000001000597c                __wrap___aeabi_ldivmod
                0x00000000100059ac                div_u64u64
                0x00000000100059ac                divmod_u64u64
                0x00000000100059ac                __wrap___aeabi_uldivmod
                0x00000000100059bc                divmod_u64u64_savestate
                0x00000000100059dc                divmod_s64s64_unsafe
                0x0000000010005a64                divmod_u64u64_unsafe
 .text.__wrap___aeabi_darithmetic
                0x0000000010005da0       0x80 CMakeFiles/bme280_max_speed.dir/home/analys/nuttxspace/pico-sdk/src/rp2_common/pico_double/double_aeabi.S.obj
                0x0000000010005da0                __wrap___aeabi_drsub
                0x0000000010005da6                __wrap___aeabi_dsub
                0x0000000010005db8                __wrap___aeabi_dadd
                0x0000000010005dca                __wrap___aeabi_ddiv
                0x0000000010005e06                __wrap___aeabi_dmul
 .text.__wrap___aeabi_cdcmple
                0x0000000010005e20       0x6c CMakeFiles/bme280_max_speed.dir/home/analys/nuttxspace/pico-sdk/src/rp2_common/pico_double/double_aeabi.S.obj
                0x0000000010005e20                __wrap___aeabi_cdrcmple
                0x0000000010005e30                __wrap___aeabi_cdcmple
                0x0000000010005e30                __wrap___aeabi_cdcmpeq
 .text.__wrap___aeabi_dcmplt
                0x0000000010005e8c        0xc CMakeFiles/bme280_max_speed.dir/home/analys/nuttxspace/pico-sdk/src/rp2_common/pico_double/double_aeabi.S.obj
                0x0000000010005e8c                __wrap___aeabi_dcmplt
 .text.__wrap___aeabi_dcmple
                0x0000000010005e98       0x10 CMakeFiles/bme280_max_speed.dir/home/analys/nuttxspace/pico-sdk/src/rp2_common/pico_double/double_aeabi.S.obj
                0x0000000010005e98                __wrap___aeabi_dcmple
 .text.__wrap___aeabi_dcmpge
                0x0000000010005ea8       0x10 CMakeFiles/bme280_max_speed.dir/home/analys/nuttxspace/pico-sdk/src/rp2_common/pico_double/double_aeabi.S.obj
                0x0000000010005ea8                __wrap___aeabi_dcmpge
 .text.__wrap___aeabi_dcmpgt
                0x0000000010005eb8        0xa CMakeFiles/bme280_max_speed.dir/home/analys/nuttxspace/pico-sdk/src/rp2_common/pico_double/double_aeabi.S.obj
                0x0000000010005eb8                __wrap___aeabi_dcmpgt
 .text.__wrap___aeabi_dcmpun
                0x0000000010005ec2       0x1c CMakeFiles/bme280_max_speed.dir/home/analys/nuttxspace/pico-sdk/src/rp2_common/pico_double/double_aeabi.S.obj
                0x0000000010005ec2                __wrap___aeabi_dcmpun
 *fill*         0x0000000010005ede        0x2 
 .text.__wrap___aeabi_i2d
                0x0000000010005ee0       0x38 CMakeFiles/bme280_max_speed.dir/home/analys/nuttxspace/pico-sdk/src/rp2_common/pico_double/double_aeabi.S.obj
                0x0000000010005ee0                __wrap___aeabi_ui2d
                0x0000000010005ee8                __wrap___aeabi_i2d
 .text.__wrap___aeabi_d2iz
                0x0000000010005f18       0x48 CMakeFiles/bme280_max_speed.dir/home/analys/nuttxspace/pico-sdk/src/rp2_common/pico_double/double_aeabi.S.obj
                0x0000000010005f18                __wrap___aeabi_d2iz
                0x0000000010005f18                double2int_z
 .text.__wrap___aeabi_d2uiz
                0x0000000010005f60       0x18 CMakeFiles/bme280_max_speed.dir/home/analys/nuttxspace/pico-sdk/src/rp2_common/pico_double/double_aeabi.S.obj
                0x0000000010005f60                double2uint
                0x0000000010005f60                __wrap___aeabi_d2uiz
 .text.__aeabi_double_init
                0x0000000010005f78       0xc0 CMakeFiles/bme280_max_speed.dir/home/analys/nuttxspace/pico-sdk/src/rp2_common/pico_double/double_init_rom.c.obj
                0x0000000010005f78                __aeabi_double_init
 .text.double_table_shim_on_use_helper
                0x0000000010006038       0x2c CMakeFiles/bme280_max_speed.dir/home/analys/nuttxspace/pico-sdk/src/rp2_common/pico_double/double_v1_rom_shim.S.obj
                0x0000000010006038                double_table_shim_on_use_helper
 .text.__wrap___aeabi_dsub
                0x0000000010006064       0x10 CMakeFiles/bme280_max_speed.dir/home/analys/nuttxspace/pico-sdk/src/rp2_common/pico_double/double_v1_rom_shim.S.obj
                0x0000000010006064                drsub_shim
                0x000000001000606a                dsub_shim
 .text.dadd_shim
                0x0000000010006074      0x15c CMakeFiles/bme280_max_speed.dir/home/analys/nuttxspace/pico-sdk/src/rp2_common/pico_double/double_v1_rom_shim.S.obj
                0x0000000010006074                dadd_shim
 .text.dmul_shim
                0x00000000100061d0      0x15c CMakeFiles/bme280_max_speed.dir/home/analys/nuttxspace/pico-sdk/src/rp2_common/pico_double/double_v1_rom_shim.S.obj
                0x00000000100061d0                dmul_shim
 .text.ddiv_shim
                0x000000001000632c      0x1b0 CMakeFiles/bme280_max_speed.dir/home/analys/nuttxspace/pico-sdk/src/rp2_common/pico_double/double_v1_rom_shim.S.obj
                0x000000001000632c                ddiv_shim
 .text.double2uint_shim
                0x00000000100064dc        0xe CMakeFiles/bme280_max_speed.dir/home/analys/nuttxspace/pico-sdk/src/rp2_common/pico_double/double_v1_rom_shim.S.obj
                0x00000000100064dc                double2uint_shim
                0x00000000100064de                double2ufix_shim
 *fill*         0x00000000100064ea        0x2 
 .text.double2uint64_shim
                0x00000000100064ec       0x70 CMakeFiles/bme280_max_speed.dir/home/analys/nuttxspace/pico-sdk/src/rp2_common/pico_double/double_v1_rom_shim.S.obj
                0x00000000100064ec                double2uint64_shim
                0x00000000100064ee                double2ufix64_shim
                0x000000001000650e                d2fix_a
 .text.dunpacks
                0x000000001000655c       0x3c CMakeFiles/bme280_max_speed.dir/home/analys/nuttxspace/pico-sdk/src/rp2_common/pico_double/double_v1_rom_shim.S.obj
                0x000000001000655c                dunpacks
 .text.__aeabi_float_init
                0x0000000010006598       0x64 CMakeFiles/bme280_max_speed.dir/home/analys/nuttxspace/pico-sdk/src/rp2_common/pico_float/float_init_rom.c.obj
                0x0000000010006598                __aeabi_float_init
 .text.float_table_shim_on_use_helper
                0x00000000100065fc       0x2c CMakeFiles/bme280_max_speed.dir/home/analys/nuttxspace/pico-sdk/src/rp2_common/pico_float/float_v1_rom_shim.S.obj
                0x00000000100065fc                float_table_shim_on_use_helper
 .text          0x0000000010006628       0x10 CMakeFiles/bme280_max_speed.dir/home/analys/nuttxspace/pico-sdk/src/rp2_common/pico_mem_ops/mem_ops_aeabi.S.obj
                0x0000000010006628                __aeabi_mem_init
 .text.memset   0x0000000010006638        0xc CMakeFiles/bme280_max_speed.dir/home/analys/nuttxspace/pico-sdk/src/rp2_common/pico_mem_ops/mem_ops_aeabi.S.obj
                0x0000000010006638                __wrap_memset
 .text.memcpy   0x0000000010006644        0xc CMakeFiles/bme280_max_speed.dir/home/analys/nuttxspace/pico-sdk/src/rp2_common/pico_mem_ops/mem_ops_aeabi.S.obj
                0x0000000010006644                __wrap___aeabi_memcpy
                0x0000000010006644                __wrap_memcpy
 .text.stdio_out_chars_no_crlf
                0x0000000010006650       0x10 CMakeFiles/bme280_max_speed.dir/home/analys/nuttxspace/pico-sdk/src/rp2_common/pico_stdio/stdio.c.obj
 .text.stdio_out_chars_crlf
                0x0000000010006660       0x94 CMakeFiles/bme280_max_speed.dir/home/analys/nuttxspace/pico-sdk/src/rp2_common/pico_stdio/stdio.c.obj
 .text.stdio_buffered_printer
                0x00000000100066f4       0x64 CMakeFiles/bme280_max_speed.dir/home/analys/nuttxspace/pico-sdk/src/rp2_common/pico_stdio/stdio.c.obj
 .text.stdio_put_string
                0x0000000010006758      0x104 CMakeFiles/bme280_max_speed.dir/home/analys/nuttxspace/pico-sdk/src/rp2_common/pico_stdio/stdio.c.obj
 .text.__wrap_putchar
                0x000000001000685c       0x98 CMakeFiles/bme280_max_speed.dir/home/analys/nuttxspace/pico-sdk/src/rp2_common/pico_stdio/stdio.c.obj
                0x000000001000685c                __wrap_putchar
 .text.__wrap_puts
                0x00000000100068f4       0x3c CMakeFiles/bme280_max_speed.dir/home/analys/nuttxspace/pico-sdk/src/rp2_common/pico_stdio/stdio.c.obj
                0x00000000100068f4                __wrap_puts
 .text.stdio_set_driver_enabled
                0x0000000010006930       0x30 CMakeFiles/bme280_max_speed.dir/home/analys/nuttxspace/pico-sdk/src/rp2_common/pico_stdio/stdio.c.obj
                0x0000000010006930                stdio_set_driver_enabled
 .text.__wrap_vprintf
                0x0000000010006960       0xd8 CMakeFiles/bme280_max_speed.dir/home/analys/nuttxspace/pico-sdk/src/rp2_common/pico_stdio/stdio.c.obj
                0x0000000010006960                __wrap_vprintf
 .text.stdio_init_all
                0x0000000010006a38        0xc CMakeFiles/bme280_max_speed.dir/home/analys/nuttxspace/pico-sdk/src/rp2_common/pico_stdio/stdio.c.obj
                0x0000000010006a38                stdio_init_all
 .text.stdio_uart_out_chars
                0x0000000010006a44       0x4c CMakeFiles/bme280_max_speed.dir/home/analys/nuttxspace/pico-sdk/src/rp2_common/pico_stdio_uart/stdio_uart.c.obj
 .text.stdio_uart_in_chars
                0x0000000010006a90       0x84 CMakeFiles/bme280_max_speed.dir/home/analys/nuttxspace/pico-sdk/src/rp2_common/pico_stdio_uart/stdio_uart.c.obj
                0x0000000010006a90                stdio_uart_in_chars
 .text.on_uart_rx
                0x0000000010006b14       0x28 CMakeFiles/bme280_max_speed.dir/home/analys/nuttxspace/pico-sdk/src/rp2_common/pico_stdio_uart/stdio_uart.c.obj
 .text.stdio_uart_set_chars_available_callback
                0x0000000010006b3c       0x8c CMakeFiles/bme280_max_speed.dir/home/analys/nuttxspace/pico-sdk/src/rp2_common/pico_stdio_uart/stdio_uart.c.obj
 .text.stdio_uart_init
                0x0000000010006bc8       0x48 CMakeFiles/bme280_max_speed.dir/home/analys/nuttxspace/pico-sdk/src/rp2_common/pico_stdio_uart/stdio_uart.c.obj
                0x0000000010006bc8                stdio_uart_init
 .text.i2c1_dma_irq_handler
                0x0000000010006c10       0x60 CMakeFiles/bme280_max_speed.dir/__/__/src/i2c_dma.c.obj
 .text.i2c_dma_init_intern
                0x0000000010006c70      0x130 CMakeFiles/bme280_max_speed.dir/__/__/src/i2c_dma.c.obj
 .text.i2c0_dma_irq_handler
                0x0000000010006da0       0x4c CMakeFiles/bme280_max_speed.dir/__/__/src/i2c_dma.c.obj
 .text.i2c_dma_init
                0x0000000010006dec       0x84 CMakeFiles/bme280_max_speed.dir/__/__/src/i2c_dma.c.obj
                0x0000000010006dec                i2c_dma_init
 .text.i2c_dma_write_read
                0x0000000010006e70      0x358 CMakeFiles/bme280_max_speed.dir/__/__/src/i2c_dma.c.obj
                0x0000000010006e70                i2c_dma_write_read
 .text.dma_channel_unclaim
                0x00000000100071c8       0x10 CMakeFiles/bme280_max_speed.dir/home/analys/nuttxspace/pico-sdk/src/rp2_common/hardware_dma/dma.c.obj
                0x00000000100071c8                dma_channel_unclaim
 .text.dma_claim_unused_channel
                0x00000000100071d8       0x20 CMakeFiles/bme280_max_speed.dir/home/analys/nuttxspace/pico-sdk/src/rp2_common/hardware_dma/dma.c.obj
                0x00000000100071d8                dma_claim_unused_channel
 .text.i2c_set_baudrate
                0x00000000100071f8       0xc4 CMakeFiles/bme280_max_speed.dir/home/analys/nuttxspace/pico-sdk/src/rp2_common/hardware_i2c/i2c.c.obj
                0x00000000100071f8                i2c_set_baudrate
 .text.i2c_init
                0x00000000100072bc       0x54 CMakeFiles/bme280_max_speed.dir/home/analys/nuttxspace/pico-sdk/src/rp2_common/hardware_i2c/i2c.c.obj
                0x00000000100072bc                i2c_init
 .text.vApplicationMallocFailedHook
                0x0000000010007310        0x4 CMakeFiles/bme280_max_speed.dir/__/common/freertos_hooks.c.obj
                0x0000000010007310                vApplicationMallocFailedHook
 .text.vApplicationStackOverflowHook
                0x0000000010007314        0x4 CMakeFiles/bme280_max_speed.dir/__/common/freertos_hooks.c.obj
                0x0000000010007314                vApplicationStackOverflowHook
 .text.vApplicationTickHook
                0x0000000010007318        0x4 CMakeFiles/bme280_max_speed.dir/__/common/freertos_hooks.c.obj
                0x0000000010007318                vApplicationTickHook
 .text.mprintf  0x000000001000731c       0x54 CMakeFiles/bme280_max_speed.dir/__/common/mprintf.c.obj
                0x000000001000731c                mprintf
 .text          0x0000000010007370       0x68 /usr/lib/gcc/arm-none-eabi/9.2.1/../../../arm-none-eabi/lib/thumb/v6-m/nofp/libc.a(lib_a-strlen-stub.o)
                0x0000000010007370                strlen
 *(.fini)
 .fini          0x00000000100073d8        0x4 /usr/lib/gcc/arm-none-eabi/9.2.1/thumb/v6-m/nofp/crti.o
                0x00000000100073d8                _fini
 *fill*         0x00000000100073dc        0x4 
 .fini.__stub   0x00000000100073e0       0x40 linker stubs
 *crtbegin.o(.ctors)
 *crtbegin?.o(.ctors)
 *(EXCLUDE_FILE(*crtend.o *crtend?.o) .ctors)
 *(SORT_BY_NAME(.ctors.*))
 *(.ctors)
 *crtbegin.o(.dtors)
 *crtbegin?.o(.dtors)
 *(EXCLUDE_FILE(*crtend.o *crtend?.o) .dtors)
 *(SORT_BY_NAME(.dtors.*))
 *(.dtors)
 *(.eh_frame*)
 .eh_frame      0x0000000010007420        0x0 /usr/lib/gcc/arm-none-eabi/9.2.1/thumb/v6-m/nofp/crtbegin.o
                0x0000000010007420                . = ALIGN (0x4)

.glue_7         0x0000000010007420        0x0
 .glue_7        0x0000000010007420        0x0 linker stubs

.glue_7t        0x0000000010007420        0x0
 .glue_7t       0x0000000010007420        0x0 linker stubs

.vfp11_veneer   0x0000000010007420        0x0
 .vfp11_veneer  0x0000000010007420        0x0 linker stubs

.v4_bx          0x0000000010007420        0x0
 .v4_bx         0x0000000010007420        0x0 linker stubs

.iplt           0x0000000010007420        0x0
 .iplt          0x0000000010007420        0x0 /usr/lib/gcc/arm-none-eabi/9.2.1/thumb/v6-m/nofp/crtbegin.o

.rodata         0x0000000010007420      0x440
 *(EXCLUDE_FILE(*libm.a: *libc.a:*lib_a-mem*.o *libgcc.a:) .rodata*)
 .rodata.waste_time_task.str1.4
                0x0000000010007420       0x19 CMakeFiles/bme280_max_speed.dir/main.c.obj
 *fill*         0x0000000010007439        0x3 
 .rodata.bme280_task.str1.4
                0x000000001000743c       0x40 CMakeFiles/bme280_max_speed.dir/main.c.obj
 .rodata.main.str1.4
                0x000000001000747c       0x44 CMakeFiles/bme280_max_speed.dir/main.c.obj
 .rodata.prvTimerTask
                0x00000000100074c0       0x28 CMakeFiles/bme280_max_speed.dir/home/analys/nuttxspace/rp2040-freertos/FreeRTOS-Kernel/timers.c.obj
 .rodata.xTimerCreateTimerTask.str1.4
                0x00000000100074e8       0x10 CMakeFiles/bme280_max_speed.dir/home/analys/nuttxspace/rp2040-freertos/FreeRTOS-Kernel/timers.c.obj
 .rodata.hardware_alarm_claim.str1.4
                0x00000000100074f8       0x22 CMakeFiles/bme280_max_speed.dir/home/analys/nuttxspace/pico-sdk/src/rp2_common/hardware_timer/timer.c.obj
 *fill*         0x000000001000751a        0x2 
 .rodata.panic.str1.4
                0x000000001000751c       0x10 CMakeFiles/bme280_max_speed.dir/home/analys/nuttxspace/pico-sdk/src/rp2_common/pico_runtime/runtime.c.obj
                                         0x12 (size before relaxing)
 .rodata.panic_unsupported.str1.4
                0x000000001000752c        0xe CMakeFiles/bme280_max_speed.dir/home/analys/nuttxspace/pico-sdk/src/rp2_common/pico_runtime/runtime.c.obj
 *fill*         0x000000001000753a        0x2 
 .rodata.hard_assertion_failure.str1.4
                0x000000001000753c        0xc CMakeFiles/bme280_max_speed.dir/home/analys/nuttxspace/pico-sdk/src/rp2_common/pico_runtime/runtime.c.obj
 .rodata._ftoa.str1.4
                0x0000000010007548       0x15 CMakeFiles/bme280_max_speed.dir/home/analys/nuttxspace/pico-sdk/src/rp2_common/pico_printf/printf.c.obj
 *fill*         0x000000001000755d        0x3 
 .rodata._vsnprintf
                0x0000000010007560      0x1e0 CMakeFiles/bme280_max_speed.dir/home/analys/nuttxspace/pico-sdk/src/rp2_common/pico_printf/printf.c.obj
 .rodata.pow10.5475
                0x0000000010007740       0x50 CMakeFiles/bme280_max_speed.dir/home/analys/nuttxspace/pico-sdk/src/rp2_common/pico_printf/printf.c.obj
 .rodata.str1.4
                0x0000000010007790       0x48 CMakeFiles/bme280_max_speed.dir/home/analys/nuttxspace/pico-sdk/src/rp2_common/pico_standard_link/binary_info.c.obj
 .rodata.__bi_44
                0x00000000100077d8        0xc CMakeFiles/bme280_max_speed.dir/home/analys/nuttxspace/pico-sdk/src/rp2_common/pico_standard_link/binary_info.c.obj
 .rodata.__bi_75
                0x00000000100077e4        0xc CMakeFiles/bme280_max_speed.dir/home/analys/nuttxspace/pico-sdk/src/rp2_common/pico_standard_link/binary_info.c.obj
 .rodata.__bi_81
                0x00000000100077f0        0xc CMakeFiles/bme280_max_speed.dir/home/analys/nuttxspace/pico-sdk/src/rp2_common/pico_standard_link/binary_info.c.obj
 .rodata.crlf_str.6261
                0x00000000100077fc        0x2 CMakeFiles/bme280_max_speed.dir/home/analys/nuttxspace/pico-sdk/src/rp2_common/pico_stdio/stdio.c.obj
 *fill*         0x00000000100077fe        0x2 
 .rodata.str1.4
                0x0000000010007800       0x2c CMakeFiles/bme280_max_speed.dir/home/analys/nuttxspace/pico-sdk/src/rp2_common/pico_stdio_uart/stdio_uart.c.obj
 .rodata.__bi_33.4907
                0x000000001000782c        0xc CMakeFiles/bme280_max_speed.dir/home/analys/nuttxspace/pico-sdk/src/rp2_common/pico_stdio_uart/stdio_uart.c.obj
 .rodata.__bi_34.4911
                0x0000000010007838        0x8 CMakeFiles/bme280_max_speed.dir/home/analys/nuttxspace/pico-sdk/src/rp2_common/pico_stdio_uart/stdio_uart.c.obj
 .rodata.dma_claim_unused_channel.str1.4
                0x0000000010007840       0x1e CMakeFiles/bme280_max_speed.dir/home/analys/nuttxspace/pico-sdk/src/rp2_common/hardware_dma/dma.c.obj
                0x0000000010007860                . = ALIGN (0x4)
 *fill*         0x000000001000785e        0x2 
 *(SORT_BY_ALIGNMENT(SORT_BY_NAME(.flashdata*)))
                0x0000000010007860                . = ALIGN (0x4)

.ARM.extab
 *(.ARM.extab* .gnu.linkonce.armextab.*)
                0x0000000010007860                __exidx_start = .

.ARM.exidx
 *(.ARM.exidx* .gnu.linkonce.armexidx.*)
                0x0000000010007860                __exidx_end = .
                0x0000000010007860                . = ALIGN (0x4)
                0x0000000010007860                __binary_info_start = .

.binary_info    0x0000000010007860       0x24
 *(.binary_info.keep.*)
 .binary_info.keep.__bi_ptr22
                0x0000000010007860        0x4 CMakeFiles/bme280_max_speed.dir/home/analys/nuttxspace/pico-sdk/src/rp2_common/pico_standard_link/binary_info.c.obj
 .binary_info.keep.__bi_ptr30
                0x0000000010007864        0x4 CMakeFiles/bme280_max_speed.dir/home/analys/nuttxspace/pico-sdk/src/rp2_common/pico_standard_link/binary_info.c.obj
 .binary_info.keep.__bi_ptr38
                0x0000000010007868        0x4 CMakeFiles/bme280_max_speed.dir/home/analys/nuttxspace/pico-sdk/src/rp2_common/pico_standard_link/binary_info.c.obj
 .binary_info.keep.__bi_ptr44
                0x000000001000786c        0x4 CMakeFiles/bme280_max_speed.dir/home/analys/nuttxspace/pico-sdk/src/rp2_common/pico_standard_link/binary_info.c.obj
 .binary_info.keep.__bi_ptr50
                0x0000000010007870        0x4 CMakeFiles/bme280_max_speed.dir/home/analys/nuttxspace/pico-sdk/src/rp2_common/pico_standard_link/binary_info.c.obj
 .binary_info.keep.__bi_ptr75
                0x0000000010007874        0x4 CMakeFiles/bme280_max_speed.dir/home/analys/nuttxspace/pico-sdk/src/rp2_common/pico_standard_link/binary_info.c.obj
 .binary_info.keep.__bi_ptr81
                0x0000000010007878        0x4 CMakeFiles/bme280_max_speed.dir/home/analys/nuttxspace/pico-sdk/src/rp2_common/pico_standard_link/binary_info.c.obj
 *(.binary_info.*)
 .binary_info.__bi_ptr33
                0x000000001000787c        0x4 CMakeFiles/bme280_max_speed.dir/home/analys/nuttxspace/pico-sdk/src/rp2_common/pico_stdio_uart/stdio_uart.c.obj
 .binary_info.__bi_ptr34
                0x0000000010007880        0x4 CMakeFiles/bme280_max_speed.dir/home/analys/nuttxspace/pico-sdk/src/rp2_common/pico_stdio_uart/stdio_uart.c.obj
                0x0000000010007884                __binary_info_end = .

.rel.dyn        0x0000000010007884        0x0
 .rel.iplt      0x0000000010007884        0x0 /usr/lib/gcc/arm-none-eabi/9.2.1/thumb/v6-m/nofp/crtbegin.o
                0x0000000010007884                . = ALIGN (0x4)

.ram_vector_table
                0x0000000020000000       0xc0
 *(.ram_vector_table)
 .ram_vector_table
                0x0000000020000000       0xc0 CMakeFiles/bme280_max_speed.dir/home/analys/nuttxspace/pico-sdk/src/rp2_common/pico_runtime/runtime.c.obj
                0x0000000020000000                ram_vector_table

.data           0x00000000200000c0      0x1e0 load address 0x0000000010007884
                0x00000000200000c0                __data_start__ = .
 *(vtable)
 *(.time_critical*)
 .time_critical.mutex_try_enter_block_until
                0x00000000200000c0       0x9c CMakeFiles/bme280_max_speed.dir/home/analys/nuttxspace/pico-sdk/src/common/pico_sync/mutex.c.obj
                0x00000000200000c0                mutex_try_enter_block_until
 .time_critical.mutex_exit
                0x000000002000015c       0x20 CMakeFiles/bme280_max_speed.dir/home/analys/nuttxspace/pico-sdk/src/common/pico_sync/mutex.c.obj
                0x000000002000015c                mutex_exit
 *(.text*)
 .text          0x000000002000017c        0x4 /usr/lib/gcc/arm-none-eabi/9.2.1/thumb/v6-m/nofp/libgcc.a(_dvmd_tls.o)
                0x000000002000017c                __aeabi_ldiv0
                0x000000002000017c                __aeabi_idiv0
 .text.__stub   0x0000000020000180       0x30 linker stubs
                0x00000000200001b0                . = ALIGN (0x4)
 *(.rodata*)
                0x00000000200001b0                . = ALIGN (0x4)
 *(.data*)
 .data.ucLaunchCoreNum
                0x00000000200001b0        0x1 CMakeFiles/bme280_max_speed.dir/home/analys/nuttxspace/rp2040-freertos/FreeRTOS-Kernel/portable/ThirdParty/GCC/RP2040/port.c.obj
 *fill*         0x00000000200001b1        0x3 
 .data.uxTopUsedPriority
                0x00000000200001b4        0x4 CMakeFiles/bme280_max_speed.dir/home/analys/nuttxspace/rp2040-freertos/FreeRTOS-Kernel/tasks.c.obj
                0x00000000200001b4                uxTopUsedPriority
 .data.striped_spin_lock_num
                0x00000000200001b8        0x1 CMakeFiles/bme280_max_speed.dir/home/analys/nuttxspace/pico-sdk/src/rp2_common/hardware_sync/sync.c.obj
 *fill*         0x00000000200001b9        0x3 
 .data          0x00000000200001bc       0x48 CMakeFiles/bme280_max_speed.dir/home/analys/nuttxspace/pico-sdk/src/rp2_common/hardware_irq/irq_handler_chain.S.obj
                0x00000000200001bc                irq_handler_chain_slots
                0x00000000200001ec                irq_handler_chain_first_slot
                0x00000000200001f6                irq_handler_chain_remove_tail
 .data.default_alarm_pool
                0x0000000020000204       0x18 CMakeFiles/bme280_max_speed.dir/home/analys/nuttxspace/pico-sdk/src/common/pico_time/time.c.obj
 .data.default_alarm_pool_heap
                0x000000002000021c       0x10 CMakeFiles/bme280_max_speed.dir/home/analys/nuttxspace/pico-sdk/src/common/pico_time/time.c.obj
 *fill*         0x000000002000022c        0x4 
 .data.aeabi_bits_funcs
                0x0000000020000230       0x10 CMakeFiles/bme280_max_speed.dir/home/analys/nuttxspace/pico-sdk/src/rp2_common/pico_bit_ops/bit_ops_aeabi.S.obj
                0x0000000020000230                aeabi_bits_funcs
                0x0000000020000240                aeabi_bits_funcs_end
 .data.aeabi_mem_funcs
                0x0000000020000240       0x10 CMakeFiles/bme280_max_speed.dir/home/analys/nuttxspace/pico-sdk/src/rp2_common/pico_mem_ops/mem_ops_aeabi.S.obj
                0x0000000020000240                aeabi_mem_funcs
                0x0000000020000250                aeabi_mem_funcs_end
 .data.stdio_uart
                0x0000000020000250       0x18 CMakeFiles/bme280_max_speed.dir/home/analys/nuttxspace/pico-sdk/src/rp2_common/pico_stdio_uart/stdio_uart.c.obj
                0x0000000020000250                stdio_uart
 .data.i2c0_inst
                0x0000000020000268        0x8 CMakeFiles/bme280_max_speed.dir/home/analys/nuttxspace/pico-sdk/src/rp2_common/hardware_i2c/i2c.c.obj
                0x0000000020000268                i2c0_inst
 .data.i2c1_inst
                0x0000000020000270        0x8 CMakeFiles/bme280_max_speed.dir/home/analys/nuttxspace/pico-sdk/src/rp2_common/hardware_i2c/i2c.c.obj
                0x0000000020000270                i2c1_inst
                0x0000000020000278                . = ALIGN (0x4)
 *(.after_data.*)
                0x0000000020000278                . = ALIGN (0x4)
                0x0000000020000278                PROVIDE (__mutex_array_start = .)
 *(SORT_BY_NAME(.mutex_array.*))
 *(.mutex_array)
 .mutex_array   0x0000000020000278        0x8 CMakeFiles/bme280_max_speed.dir/home/analys/nuttxspace/pico-sdk/src/rp2_common/pico_malloc/pico_malloc.c.obj
 .mutex_array   0x0000000020000280        0x8 CMakeFiles/bme280_max_speed.dir/home/analys/nuttxspace/pico-sdk/src/rp2_common/pico_stdio/stdio.c.obj
                0x0000000020000288                PROVIDE (__mutex_array_end = .)
                0x0000000020000288                . = ALIGN (0x4)
                0x0000000020000288                PROVIDE (__preinit_array_start = .)
 *(SORT_BY_NAME(.preinit_array.*))
 .preinit_array.00001
                0x0000000020000288        0x4 CMakeFiles/bme280_max_speed.dir/home/analys/nuttxspace/pico-sdk/src/rp2_common/pico_mem_ops/mem_ops_aeabi.S.obj
 .preinit_array.00010
                0x000000002000028c        0x4 CMakeFiles/bme280_max_speed.dir/home/analys/nuttxspace/pico-sdk/src/rp2_common/pico_bit_ops/bit_ops_aeabi.S.obj
 .preinit_array.00020
                0x0000000020000290        0x4 CMakeFiles/bme280_max_speed.dir/home/analys/nuttxspace/pico-sdk/src/rp2_common/pico_double/double_aeabi.S.obj
 .preinit_array.00020
                0x0000000020000294        0x4 CMakeFiles/bme280_max_speed.dir/home/analys/nuttxspace/pico-sdk/src/rp2_common/pico_float/float_aeabi.S.obj
 *(.preinit_array)
                0x0000000020000298                PROVIDE (__preinit_array_end = .)
                0x0000000020000298                . = ALIGN (0x4)
                0x0000000020000298                PROVIDE (__init_array_start = .)
 *(SORT_BY_NAME(.init_array.*))
 *(.init_array)
 .init_array    0x0000000020000298        0x4 /usr/lib/gcc/arm-none-eabi/9.2.1/thumb/v6-m/nofp/crtbegin.o
 .init_array    0x000000002000029c        0x4 CMakeFiles/bme280_max_speed.dir/home/analys/nuttxspace/rp2040-freertos/FreeRTOS-Kernel/portable/ThirdParty/GCC/RP2040/port.c.obj
                0x00000000200002a0                PROVIDE (__init_array_end = .)
                0x00000000200002a0                . = ALIGN (0x4)
                0x00000000200002a0                PROVIDE (__fini_array_start = .)
 *(SORT_BY_NAME(.fini_array.*))
 *(.fini_array)
                0x00000000200002a0                PROVIDE (__fini_array_end = .)
 *(.jcr)
                0x00000000200002a0                . = ALIGN (0x4)
                0x00000000200002a0                __data_end__ = .
                0x0000000010007884                __etext = LOADADDR (.data)

.tm_clone_table
                0x00000000200002a0        0x0 load address 0x0000000010007a64
 .tm_clone_table
                0x00000000200002a0        0x0 /usr/lib/gcc/arm-none-eabi/9.2.1/thumb/v6-m/nofp/crtbegin.o
 .tm_clone_table
                0x00000000200002a0        0x0 /usr/lib/gcc/arm-none-eabi/9.2.1/thumb/v6-m/nofp/crtend.o

.igot.plt       0x00000000200002a0        0x0 load address 0x0000000010007a64
 .igot.plt      0x00000000200002a0        0x0 /usr/lib/gcc/arm-none-eabi/9.2.1/thumb/v6-m/nofp/crtbegin.o

.uninitialized_data
                0x00000000200002a0        0x0 load address 0x0000000010007a64
                0x00000000200002a0                . = ALIGN (0x4)
 *(.uninitialized_data*)

.scratch_x      0x0000000020040000        0x0 load address 0x0000000010007a64
                0x0000000020040000                __scratch_x_start__ = .
 *(.scratch_x.*)
                0x0000000020040000                . = ALIGN (0x4)
                0x0000000020040000                __scratch_x_end__ = .
                0x0000000010007a64                __scratch_x_source__ = LOADADDR (.scratch_x)

.scratch_y      0x0000000020041000        0x0 load address 0x0000000010007a64
                0x0000000020041000                __scratch_y_start__ = .
 *(.scratch_y.*)
                0x0000000020041000                . = ALIGN (0x4)
                0x0000000020041000                __scratch_y_end__ = .
                0x0000000010007a64                __scratch_y_source__ = LOADADDR (.scratch_y)

.bss            0x00000000200002a0    0x21864
                0x00000000200002a0                . = ALIGN (0x4)
                0x00000000200002a0                __bss_start__ = .
 *(SORT_BY_ALIGNMENT(SORT_BY_NAME(.bss*)))
 .bss.default_alarm_pool_entries
                0x00000000200002a0      0x100 CMakeFiles/bme280_max_speed.dir/home/analys/nuttxspace/pico-sdk/src/common/pico_time/time.c.obj
 .bss           0x00000000200003a0       0x1c /usr/lib/gcc/arm-none-eabi/9.2.1/thumb/v6-m/nofp/crtbegin.o
 .bss.alarm_callbacks
                0x00000000200003bc       0x10 CMakeFiles/bme280_max_speed.dir/home/analys/nuttxspace/pico-sdk/src/rp2_common/hardware_timer/timer.c.obj
 .bss.chars_available_callback
                0x00000000200003cc        0x4 CMakeFiles/bme280_max_speed.dir/home/analys/nuttxspace/pico-sdk/src/rp2_common/pico_stdio_uart/stdio_uart.c.obj
 .bss.chars_available_param
                0x00000000200003d0        0x4 CMakeFiles/bme280_max_speed.dir/home/analys/nuttxspace/pico-sdk/src/rp2_common/pico_stdio_uart/stdio_uart.c.obj
 .bss.configured_freq
                0x00000000200003d4       0x28 CMakeFiles/bme280_max_speed.dir/home/analys/nuttxspace/pico-sdk/src/rp2_common/hardware_clocks/clocks.c.obj
 .bss.default_alarm_pool_entry_ids_high
                0x00000000200003fc       0x10 CMakeFiles/bme280_max_speed.dir/home/analys/nuttxspace/pico-sdk/src/common/pico_time/time.c.obj
 .bss.default_alarm_pool_heap_nodes
                0x000000002000040c       0x30 CMakeFiles/bme280_max_speed.dir/home/analys/nuttxspace/pico-sdk/src/common/pico_time/time.c.obj
 .bss.drivers   0x000000002000043c        0x4 CMakeFiles/bme280_max_speed.dir/home/analys/nuttxspace/pico-sdk/src/rp2_common/pico_stdio/stdio.c.obj
 .bss.filter    0x0000000020000440        0x4 CMakeFiles/bme280_max_speed.dir/home/analys/nuttxspace/pico-sdk/src/rp2_common/pico_stdio/stdio.c.obj
 .bss.i2c1_dma.5719
                0x0000000020000444        0x4 CMakeFiles/bme280_max_speed.dir/main.c.obj
 .bss.i2c_dma_list
                0x0000000020000448     0x10c8 CMakeFiles/bme280_max_speed.dir/__/__/src/i2c_dma.c.obj
 .bss.lazy_vsnprintf
                0x0000000020001510        0x4 CMakeFiles/bme280_max_speed.dir/home/analys/nuttxspace/pico-sdk/src/rp2_common/pico_printf/printf.c.obj
 .bss.mprintf_mutex.5826
                0x0000000020001514        0x4 CMakeFiles/bme280_max_speed.dir/__/common/mprintf.c.obj
 .bss.pools     0x0000000020001518       0x10 CMakeFiles/bme280_max_speed.dir/home/analys/nuttxspace/pico-sdk/src/common/pico_time/time.c.obj
 .bss.pucAlignedHeap.5290
                0x0000000020001528        0x4 CMakeFiles/bme280_max_speed.dir/home/analys/nuttxspace/rp2040-freertos/FreeRTOS-Kernel/portable/MemMang/heap_1.c.obj
 .bss.pxCurrentTCB
                0x000000002000152c        0x4 CMakeFiles/bme280_max_speed.dir/home/analys/nuttxspace/rp2040-freertos/FreeRTOS-Kernel/tasks.c.obj
                0x000000002000152c                pxCurrentTCB
 .bss.pxCurrentTimerList
                0x0000000020001530        0x4 CMakeFiles/bme280_max_speed.dir/home/analys/nuttxspace/rp2040-freertos/FreeRTOS-Kernel/timers.c.obj
 .bss.pxDelayedTaskList
                0x0000000020001534        0x4 CMakeFiles/bme280_max_speed.dir/home/analys/nuttxspace/rp2040-freertos/FreeRTOS-Kernel/tasks.c.obj
 .bss.pxOverflowDelayedTaskList
                0x0000000020001538        0x4 CMakeFiles/bme280_max_speed.dir/home/analys/nuttxspace/rp2040-freertos/FreeRTOS-Kernel/tasks.c.obj
 .bss.pxOverflowTimerList
                0x000000002000153c        0x4 CMakeFiles/bme280_max_speed.dir/home/analys/nuttxspace/rp2040-freertos/FreeRTOS-Kernel/timers.c.obj
 .bss.pxReadyTasksLists
                0x0000000020001540      0x280 CMakeFiles/bme280_max_speed.dir/home/analys/nuttxspace/rp2040-freertos/FreeRTOS-Kernel/tasks.c.obj
 .bss.pxYieldSpinLock
                0x00000000200017c0        0x4 CMakeFiles/bme280_max_speed.dir/home/analys/nuttxspace/rp2040-freertos/FreeRTOS-Kernel/portable/ThirdParty/GCC/RP2040/port.c.obj
 .bss.sf_clz_func
                0x00000000200017c4        0x4 CMakeFiles/bme280_max_speed.dir/home/analys/nuttxspace/pico-sdk/src/rp2_common/pico_double/double_init_rom.c.obj
                0x00000000200017c4                sf_clz_func
 .bss.sleep_notifier
                0x00000000200017c8        0x4 CMakeFiles/bme280_max_speed.dir/home/analys/nuttxspace/pico-sdk/src/common/pico_time/time.c.obj
 .bss.target_hi
                0x00000000200017cc       0x10 CMakeFiles/bme280_max_speed.dir/home/analys/nuttxspace/pico-sdk/src/rp2_common/hardware_timer/timer.c.obj
 .bss.uart_instance
                0x00000000200017dc        0x4 CMakeFiles/bme280_max_speed.dir/home/analys/nuttxspace/pico-sdk/src/rp2_common/pico_stdio_uart/stdio_uart.c.obj
 .bss.ucHeap    0x00000000200017e0    0x20000 CMakeFiles/bme280_max_speed.dir/home/analys/nuttxspace/rp2040-freertos/FreeRTOS-Kernel/portable/MemMang/heap_1.c.obj
 .bss.ulYieldSpinLockSaveValue
                0x00000000200217e0        0x4 CMakeFiles/bme280_max_speed.dir/home/analys/nuttxspace/rp2040-freertos/FreeRTOS-Kernel/portable/ThirdParty/GCC/RP2040/port.c.obj
 .bss.uxCriticalNesting
                0x00000000200217e4        0x4 CMakeFiles/bme280_max_speed.dir/home/analys/nuttxspace/rp2040-freertos/FreeRTOS-Kernel/portable/ThirdParty/GCC/RP2040/port.c.obj
 .bss.uxCurrentNumberOfTasks
                0x00000000200217e8        0x4 CMakeFiles/bme280_max_speed.dir/home/analys/nuttxspace/rp2040-freertos/FreeRTOS-Kernel/tasks.c.obj
 .bss.uxDeletedTasksWaitingCleanUp
                0x00000000200217ec        0x4 CMakeFiles/bme280_max_speed.dir/home/analys/nuttxspace/rp2040-freertos/FreeRTOS-Kernel/tasks.c.obj
 .bss.uxSchedulerSuspended
                0x00000000200217f0        0x4 CMakeFiles/bme280_max_speed.dir/home/analys/nuttxspace/rp2040-freertos/FreeRTOS-Kernel/tasks.c.obj
 .bss.uxTaskNumber
                0x00000000200217f4        0x4 CMakeFiles/bme280_max_speed.dir/home/analys/nuttxspace/rp2040-freertos/FreeRTOS-Kernel/tasks.c.obj
 .bss.uxTopReadyPriority
                0x00000000200217f8        0x4 CMakeFiles/bme280_max_speed.dir/home/analys/nuttxspace/rp2040-freertos/FreeRTOS-Kernel/tasks.c.obj
 .bss.xActiveTimerList1
                0x00000000200217fc       0x14 CMakeFiles/bme280_max_speed.dir/home/analys/nuttxspace/rp2040-freertos/FreeRTOS-Kernel/timers.c.obj
 .bss.xActiveTimerList2
                0x0000000020021810       0x14 CMakeFiles/bme280_max_speed.dir/home/analys/nuttxspace/rp2040-freertos/FreeRTOS-Kernel/timers.c.obj
 .bss.xDelayedTaskList1
                0x0000000020021824       0x14 CMakeFiles/bme280_max_speed.dir/home/analys/nuttxspace/rp2040-freertos/FreeRTOS-Kernel/tasks.c.obj
 .bss.xDelayedTaskList2
                0x0000000020021838       0x14 CMakeFiles/bme280_max_speed.dir/home/analys/nuttxspace/rp2040-freertos/FreeRTOS-Kernel/tasks.c.obj
 .bss.xEventGroup
                0x000000002002184c        0x4 CMakeFiles/bme280_max_speed.dir/home/analys/nuttxspace/rp2040-freertos/FreeRTOS-Kernel/portable/ThirdParty/GCC/RP2040/port.c.obj
 .bss.xIdleTaskHandle
                0x0000000020021850        0x4 CMakeFiles/bme280_max_speed.dir/home/analys/nuttxspace/rp2040-freertos/FreeRTOS-Kernel/tasks.c.obj
 .bss.xLastTime.5620
                0x0000000020021854        0x4 CMakeFiles/bme280_max_speed.dir/home/analys/nuttxspace/rp2040-freertos/FreeRTOS-Kernel/timers.c.obj
 .bss.xNextFreeByte
                0x0000000020021858        0x4 CMakeFiles/bme280_max_speed.dir/home/analys/nuttxspace/rp2040-freertos/FreeRTOS-Kernel/portable/MemMang/heap_1.c.obj
 .bss.xNextTaskUnblockTime
                0x000000002002185c        0x4 CMakeFiles/bme280_max_speed.dir/home/analys/nuttxspace/rp2040-freertos/FreeRTOS-Kernel/tasks.c.obj
 .bss.xNumOfOverflows
                0x0000000020021860        0x4 CMakeFiles/bme280_max_speed.dir/home/analys/nuttxspace/rp2040-freertos/FreeRTOS-Kernel/tasks.c.obj
 .bss.xPendedTicks
                0x0000000020021864        0x4 CMakeFiles/bme280_max_speed.dir/home/analys/nuttxspace/rp2040-freertos/FreeRTOS-Kernel/tasks.c.obj
 .bss.xPendingReadyList
                0x0000000020021868       0x14 CMakeFiles/bme280_max_speed.dir/home/analys/nuttxspace/rp2040-freertos/FreeRTOS-Kernel/tasks.c.obj
 .bss.xSchedulerRunning
                0x000000002002187c        0x4 CMakeFiles/bme280_max_speed.dir/home/analys/nuttxspace/rp2040-freertos/FreeRTOS-Kernel/tasks.c.obj
 .bss.xSuspendedTaskList
                0x0000000020021880       0x14 CMakeFiles/bme280_max_speed.dir/home/analys/nuttxspace/rp2040-freertos/FreeRTOS-Kernel/tasks.c.obj
 .bss.xTasksWaitingTermination
                0x0000000020021894       0x14 CMakeFiles/bme280_max_speed.dir/home/analys/nuttxspace/rp2040-freertos/FreeRTOS-Kernel/tasks.c.obj
 .bss.xTickCount
                0x00000000200218a8        0x4 CMakeFiles/bme280_max_speed.dir/home/analys/nuttxspace/rp2040-freertos/FreeRTOS-Kernel/tasks.c.obj
 .bss.xTimerQueue
                0x00000000200218ac        0x4 CMakeFiles/bme280_max_speed.dir/home/analys/nuttxspace/rp2040-freertos/FreeRTOS-Kernel/timers.c.obj
 .bss.xTimerTaskHandle
                0x00000000200218b0        0x4 CMakeFiles/bme280_max_speed.dir/home/analys/nuttxspace/rp2040-freertos/FreeRTOS-Kernel/timers.c.obj
 .bss.xYieldPending
                0x00000000200218b4        0x4 CMakeFiles/bme280_max_speed.dir/home/analys/nuttxspace/rp2040-freertos/FreeRTOS-Kernel/tasks.c.obj
 .bss._claimed  0x00000000200218b8        0x2 CMakeFiles/bme280_max_speed.dir/home/analys/nuttxspace/pico-sdk/src/rp2_common/hardware_dma/dma.c.obj
 .bss.claimed   0x00000000200218ba        0x1 CMakeFiles/bme280_max_speed.dir/home/analys/nuttxspace/pico-sdk/src/rp2_common/hardware_timer/timer.c.obj
 .bss.irq_hander_chain_free_slot_head
                0x00000000200218bb        0x1 CMakeFiles/bme280_max_speed.dir/home/analys/nuttxspace/pico-sdk/src/rp2_common/hardware_irq/irq.c.obj
 .bss.mutex_initialized.5825
                0x00000000200218bc        0x1 CMakeFiles/bme280_max_speed.dir/__/common/mprintf.c.obj
 .bss.timer_callbacks_pending
                0x00000000200218bd        0x1 CMakeFiles/bme280_max_speed.dir/home/analys/nuttxspace/pico-sdk/src/rp2_common/hardware_timer/timer.c.obj
 *(COMMON)
 *fill*         0x00000000200218be        0x2 
 COMMON         0x00000000200218c0       0x40 CMakeFiles/bme280_max_speed.dir/home/analys/nuttxspace/rp2040-freertos/FreeRTOS-Kernel/queue.c.obj
                0x00000000200218c0                xQueueRegistry
 COMMON         0x0000000020021900        0x4 CMakeFiles/bme280_max_speed.dir/home/analys/nuttxspace/pico-sdk/src/rp2_common/hardware_uart/uart.c.obj
                0x0000000020021900                uart_char_to_line_feed
 COMMON         0x0000000020021904      0x100 CMakeFiles/bme280_max_speed.dir/home/analys/nuttxspace/pico-sdk/src/rp2_common/pico_double/double_init_rom.c.obj
                0x0000000020021904                sd_table
 COMMON         0x0000000020021a04      0x100 CMakeFiles/bme280_max_speed.dir/home/analys/nuttxspace/pico-sdk/src/rp2_common/pico_float/float_init_rom.c.obj
                0x0000000020021a04                sf_table
                0x0000000020021b04                . = ALIGN (0x4)
                0x0000000020021b04                __bss_end__ = .

.heap           0x0000000020021b04      0x800
                0x0000000020021b04                __end__ = .
                0x0000000020021b04                end = __end__
 *(.heap*)
 .heap          0x0000000020021b04      0x800 CMakeFiles/bme280_max_speed.dir/home/analys/nuttxspace/pico-sdk/src/rp2_common/pico_standard_link/crt0.S.obj
                0x0000000020022304                __HeapLimit = .

.stack1_dummy   0x0000000020040000        0x0
 *(.stack1*)

.stack_dummy    0x0000000020041000      0x800
 *(.stack*)
 .stack         0x0000000020041000      0x800 CMakeFiles/bme280_max_speed.dir/home/analys/nuttxspace/pico-sdk/src/rp2_common/pico_standard_link/crt0.S.obj

.flash_end      0x0000000010007a64        0x0
                0x0000000010007a64                PROVIDE (__flash_binary_end = .)
                0x0000000020040000                __StackLimit = (ORIGIN (RAM) + LENGTH (RAM))
                0x0000000020041000                __StackOneTop = (ORIGIN (SCRATCH_X) + LENGTH (SCRATCH_X))
                0x0000000020042000                __StackTop = (ORIGIN (SCRATCH_Y) + LENGTH (SCRATCH_Y))
                0x0000000020041000                __StackOneBottom = (__StackOneTop - SIZEOF (.stack1_dummy))
                0x0000000020041800                __StackBottom = (__StackTop - SIZEOF (.stack_dummy))
                0x0000000020042000                PROVIDE (__stack = __StackTop)
                0x0000000000000001                ASSERT ((__StackLimit >= __HeapLimit), region RAM overflowed)
                0x0000000000000001                ASSERT (((__binary_info_header_end - __logical_binary_start) <= 0x100), Binary info must be in first 256 bytes of the binary)
LOAD CMakeFiles/bme280_max_speed.dir/main.c.obj
LOAD CMakeFiles/bme280_max_speed.dir/home/analys/nuttxspace/rp2040-freertos/FreeRTOS-Kernel/portable/ThirdParty/GCC/RP2040/port.c.obj
LOAD CMakeFiles/bme280_max_speed.dir/home/analys/nuttxspace/rp2040-freertos/FreeRTOS-Kernel/croutine.c.obj
LOAD CMakeFiles/bme280_max_speed.dir/home/analys/nuttxspace/rp2040-freertos/FreeRTOS-Kernel/event_groups.c.obj
LOAD CMakeFiles/bme280_max_speed.dir/home/analys/nuttxspace/rp2040-freertos/FreeRTOS-Kernel/list.c.obj
LOAD CMakeFiles/bme280_max_speed.dir/home/analys/nuttxspace/rp2040-freertos/FreeRTOS-Kernel/queue.c.obj
LOAD CMakeFiles/bme280_max_speed.dir/home/analys/nuttxspace/rp2040-freertos/FreeRTOS-Kernel/stream_buffer.c.obj
LOAD CMakeFiles/bme280_max_speed.dir/home/analys/nuttxspace/rp2040-freertos/FreeRTOS-Kernel/tasks.c.obj
LOAD CMakeFiles/bme280_max_speed.dir/home/analys/nuttxspace/rp2040-freertos/FreeRTOS-Kernel/timers.c.obj
LOAD CMakeFiles/bme280_max_speed.dir/home/analys/nuttxspace/pico-sdk/src/rp2_common/hardware_exception/exception.c.obj
LOAD CMakeFiles/bme280_max_speed.dir/home/analys/nuttxspace/pico-sdk/src/rp2_common/pico_platform/platform.c.obj
LOAD CMakeFiles/bme280_max_speed.dir/home/analys/nuttxspace/pico-sdk/src/rp2_common/hardware_claim/claim.c.obj
LOAD CMakeFiles/bme280_max_speed.dir/home/analys/nuttxspace/pico-sdk/src/rp2_common/hardware_sync/sync.c.obj
LOAD CMakeFiles/bme280_max_speed.dir/home/analys/nuttxspace/rp2040-freertos/FreeRTOS-Kernel/portable/MemMang/heap_1.c.obj
LOAD CMakeFiles/bme280_max_speed.dir/home/analys/nuttxspace/pico-sdk/src/rp2_common/pico_stdlib/stdlib.c.obj
LOAD CMakeFiles/bme280_max_speed.dir/home/analys/nuttxspace/pico-sdk/src/rp2_common/hardware_gpio/gpio.c.obj
LOAD CMakeFiles/bme280_max_speed.dir/home/analys/nuttxspace/pico-sdk/src/rp2_common/hardware_irq/irq.c.obj
LOAD CMakeFiles/bme280_max_speed.dir/home/analys/nuttxspace/pico-sdk/src/rp2_common/hardware_irq/irq_handler_chain.S.obj
LOAD CMakeFiles/bme280_max_speed.dir/home/analys/nuttxspace/pico-sdk/src/common/pico_sync/sem.c.obj
LOAD CMakeFiles/bme280_max_speed.dir/home/analys/nuttxspace/pico-sdk/src/common/pico_sync/lock_core.c.obj
LOAD CMakeFiles/bme280_max_speed.dir/home/analys/nuttxspace/pico-sdk/src/common/pico_sync/mutex.c.obj
LOAD CMakeFiles/bme280_max_speed.dir/home/analys/nuttxspace/pico-sdk/src/common/pico_sync/critical_section.c.obj
LOAD CMakeFiles/bme280_max_speed.dir/home/analys/nuttxspace/pico-sdk/src/common/pico_time/time.c.obj
LOAD CMakeFiles/bme280_max_speed.dir/home/analys/nuttxspace/pico-sdk/src/common/pico_time/timeout_helper.c.obj
LOAD CMakeFiles/bme280_max_speed.dir/home/analys/nuttxspace/pico-sdk/src/rp2_common/hardware_timer/timer.c.obj
LOAD CMakeFiles/bme280_max_speed.dir/home/analys/nuttxspace/pico-sdk/src/common/pico_util/datetime.c.obj
LOAD CMakeFiles/bme280_max_speed.dir/home/analys/nuttxspace/pico-sdk/src/common/pico_util/pheap.c.obj
LOAD CMakeFiles/bme280_max_speed.dir/home/analys/nuttxspace/pico-sdk/src/common/pico_util/queue.c.obj
LOAD CMakeFiles/bme280_max_speed.dir/home/analys/nuttxspace/pico-sdk/src/rp2_common/hardware_uart/uart.c.obj
LOAD CMakeFiles/bme280_max_speed.dir/home/analys/nuttxspace/pico-sdk/src/rp2_common/hardware_clocks/clocks.c.obj
LOAD CMakeFiles/bme280_max_speed.dir/home/analys/nuttxspace/pico-sdk/src/rp2_common/hardware_pll/pll.c.obj
LOAD CMakeFiles/bme280_max_speed.dir/home/analys/nuttxspace/pico-sdk/src/rp2_common/hardware_vreg/vreg.c.obj
LOAD CMakeFiles/bme280_max_speed.dir/home/analys/nuttxspace/pico-sdk/src/rp2_common/hardware_watchdog/watchdog.c.obj
LOAD CMakeFiles/bme280_max_speed.dir/home/analys/nuttxspace/pico-sdk/src/rp2_common/hardware_xosc/xosc.c.obj
LOAD CMakeFiles/bme280_max_speed.dir/home/analys/nuttxspace/pico-sdk/src/rp2_common/hardware_divider/divider.S.obj
LOAD CMakeFiles/bme280_max_speed.dir/home/analys/nuttxspace/pico-sdk/src/rp2_common/pico_runtime/runtime.c.obj
LOAD CMakeFiles/bme280_max_speed.dir/home/analys/nuttxspace/pico-sdk/src/rp2_common/pico_printf/printf.c.obj
LOAD CMakeFiles/bme280_max_speed.dir/home/analys/nuttxspace/pico-sdk/src/rp2_common/pico_bit_ops/bit_ops_aeabi.S.obj
LOAD CMakeFiles/bme280_max_speed.dir/home/analys/nuttxspace/pico-sdk/src/rp2_common/pico_bootrom/bootrom.c.obj
LOAD CMakeFiles/bme280_max_speed.dir/home/analys/nuttxspace/pico-sdk/src/rp2_common/pico_divider/divider.S.obj
LOAD CMakeFiles/bme280_max_speed.dir/home/analys/nuttxspace/pico-sdk/src/rp2_common/pico_double/double_aeabi.S.obj
LOAD CMakeFiles/bme280_max_speed.dir/home/analys/nuttxspace/pico-sdk/src/rp2_common/pico_double/double_init_rom.c.obj
LOAD CMakeFiles/bme280_max_speed.dir/home/analys/nuttxspace/pico-sdk/src/rp2_common/pico_double/double_math.c.obj
LOAD CMakeFiles/bme280_max_speed.dir/home/analys/nuttxspace/pico-sdk/src/rp2_common/pico_double/double_v1_rom_shim.S.obj
LOAD CMakeFiles/bme280_max_speed.dir/home/analys/nuttxspace/pico-sdk/src/rp2_common/pico_int64_ops/pico_int64_ops_aeabi.S.obj
LOAD CMakeFiles/bme280_max_speed.dir/home/analys/nuttxspace/pico-sdk/src/rp2_common/pico_float/float_aeabi.S.obj
LOAD CMakeFiles/bme280_max_speed.dir/home/analys/nuttxspace/pico-sdk/src/rp2_common/pico_float/float_init_rom.c.obj
LOAD CMakeFiles/bme280_max_speed.dir/home/analys/nuttxspace/pico-sdk/src/rp2_common/pico_float/float_math.c.obj
LOAD CMakeFiles/bme280_max_speed.dir/home/analys/nuttxspace/pico-sdk/src/rp2_common/pico_float/float_v1_rom_shim.S.obj
LOAD CMakeFiles/bme280_max_speed.dir/home/analys/nuttxspace/pico-sdk/src/rp2_common/pico_malloc/pico_malloc.c.obj
LOAD CMakeFiles/bme280_max_speed.dir/home/analys/nuttxspace/pico-sdk/src/rp2_common/pico_mem_ops/mem_ops_aeabi.S.obj
LOAD CMakeFiles/bme280_max_speed.dir/home/analys/nuttxspace/pico-sdk/src/rp2_common/pico_standard_link/crt0.S.obj
LOAD CMakeFiles/bme280_max_speed.dir/home/analys/nuttxspace/pico-sdk/src/rp2_common/pico_standard_link/new_delete.cpp.obj
LOAD CMakeFiles/bme280_max_speed.dir/home/analys/nuttxspace/pico-sdk/src/rp2_common/pico_standard_link/binary_info.c.obj
LOAD CMakeFiles/bme280_max_speed.dir/home/analys/nuttxspace/pico-sdk/src/rp2_common/pico_stdio/stdio.c.obj
LOAD CMakeFiles/bme280_max_speed.dir/home/analys/nuttxspace/pico-sdk/src/rp2_common/pico_stdio_uart/stdio_uart.c.obj
LOAD CMakeFiles/bme280_max_speed.dir/__/__/src/i2c_dma.c.obj
LOAD CMakeFiles/bme280_max_speed.dir/home/analys/nuttxspace/pico-sdk/src/rp2_common/hardware_dma/dma.c.obj
LOAD CMakeFiles/bme280_max_speed.dir/home/analys/nuttxspace/pico-sdk/src/rp2_common/hardware_i2c/i2c.c.obj
LOAD CMakeFiles/bme280_max_speed.dir/__/common/freertos_hooks.c.obj
LOAD CMakeFiles/bme280_max_speed.dir/__/common/mprintf.c.obj
LOAD /tmp/ccnvYS52.o
LOAD /usr/lib/gcc/arm-none-eabi/9.2.1/../../../arm-none-eabi/lib/thumb/v6-m/nofp/libstdc++.a
LOAD /usr/lib/gcc/arm-none-eabi/9.2.1/../../../arm-none-eabi/lib/thumb/v6-m/nofp/libm.a
START GROUP
LOAD /usr/lib/gcc/arm-none-eabi/9.2.1/thumb/v6-m/nofp/libgcc.a
LOAD /usr/lib/gcc/arm-none-eabi/9.2.1/../../../arm-none-eabi/lib/thumb/v6-m/nofp/libc.a
END GROUP
START GROUP
LOAD /usr/lib/gcc/arm-none-eabi/9.2.1/thumb/v6-m/nofp/libgcc.a
LOAD /usr/lib/gcc/arm-none-eabi/9.2.1/../../../arm-none-eabi/lib/thumb/v6-m/nofp/libc.a
LOAD /usr/lib/gcc/arm-none-eabi/9.2.1/../../../arm-none-eabi/lib/thumb/v6-m/nofp/libnosys.a
END GROUP
LOAD /usr/lib/gcc/arm-none-eabi/9.2.1/thumb/v6-m/nofp/crtend.o
LOAD /usr/lib/gcc/arm-none-eabi/9.2.1/thumb/v6-m/nofp/crtn.o
OUTPUT(bme280_max_speed.elf elf32-littlearm)
LOAD linker stubs

.ARM.attributes
                0x0000000000000000       0x28
 .ARM.attributes
                0x0000000000000000       0x1e /usr/lib/gcc/arm-none-eabi/9.2.1/thumb/v6-m/nofp/crti.o
 .ARM.attributes
                0x000000000000001e       0x2c /usr/lib/gcc/arm-none-eabi/9.2.1/thumb/v6-m/nofp/crtbegin.o
 .ARM.attributes
                0x000000000000004a       0x2c CMakeFiles/bme280_max_speed.dir/main.c.obj
 .ARM.attributes
                0x0000000000000076       0x2c CMakeFiles/bme280_max_speed.dir/home/analys/nuttxspace/rp2040-freertos/FreeRTOS-Kernel/portable/ThirdParty/GCC/RP2040/port.c.obj
 .ARM.attributes
                0x00000000000000a2       0x2c CMakeFiles/bme280_max_speed.dir/home/analys/nuttxspace/rp2040-freertos/FreeRTOS-Kernel/event_groups.c.obj
 .ARM.attributes
                0x00000000000000ce       0x2c CMakeFiles/bme280_max_speed.dir/home/analys/nuttxspace/rp2040-freertos/FreeRTOS-Kernel/list.c.obj
 .ARM.attributes
                0x00000000000000fa       0x2c CMakeFiles/bme280_max_speed.dir/home/analys/nuttxspace/rp2040-freertos/FreeRTOS-Kernel/queue.c.obj
 .ARM.attributes
                0x0000000000000126       0x2c CMakeFiles/bme280_max_speed.dir/home/analys/nuttxspace/rp2040-freertos/FreeRTOS-Kernel/tasks.c.obj
 .ARM.attributes
                0x0000000000000152       0x2c CMakeFiles/bme280_max_speed.dir/home/analys/nuttxspace/rp2040-freertos/FreeRTOS-Kernel/timers.c.obj
 .ARM.attributes
                0x000000000000017e       0x2c CMakeFiles/bme280_max_speed.dir/home/analys/nuttxspace/pico-sdk/src/rp2_common/hardware_exception/exception.c.obj
 .ARM.attributes
                0x00000000000001aa       0x2c CMakeFiles/bme280_max_speed.dir/home/analys/nuttxspace/pico-sdk/src/rp2_common/pico_platform/platform.c.obj
 .ARM.attributes
                0x00000000000001d6       0x2c CMakeFiles/bme280_max_speed.dir/home/analys/nuttxspace/pico-sdk/src/rp2_common/hardware_claim/claim.c.obj
 .ARM.attributes
                0x0000000000000202       0x2c CMakeFiles/bme280_max_speed.dir/home/analys/nuttxspace/pico-sdk/src/rp2_common/hardware_sync/sync.c.obj
 .ARM.attributes
                0x000000000000022e       0x2c CMakeFiles/bme280_max_speed.dir/home/analys/nuttxspace/rp2040-freertos/FreeRTOS-Kernel/portable/MemMang/heap_1.c.obj
 .ARM.attributes
                0x000000000000025a       0x2c CMakeFiles/bme280_max_speed.dir/home/analys/nuttxspace/pico-sdk/src/rp2_common/hardware_gpio/gpio.c.obj
 .ARM.attributes
                0x0000000000000286       0x2c CMakeFiles/bme280_max_speed.dir/home/analys/nuttxspace/pico-sdk/src/rp2_common/hardware_irq/irq.c.obj
 .ARM.attributes
                0x00000000000002b2       0x22 CMakeFiles/bme280_max_speed.dir/home/analys/nuttxspace/pico-sdk/src/rp2_common/hardware_irq/irq_handler_chain.S.obj
 .ARM.attributes
                0x00000000000002d4       0x2c CMakeFiles/bme280_max_speed.dir/home/analys/nuttxspace/pico-sdk/src/common/pico_sync/lock_core.c.obj
 .ARM.attributes
                0x0000000000000300       0x2c CMakeFiles/bme280_max_speed.dir/home/analys/nuttxspace/pico-sdk/src/common/pico_sync/mutex.c.obj
 .ARM.attributes
                0x000000000000032c       0x2c CMakeFiles/bme280_max_speed.dir/home/analys/nuttxspace/pico-sdk/src/common/pico_time/time.c.obj
 .ARM.attributes
                0x0000000000000358       0x2c CMakeFiles/bme280_max_speed.dir/home/analys/nuttxspace/pico-sdk/src/rp2_common/hardware_timer/timer.c.obj
 .ARM.attributes
                0x0000000000000384       0x2c CMakeFiles/bme280_max_speed.dir/home/analys/nuttxspace/pico-sdk/src/common/pico_util/pheap.c.obj
 .ARM.attributes
                0x00000000000003b0       0x2c CMakeFiles/bme280_max_speed.dir/home/analys/nuttxspace/pico-sdk/src/rp2_common/hardware_uart/uart.c.obj
 .ARM.attributes
                0x00000000000003dc       0x2c CMakeFiles/bme280_max_speed.dir/home/analys/nuttxspace/pico-sdk/src/rp2_common/hardware_clocks/clocks.c.obj
 .ARM.attributes
                0x0000000000000408       0x2c CMakeFiles/bme280_max_speed.dir/home/analys/nuttxspace/pico-sdk/src/rp2_common/hardware_pll/pll.c.obj
 .ARM.attributes
                0x0000000000000434       0x2c CMakeFiles/bme280_max_speed.dir/home/analys/nuttxspace/pico-sdk/src/rp2_common/hardware_watchdog/watchdog.c.obj
 .ARM.attributes
                0x0000000000000460       0x2c CMakeFiles/bme280_max_speed.dir/home/analys/nuttxspace/pico-sdk/src/rp2_common/hardware_xosc/xosc.c.obj
 .ARM.attributes
                0x000000000000048c       0x2c CMakeFiles/bme280_max_speed.dir/home/analys/nuttxspace/pico-sdk/src/rp2_common/pico_runtime/runtime.c.obj
 .ARM.attributes
                0x00000000000004b8       0x2c CMakeFiles/bme280_max_speed.dir/home/analys/nuttxspace/pico-sdk/src/rp2_common/pico_printf/printf.c.obj
 .ARM.attributes
                0x00000000000004e4       0x22 CMakeFiles/bme280_max_speed.dir/home/analys/nuttxspace/pico-sdk/src/rp2_common/pico_bit_ops/bit_ops_aeabi.S.obj
 .ARM.attributes
                0x0000000000000506       0x2c CMakeFiles/bme280_max_speed.dir/home/analys/nuttxspace/pico-sdk/src/rp2_common/pico_bootrom/bootrom.c.obj
 .ARM.attributes
                0x0000000000000532       0x22 CMakeFiles/bme280_max_speed.dir/home/analys/nuttxspace/pico-sdk/src/rp2_common/pico_divider/divider.S.obj
 .ARM.attributes
                0x0000000000000554       0x22 CMakeFiles/bme280_max_speed.dir/home/analys/nuttxspace/pico-sdk/src/rp2_common/pico_double/double_aeabi.S.obj
 .ARM.attributes
                0x0000000000000576       0x2c CMakeFiles/bme280_max_speed.dir/home/analys/nuttxspace/pico-sdk/src/rp2_common/pico_double/double_init_rom.c.obj
 .ARM.attributes
                0x00000000000005a2       0x22 CMakeFiles/bme280_max_speed.dir/home/analys/nuttxspace/pico-sdk/src/rp2_common/pico_double/double_v1_rom_shim.S.obj
 .ARM.attributes
                0x00000000000005c4       0x22 CMakeFiles/bme280_max_speed.dir/home/analys/nuttxspace/pico-sdk/src/rp2_common/pico_float/float_aeabi.S.obj