Archive member included to satisfy reference by file (symbol)

/usr/lib/gcc/arm-none-eabi/9.2.1/thumb/v6-m/nofp/libgcc.a(_dvmd_tls.o)
                              CMakeFiles/mcp9808_x2_max_speed.dir/home/analys/nuttxspace/pico-sdk/src/rp2_common/pico_divider/divider.S.obj (__aeabi_idiv0)
/usr/lib/gcc/arm-none-eabi/9.2.1/../../../arm-none-eabi/lib/thumb/v6-m/nofp/libc.a(lib_a-atexit.o)
                              /usr/lib/gcc/arm-none-eabi/9.2.1/../../../arm-none-eabi/lib/thumb/v6-m/nofp/crt0.o (atexit)
/usr/lib/gcc/arm-none-eabi/9.2.1/../../../arm-none-eabi/lib/thumb/v6-m/nofp/libc.a(lib_a-calloc.o)
                              CMakeFiles/mcp9808_x2_max_speed.dir/home/analys/nuttxspace/pico-sdk/src/rp2_common/pico_malloc/pico_malloc.c.obj (calloc)
/usr/lib/gcc/arm-none-eabi/9.2.1/../../../arm-none-eabi/lib/thumb/v6-m/nofp/libc.a(lib_a-callocr.o)
                              /usr/lib/gcc/arm-none-eabi/9.2.1/../../../arm-none-eabi/lib/thumb/v6-m/nofp/libc.a(lib_a-calloc.o) (_calloc_r)
/usr/lib/gcc/arm-none-eabi/9.2.1/../../../arm-none-eabi/lib/thumb/v6-m/nofp/libc.a(lib_a-fini.o)
                              /usr/lib/gcc/arm-none-eabi/9.2.1/../../../arm-none-eabi/lib/thumb/v6-m/nofp/crt0.o (__libc_fini_array)
/usr/lib/gcc/arm-none-eabi/9.2.1/../../../arm-none-eabi/lib/thumb/v6-m/nofp/libc.a(lib_a-impure.o)
                              /usr/lib/gcc/arm-none-eabi/9.2.1/../../../arm-none-eabi/lib/thumb/v6-m/nofp/libc.a(lib_a-calloc.o) (_impure_ptr)
/usr/lib/gcc/arm-none-eabi/9.2.1/../../../arm-none-eabi/lib/thumb/v6-m/nofp/libc.a(lib_a-init.o)
                              /usr/lib/gcc/arm-none-eabi/9.2.1/../../../arm-none-eabi/lib/thumb/v6-m/nofp/crt0.o (__libc_init_array)
/usr/lib/gcc/arm-none-eabi/9.2.1/../../../arm-none-eabi/lib/thumb/v6-m/nofp/libc.a(lib_a-malloc.o)
                              CMakeFiles/mcp9808_x2_max_speed.dir/home/analys/nuttxspace/pico-sdk/src/rp2_common/pico_malloc/pico_malloc.c.obj (malloc)
/usr/lib/gcc/arm-none-eabi/9.2.1/../../../arm-none-eabi/lib/thumb/v6-m/nofp/libc.a(lib_a-mallocr.o)
                              /usr/lib/gcc/arm-none-eabi/9.2.1/../../../arm-none-eabi/lib/thumb/v6-m/nofp/libc.a(lib_a-callocr.o) (_malloc_r)
/usr/lib/gcc/arm-none-eabi/9.2.1/../../../arm-none-eabi/lib/thumb/v6-m/nofp/libc.a(lib_a-mlock.o)
                              /usr/lib/gcc/arm-none-eabi/9.2.1/../../../arm-none-eabi/lib/thumb/v6-m/nofp/libc.a(lib_a-mallocr.o) (__malloc_lock)
/usr/lib/gcc/arm-none-eabi/9.2.1/../../../arm-none-eabi/lib/thumb/v6-m/nofp/libc.a(lib_a-realloc.o)
                              CMakeFiles/mcp9808_x2_max_speed.dir/home/analys/nuttxspace/pico-sdk/src/rp2_common/pico_malloc/pico_malloc.c.obj (realloc)
/usr/lib/gcc/arm-none-eabi/9.2.1/../../../arm-none-eabi/lib/thumb/v6-m/nofp/libc.a(lib_a-reallocr.o)
                              /usr/lib/gcc/arm-none-eabi/9.2.1/../../../arm-none-eabi/lib/thumb/v6-m/nofp/libc.a(lib_a-realloc.o) (_realloc_r)
/usr/lib/gcc/arm-none-eabi/9.2.1/../../../arm-none-eabi/lib/thumb/v6-m/nofp/libc.a(lib_a-sbrkr.o)
                              /usr/lib/gcc/arm-none-eabi/9.2.1/../../../arm-none-eabi/lib/thumb/v6-m/nofp/libc.a(lib_a-mallocr.o) (_sbrk_r)
/usr/lib/gcc/arm-none-eabi/9.2.1/../../../arm-none-eabi/lib/thumb/v6-m/nofp/libc.a(lib_a-strlen-stub.o)
                              CMakeFiles/mcp9808_x2_max_speed.dir/home/analys/nuttxspace/pico-sdk/src/rp2_common/pico_stdio/stdio.c.obj (strlen)
/usr/lib/gcc/arm-none-eabi/9.2.1/../../../arm-none-eabi/lib/thumb/v6-m/nofp/libc.a(lib_a-__atexit.o)
                              /usr/lib/gcc/arm-none-eabi/9.2.1/../../../arm-none-eabi/lib/thumb/v6-m/nofp/libc.a(lib_a-atexit.o) (__register_exitproc)
/usr/lib/gcc/arm-none-eabi/9.2.1/../../../arm-none-eabi/lib/thumb/v6-m/nofp/libc.a(lib_a-freer.o)
                              /usr/lib/gcc/arm-none-eabi/9.2.1/../../../arm-none-eabi/lib/thumb/v6-m/nofp/libc.a(lib_a-malloc.o) (_free_r)
/usr/lib/gcc/arm-none-eabi/9.2.1/../../../arm-none-eabi/lib/thumb/v6-m/nofp/libc.a(lib_a-memmove.o)
                              /usr/lib/gcc/arm-none-eabi/9.2.1/../../../arm-none-eabi/lib/thumb/v6-m/nofp/libc.a(lib_a-reallocr.o) (memmove)
/usr/lib/gcc/arm-none-eabi/9.2.1/../../../arm-none-eabi/lib/thumb/v6-m/nofp/libc.a(lib_a-reent.o)
                              /usr/lib/gcc/arm-none-eabi/9.2.1/../../../arm-none-eabi/lib/thumb/v6-m/nofp/libc.a(lib_a-sbrkr.o) (errno)

Allocating common symbols
Common symbol       size              file

sf_table            0x100             CMakeFiles/mcp9808_x2_max_speed.dir/home/analys/nuttxspace/pico-sdk/src/rp2_common/pico_float/float_init_rom.c.obj
errno               0x4               /usr/lib/gcc/arm-none-eabi/9.2.1/../../../arm-none-eabi/lib/thumb/v6-m/nofp/libc.a(lib_a-reent.o)
xQueueRegistry      0x40              CMakeFiles/mcp9808_x2_max_speed.dir/home/analys/nuttxspace/rp2040-freertos/FreeRTOS-Kernel/queue.c.obj
[...]
Memory Configuration

Name             Origin             Length             Attributes
FLASH            0x0000000010000000 0x0000000000200000 xr
RAM              0x0000000020000000 0x0000000000040000 xrw
SCRATCH_X        0x0000000020040000 0x0000000000001000 xrw
SCRATCH_Y        0x0000000020041000 0x0000000000001000 xrw
*default*        0x0000000000000000 0xffffffffffffffff

Linker script and memory map

LOAD /usr/lib/gcc/arm-none-eabi/9.2.1/thumb/v6-m/nofp/crti.o
LOAD /usr/lib/gcc/arm-none-eabi/9.2.1/thumb/v6-m/nofp/crtbegin.o
LOAD /usr/lib/gcc/arm-none-eabi/9.2.1/../../../arm-none-eabi/lib/thumb/v6-m/nofp/crt0.o

.flash_begin    0x0000000010000000        0x0
                0x0000000010000000                __flash_binary_start = .

.boot2          0x0000000010000000      0x100
                0x0000000010000000                __boot2_start__ = .
 *(.boot2)
 .boot2         0x0000000010000000      0x100 /tmp/ccRpkWpk.o
                0x0000000010000100                __boot2_end__ = .
                0x0000000000000001                ASSERT (((__boot2_end__ - __boot2_start__) == 0x100), ERROR: Pico second stage bootloader must be 256 bytes in size)

.text           0x0000000010000100     0x7460
                0x0000000010000100                __logical_binary_start = .
 *(.vectors)
 .vectors       0x0000000010000100       0xd4 CMakeFiles/mcp9808_x2_max_speed.dir/home/analys/nuttxspace/pico-sdk/src/rp2_common/pico_standard_link/crt0.S.obj
                0x0000000010000100                __vectors
                0x0000000010000100                __VECTOR_TABLE
                0x00000000100001c0                isr_invalid
                0x00000000100001c0                __default_isrs_start
                0x00000000100001c2                isr_nmi
                0x00000000100001c4                isr_hardfault
                0x00000000100001c6                isr_svcall
                0x00000000100001c8                isr_pendsv
                0x00000000100001ca                isr_systick
                0x00000000100001cc                isr_irq30
                0x00000000100001cc                __unhandled_user_irq
                0x00000000100001cc                isr_irq13
                0x00000000100001cc                isr_irq27
                0x00000000100001cc                isr_irq31
                0x00000000100001cc                isr_irq5
                0x00000000100001cc                isr_irq11
                0x00000000100001cc                isr_irq23
                0x00000000100001cc                isr_irq18
                0x00000000100001cc                isr_irq28
                0x00000000100001cc                isr_irq19
                0x00000000100001cc                isr_irq0
                0x00000000100001cc                isr_irq6
                0x00000000100001cc                isr_irq22
                0x00000000100001cc                isr_irq17
                0x00000000100001cc                isr_irq14
                0x00000000100001cc                isr_irq2
                0x00000000100001cc                isr_irq10
                0x00000000100001cc                isr_irq8
                0x00000000100001cc                isr_irq24
                0x00000000100001cc                isr_irq1
                0x00000000100001cc                isr_irq7
                0x00000000100001cc                isr_irq21
                0x00000000100001cc                isr_irq20
                0x00000000100001cc                isr_irq15
                0x00000000100001cc                isr_irq25
                0x00000000100001cc                isr_irq4
                0x00000000100001cc                isr_irq16
                0x00000000100001cc                isr_irq29
                0x00000000100001cc                isr_irq26
                0x00000000100001cc                __default_isrs_end
                0x00000000100001cc                isr_irq3
                0x00000000100001cc                isr_irq12
                0x00000000100001cc                isr_irq9
                0x00000000100001d2                unhandled_user_irq_num_in_r0
 *(.binary_info_header)
 .binary_info_header
                0x00000000100001d4       0x14 CMakeFiles/mcp9808_x2_max_speed.dir/home/analys/nuttxspace/pico-sdk/src/rp2_common/pico_standard_link/crt0.S.obj
                0x00000000100001e8                __binary_info_header_end = .
 *(.reset)
 .reset         0x00000000100001e8       0xa0 CMakeFiles/mcp9808_x2_max_speed.dir/home/analys/nuttxspace/pico-sdk/src/rp2_common/pico_standard_link/crt0.S.obj
                0x00000000100001e8                _entry_point
 .reset         0x0000000010000288       0x30 CMakeFiles/mcp9808_x2_max_speed.dir/home/analys/nuttxspace/pico-sdk/src/rp2_common/pico_standard_link/binary_info.c.obj
 *(.init)
 .init          0x00000000100002b8        0x4 /usr/lib/gcc/arm-none-eabi/9.2.1/thumb/v6-m/nofp/crti.o
                0x00000000100002b8                _init
 *(EXCLUDE_FILE(*libm.a: *libc.a:*lib_a-mem*.o *libgcc.a:) .text*)
 .text          0x00000000100002bc       0x98 /usr/lib/gcc/arm-none-eabi/9.2.1/thumb/v6-m/nofp/crtbegin.o
 .text.waste_time_task
                0x0000000010000354       0x40 CMakeFiles/mcp9808_x2_max_speed.dir/main.c.obj
 .text.mcp9808_bus1_task
                0x0000000010000394       0xc0 CMakeFiles/mcp9808_x2_max_speed.dir/main.c.obj
 .text.mcp9808_bus0_task
                0x0000000010000454       0xc0 CMakeFiles/mcp9808_x2_max_speed.dir/main.c.obj
 .text.blink_led_task
                0x0000000010000514       0x20 CMakeFiles/mcp9808_x2_max_speed.dir/main.c.obj
 .text.startup.main
                0x0000000010000534       0xd8 CMakeFiles/mcp9808_x2_max_speed.dir/main.c.obj
                0x0000000010000534                main
 .text.vPortSVCHandler
                0x000000001000060c        0x4 CMakeFiles/mcp9808_x2_max_speed.dir/home/analys/nuttxspace/rp2040-freertos/FreeRTOS-Kernel/portable/ThirdParty/GCC/RP2040/port.c.obj
                0x000000001000060c                vPortSVCHandler
 .text.vPortStartFirstTask
                0x0000000010000610       0x34 CMakeFiles/mcp9808_x2_max_speed.dir/home/analys/nuttxspace/rp2040-freertos/FreeRTOS-Kernel/portable/ThirdParty/GCC/RP2040/port.c.obj
 *fill*         0x0000000010000644        0xc 
 .text.xPortPendSVHandler
                0x0000000010000650       0x64 CMakeFiles/mcp9808_x2_max_speed.dir/home/analys/nuttxspace/rp2040-freertos/FreeRTOS-Kernel/portable/ThirdParty/GCC/RP2040/port.c.obj
                0x0000000010000650                xPortPendSVHandler
 .text.prvTaskExitError
                0x00000000100006b4        0x8 CMakeFiles/mcp9808_x2_max_speed.dir/home/analys/nuttxspace/rp2040-freertos/FreeRTOS-Kernel/portable/ThirdParty/GCC/RP2040/port.c.obj
 .text.pxPortInitialiseStack
                0x00000000100006bc       0x20 CMakeFiles/mcp9808_x2_max_speed.dir/home/analys/nuttxspace/rp2040-freertos/FreeRTOS-Kernel/portable/ThirdParty/GCC/RP2040/port.c.obj
                0x00000000100006bc                pxPortInitialiseStack
 .text.vPortYield
                0x00000000100006dc       0x18 CMakeFiles/mcp9808_x2_max_speed.dir/home/analys/nuttxspace/rp2040-freertos/FreeRTOS-Kernel/portable/ThirdParty/GCC/RP2040/port.c.obj
                0x00000000100006dc                vPortYield
 .text.vPortEnterCritical
                0x00000000100006f4       0x18 CMakeFiles/mcp9808_x2_max_speed.dir/home/analys/nuttxspace/rp2040-freertos/FreeRTOS-Kernel/portable/ThirdParty/GCC/RP2040/port.c.obj
                0x00000000100006f4                vPortEnterCritical
 .text.vPortExitCritical
                0x000000001000070c       0x34 CMakeFiles/mcp9808_x2_max_speed.dir/home/analys/nuttxspace/rp2040-freertos/FreeRTOS-Kernel/portable/ThirdParty/GCC/RP2040/port.c.obj
                0x000000001000070c                vPortExitCritical
 .text.ulSetInterruptMaskFromISR
                0x0000000010000740        0x8 CMakeFiles/mcp9808_x2_max_speed.dir/home/analys/nuttxspace/rp2040-freertos/FreeRTOS-Kernel/portable/ThirdParty/GCC/RP2040/port.c.obj
                0x0000000010000740                ulSetInterruptMaskFromISR
 .text.vClearInterruptMaskFromISR
                0x0000000010000748        0x8 CMakeFiles/mcp9808_x2_max_speed.dir/home/analys/nuttxspace/rp2040-freertos/FreeRTOS-Kernel/portable/ThirdParty/GCC/RP2040/port.c.obj
                0x0000000010000748                vClearInterruptMaskFromISR
 .text.xPortSysTickHandler
                0x0000000010000750       0x24 CMakeFiles/mcp9808_x2_max_speed.dir/home/analys/nuttxspace/rp2040-freertos/FreeRTOS-Kernel/portable/ThirdParty/GCC/RP2040/port.c.obj
                0x0000000010000750                xPortSysTickHandler
 .text.vPortSetupTimerInterrupt
                0x0000000010000774       0x34 CMakeFiles/mcp9808_x2_max_speed.dir/home/analys/nuttxspace/rp2040-freertos/FreeRTOS-Kernel/portable/ThirdParty/GCC/RP2040/port.c.obj
                0x0000000010000774                vPortSetupTimerInterrupt
 .text.xPortStartScheduler
                0x00000000100007a8       0x70 CMakeFiles/mcp9808_x2_max_speed.dir/home/analys/nuttxspace/rp2040-freertos/FreeRTOS-Kernel/portable/ThirdParty/GCC/RP2040/port.c.obj
                0x00000000100007a8                xPortStartScheduler
 .text.ulPortLockGetCurrentOwnerId
                0x0000000010000818       0x2c CMakeFiles/mcp9808_x2_max_speed.dir/home/analys/nuttxspace/rp2040-freertos/FreeRTOS-Kernel/portable/ThirdParty/GCC/RP2040/port.c.obj
                0x0000000010000818                ulPortLockGetCurrentOwnerId
 .text.vPortLockInternalSpinUnlockWithNotify
                0x0000000010000844       0x84 CMakeFiles/mcp9808_x2_max_speed.dir/home/analys/nuttxspace/rp2040-freertos/FreeRTOS-Kernel/portable/ThirdParty/GCC/RP2040/port.c.obj
                0x0000000010000844                vPortLockInternalSpinUnlockWithNotify
 .text.xPortLockInternalSpinUnlockWithBestEffortWaitOrTimeout
                0x00000000100008c8       0xfc CMakeFiles/mcp9808_x2_max_speed.dir/home/analys/nuttxspace/rp2040-freertos/FreeRTOS-Kernel/portable/ThirdParty/GCC/RP2040/port.c.obj
                0x00000000100008c8                xPortLockInternalSpinUnlockWithBestEffortWaitOrTimeout
 .text.startup.prvRuntimeInitializer
                0x00000000100009c4       0x10 CMakeFiles/mcp9808_x2_max_speed.dir/home/analys/nuttxspace/rp2040-freertos/FreeRTOS-Kernel/portable/ThirdParty/GCC/RP2040/port.c.obj
 .text.vEventGroupSetBitsCallback
                0x00000000100009d4       0x8c CMakeFiles/mcp9808_x2_max_speed.dir/home/analys/nuttxspace/rp2040-freertos/FreeRTOS-Kernel/event_groups.c.obj
                0x00000000100009d4                vEventGroupSetBitsCallback
 .text.xEventGroupCreate
                0x0000000010000a60       0x18 CMakeFiles/mcp9808_x2_max_speed.dir/home/analys/nuttxspace/rp2040-freertos/FreeRTOS-Kernel/event_groups.c.obj
                0x0000000010000a60                xEventGroupCreate
 .text.xEventGroupWaitBits
                0x0000000010000a78       0xb8 CMakeFiles/mcp9808_x2_max_speed.dir/home/analys/nuttxspace/rp2040-freertos/FreeRTOS-Kernel/event_groups.c.obj
                0x0000000010000a78                xEventGroupWaitBits
 .text.xEventGroupSetBits
                0x0000000010000b30       0x90 CMakeFiles/mcp9808_x2_max_speed.dir/home/analys/nuttxspace/rp2040-freertos/FreeRTOS-Kernel/event_groups.c.obj
                0x0000000010000b30                xEventGroupSetBits
 .text.xEventGroupSetBitsFromISR
                0x0000000010000bc0       0x14 CMakeFiles/mcp9808_x2_max_speed.dir/home/analys/nuttxspace/rp2040-freertos/FreeRTOS-Kernel/event_groups.c.obj
                0x0000000010000bc0                xEventGroupSetBitsFromISR
 .text.vListInitialise
                0x0000000010000bd4       0x18 CMakeFiles/mcp9808_x2_max_speed.dir/home/analys/nuttxspace/rp2040-freertos/FreeRTOS-Kernel/list.c.obj
                0x0000000010000bd4                vListInitialise
 .text.vListInitialiseItem
                0x0000000010000bec        0x8 CMakeFiles/mcp9808_x2_max_speed.dir/home/analys/nuttxspace/rp2040-freertos/FreeRTOS-Kernel/list.c.obj
                0x0000000010000bec                vListInitialiseItem
 .text.vListInsert
                0x0000000010000bf4       0x30 CMakeFiles/mcp9808_x2_max_speed.dir/home/analys/nuttxspace/rp2040-freertos/FreeRTOS-Kernel/list.c.obj
                0x0000000010000bf4                vListInsert
 .text.uxListRemove
                0x0000000010000c24       0x24 CMakeFiles/mcp9808_x2_max_speed.dir/home/analys/nuttxspace/rp2040-freertos/FreeRTOS-Kernel/list.c.obj
                0x0000000010000c24                uxListRemove
 .text.prvUnlockQueue
                0x0000000010000c48      0x148 CMakeFiles/mcp9808_x2_max_speed.dir/home/analys/nuttxspace/rp2040-freertos/FreeRTOS-Kernel/queue.c.obj
 .text.prvNotifyQueueSetContainer
                0x0000000010000d90       0x9c CMakeFiles/mcp9808_x2_max_speed.dir/home/analys/nuttxspace/rp2040-freertos/FreeRTOS-Kernel/queue.c.obj
 .text.xQueueGenericCreate
                0x0000000010000e2c       0xa0 CMakeFiles/mcp9808_x2_max_speed.dir/home/analys/nuttxspace/rp2040-freertos/FreeRTOS-Kernel/queue.c.obj
                0x0000000010000e2c                xQueueGenericCreate
 .text.xQueueGenericSend
                0x0000000010000ecc      0x1cc CMakeFiles/mcp9808_x2_max_speed.dir/home/analys/nuttxspace/rp2040-freertos/FreeRTOS-Kernel/queue.c.obj
                0x0000000010000ecc                xQueueGenericSend
 .text.xQueueCreateMutex
                0x0000000010001098       0x6c CMakeFiles/mcp9808_x2_max_speed.dir/home/analys/nuttxspace/rp2040-freertos/FreeRTOS-Kernel/queue.c.obj
                0x0000000010001098                xQueueCreateMutex
 .text.xQueueGenericSendFromISR
                0x0000000010001104      0x134 CMakeFiles/mcp9808_x2_max_speed.dir/home/analys/nuttxspace/rp2040-freertos/FreeRTOS-Kernel/queue.c.obj
                0x0000000010001104                xQueueGenericSendFromISR
 .text.xQueueGiveFromISR
                0x0000000010001238       0x7c CMakeFiles/mcp9808_x2_max_speed.dir/home/analys/nuttxspace/rp2040-freertos/FreeRTOS-Kernel/queue.c.obj
                0x0000000010001238                xQueueGiveFromISR
 .text.xQueueReceive
                0x00000000100012b4      0x124 CMakeFiles/mcp9808_x2_max_speed.dir/home/analys/nuttxspace/rp2040-freertos/FreeRTOS-Kernel/queue.c.obj
                0x00000000100012b4                xQueueReceive
 .text.xQueueSemaphoreTake
                0x00000000100013d8      0x150 CMakeFiles/mcp9808_x2_max_speed.dir/home/analys/nuttxspace/rp2040-freertos/FreeRTOS-Kernel/queue.c.obj
                0x00000000100013d8                xQueueSemaphoreTake
 .text.uxQueueMessagesWaiting
                0x0000000010001528       0x14 CMakeFiles/mcp9808_x2_max_speed.dir/home/analys/nuttxspace/rp2040-freertos/FreeRTOS-Kernel/queue.c.obj
                0x0000000010001528                uxQueueMessagesWaiting
 .text.vQueueAddToRegistry
                0x000000001000153c       0xec CMakeFiles/mcp9808_x2_max_speed.dir/home/analys/nuttxspace/rp2040-freertos/FreeRTOS-Kernel/queue.c.obj
                0x000000001000153c                vQueueAddToRegistry
 .text.vQueueWaitForMessageRestricted
                0x0000000010001628       0x48 CMakeFiles/mcp9808_x2_max_speed.dir/home/analys/nuttxspace/rp2040-freertos/FreeRTOS-Kernel/queue.c.obj
                0x0000000010001628                vQueueWaitForMessageRestricted
 .text.prvIdleTask
                0x0000000010001670       0x60 CMakeFiles/mcp9808_x2_max_speed.dir/home/analys/nuttxspace/rp2040-freertos/FreeRTOS-Kernel/tasks.c.obj
 .text.vTaskSwitchContext.part.0
                0x00000000100016d0       0x80 CMakeFiles/mcp9808_x2_max_speed.dir/home/analys/nuttxspace/rp2040-freertos/FreeRTOS-Kernel/tasks.c.obj
 .text.xTaskCreate
                0x0000000010001750      0x280 CMakeFiles/mcp9808_x2_max_speed.dir/home/analys/nuttxspace/rp2040-freertos/FreeRTOS-Kernel/tasks.c.obj
                0x0000000010001750                xTaskCreate
 .text.vTaskStartScheduler
                0x00000000100019d0      0x1e0 CMakeFiles/mcp9808_x2_max_speed.dir/home/analys/nuttxspace/rp2040-freertos/FreeRTOS-Kernel/tasks.c.obj
                0x00000000100019d0                vTaskStartScheduler
 .text.vTaskSuspendAll
                0x0000000010001bb0       0x10 CMakeFiles/mcp9808_x2_max_speed.dir/home/analys/nuttxspace/rp2040-freertos/FreeRTOS-Kernel/tasks.c.obj
                0x0000000010001bb0                vTaskSuspendAll
 .text.xTaskGetTickCount
                0x0000000010001bc0        0xc CMakeFiles/mcp9808_x2_max_speed.dir/home/analys/nuttxspace/rp2040-freertos/FreeRTOS-Kernel/tasks.c.obj
                0x0000000010001bc0                xTaskGetTickCount
 .text.uxTaskGetNumberOfTasks
                0x0000000010001bcc        0xc CMakeFiles/mcp9808_x2_max_speed.dir/home/analys/nuttxspace/rp2040-freertos/FreeRTOS-Kernel/tasks.c.obj
                0x0000000010001bcc                uxTaskGetNumberOfTasks
 .text.xTaskIncrementTick
                0x0000000010001bd8      0x1cc CMakeFiles/mcp9808_x2_max_speed.dir/home/analys/nuttxspace/rp2040-freertos/FreeRTOS-Kernel/tasks.c.obj
                0x0000000010001bd8                xTaskIncrementTick
 .text.xTaskResumeAll
                0x0000000010001da4      0x174 CMakeFiles/mcp9808_x2_max_speed.dir/home/analys/nuttxspace/rp2040-freertos/FreeRTOS-Kernel/tasks.c.obj
                0x0000000010001da4                xTaskResumeAll
 .text.vTaskDelay
                0x0000000010001f18       0x78 CMakeFiles/mcp9808_x2_max_speed.dir/home/analys/nuttxspace/rp2040-freertos/FreeRTOS-Kernel/tasks.c.obj
                0x0000000010001f18                vTaskDelay
 .text.vTaskSwitchContext
                0x0000000010001f90       0x20 CMakeFiles/mcp9808_x2_max_speed.dir/home/analys/nuttxspace/rp2040-freertos/FreeRTOS-Kernel/tasks.c.obj
                0x0000000010001f90                vTaskSwitchContext
 .text.vTaskPlaceOnEventList
                0x0000000010001fb0       0x98 CMakeFiles/mcp9808_x2_max_speed.dir/home/analys/nuttxspace/rp2040-freertos/FreeRTOS-Kernel/tasks.c.obj
                0x0000000010001fb0                vTaskPlaceOnEventList
 .text.vTaskPlaceOnUnorderedEventList
                0x0000000010002048       0xbc CMakeFiles/mcp9808_x2_max_speed.dir/home/analys/nuttxspace/rp2040-freertos/FreeRTOS-Kernel/tasks.c.obj
                0x0000000010002048                vTaskPlaceOnUnorderedEventList
 .text.vTaskPlaceOnEventListRestricted
                0x0000000010002104       0xc4 CMakeFiles/mcp9808_x2_max_speed.dir/home/analys/nuttxspace/rp2040-freertos/FreeRTOS-Kernel/tasks.c.obj
                0x0000000010002104                vTaskPlaceOnEventListRestricted
 .text.xTaskRemoveFromEventList
                0x00000000100021c8       0xd8 CMakeFiles/mcp9808_x2_max_speed.dir/home/analys/nuttxspace/rp2040-freertos/FreeRTOS-Kernel/tasks.c.obj
                0x00000000100021c8                xTaskRemoveFromEventList
 .text.vTaskRemoveFromUnorderedEventList
                0x00000000100022a0       0x98 CMakeFiles/mcp9808_x2_max_speed.dir/home/analys/nuttxspace/rp2040-freertos/FreeRTOS-Kernel/tasks.c.obj
                0x00000000100022a0                vTaskRemoveFromUnorderedEventList
 .text.vTaskInternalSetTimeOutState
                0x0000000010002338       0x18 CMakeFiles/mcp9808_x2_max_speed.dir/home/analys/nuttxspace/rp2040-freertos/FreeRTOS-Kernel/tasks.c.obj
                0x0000000010002338                vTaskInternalSetTimeOutState
 .text.xTaskCheckForTimeOut
                0x0000000010002350       0x74 CMakeFiles/mcp9808_x2_max_speed.dir/home/analys/nuttxspace/rp2040-freertos/FreeRTOS-Kernel/tasks.c.obj
                0x0000000010002350                xTaskCheckForTimeOut
 .text.vTaskMissedYield
                0x00000000100023c4        0xc CMakeFiles/mcp9808_x2_max_speed.dir/home/analys/nuttxspace/rp2040-freertos/FreeRTOS-Kernel/tasks.c.obj
                0x00000000100023c4                vTaskMissedYield
 .text.xTaskGetCurrentTaskHandle
                0x00000000100023d0        0xc CMakeFiles/mcp9808_x2_max_speed.dir/home/analys/nuttxspace/rp2040-freertos/FreeRTOS-Kernel/tasks.c.obj
                0x00000000100023d0                xTaskGetCurrentTaskHandle
 .text.xTaskPriorityInherit
                0x00000000100023dc       0x94 CMakeFiles/mcp9808_x2_max_speed.dir/home/analys/nuttxspace/rp2040-freertos/FreeRTOS-Kernel/tasks.c.obj
                0x00000000100023dc                xTaskPriorityInherit
 .text.xTaskPriorityDisinherit
                0x0000000010002470       0x64 CMakeFiles/mcp9808_x2_max_speed.dir/home/analys/nuttxspace/rp2040-freertos/FreeRTOS-Kernel/tasks.c.obj
                0x0000000010002470                xTaskPriorityDisinherit
 .text.vTaskPriorityDisinheritAfterTimeout
                0x00000000100024d4       0x80 CMakeFiles/mcp9808_x2_max_speed.dir/home/analys/nuttxspace/rp2040-freertos/FreeRTOS-Kernel/tasks.c.obj
                0x00000000100024d4                vTaskPriorityDisinheritAfterTimeout
 .text.uxTaskResetEventItemValue
                0x0000000010002554       0x18 CMakeFiles/mcp9808_x2_max_speed.dir/home/analys/nuttxspace/rp2040-freertos/FreeRTOS-Kernel/tasks.c.obj
                0x0000000010002554                uxTaskResetEventItemValue
 .text.pvTaskIncrementMutexHeldCount
                0x000000001000256c       0x18 CMakeFiles/mcp9808_x2_max_speed.dir/home/analys/nuttxspace/rp2040-freertos/FreeRTOS-Kernel/tasks.c.obj
                0x000000001000256c                pvTaskIncrementMutexHeldCount
 .text.prvTimerTask
                0x0000000010002584      0x360 CMakeFiles/mcp9808_x2_max_speed.dir/home/analys/nuttxspace/rp2040-freertos/FreeRTOS-Kernel/timers.c.obj
 .text.xTimerCreateTimerTask
                0x00000000100028e4       0x8c CMakeFiles/mcp9808_x2_max_speed.dir/home/analys/nuttxspace/rp2040-freertos/FreeRTOS-Kernel/timers.c.obj
                0x00000000100028e4                xTimerCreateTimerTask
 .text.xTimerPendFunctionCallFromISR
                0x0000000010002970       0x28 CMakeFiles/mcp9808_x2_max_speed.dir/home/analys/nuttxspace/rp2040-freertos/FreeRTOS-Kernel/timers.c.obj
                0x0000000010002970                xTimerPendFunctionCallFromISR
 .text.exception_set_exclusive_handler
                0x0000000010002998       0x48 CMakeFiles/mcp9808_x2_max_speed.dir/home/analys/nuttxspace/pico-sdk/src/rp2_common/hardware_exception/exception.c.obj
                0x0000000010002998                exception_set_exclusive_handler
 .text.running_on_fpga
                0x00000000100029e0       0x10 CMakeFiles/mcp9808_x2_max_speed.dir/home/analys/nuttxspace/pico-sdk/src/rp2_common/pico_platform/platform.c.obj
                0x00000000100029e0                running_on_fpga
 .text.hw_claim_or_assert
                0x00000000100029f0       0x48 CMakeFiles/mcp9808_x2_max_speed.dir/home/analys/nuttxspace/pico-sdk/src/rp2_common/hardware_claim/claim.c.obj
                0x00000000100029f0                hw_claim_or_assert
 .text.hw_claim_unused_from_range
                0x0000000010002a38       0x9c CMakeFiles/mcp9808_x2_max_speed.dir/home/analys/nuttxspace/pico-sdk/src/rp2_common/hardware_claim/claim.c.obj
                0x0000000010002a38                hw_claim_unused_from_range
 .text.hw_claim_clear
                0x0000000010002ad4       0x38 CMakeFiles/mcp9808_x2_max_speed.dir/home/analys/nuttxspace/pico-sdk/src/rp2_common/hardware_claim/claim.c.obj
                0x0000000010002ad4                hw_claim_clear
 .text.spin_locks_reset
                0x0000000010002b0c       0x1c CMakeFiles/mcp9808_x2_max_speed.dir/home/analys/nuttxspace/pico-sdk/src/rp2_common/hardware_sync/sync.c.obj
                0x0000000010002b0c                spin_locks_reset
 .text.next_striped_spin_lock_num
                0x0000000010002b28       0x18 CMakeFiles/mcp9808_x2_max_speed.dir/home/analys/nuttxspace/pico-sdk/src/rp2_common/hardware_sync/sync.c.obj
                0x0000000010002b28                next_striped_spin_lock_num
 .text.pvPortMalloc
                0x0000000010002b40       0x80 CMakeFiles/mcp9808_x2_max_speed.dir/home/analys/nuttxspace/rp2040-freertos/FreeRTOS-Kernel/portable/MemMang/heap_1.c.obj
                0x0000000010002b40                pvPortMalloc
 .text.vPortFree
                0x0000000010002bc0        0x4 CMakeFiles/mcp9808_x2_max_speed.dir/home/analys/nuttxspace/rp2040-freertos/FreeRTOS-Kernel/portable/MemMang/heap_1.c.obj
                0x0000000010002bc0                vPortFree
 .text.gpio_set_function
                0x0000000010002bc4       0x30 CMakeFiles/mcp9808_x2_max_speed.dir/home/analys/nuttxspace/pico-sdk/src/rp2_common/hardware_gpio/gpio.c.obj
                0x0000000010002bc4                gpio_set_function
 .text.gpio_set_pulls
                0x0000000010002bf4       0x30 CMakeFiles/mcp9808_x2_max_speed.dir/home/analys/nuttxspace/pico-sdk/src/rp2_common/hardware_gpio/gpio.c.obj
                0x0000000010002bf4                gpio_set_pulls
 .text.gpio_init
                0x0000000010002c24       0x3c CMakeFiles/mcp9808_x2_max_speed.dir/home/analys/nuttxspace/pico-sdk/src/rp2_common/hardware_gpio/gpio.c.obj
                0x0000000010002c24                gpio_init
 .text.irq_set_enabled
                0x0000000010002c60       0x24 CMakeFiles/mcp9808_x2_max_speed.dir/home/analys/nuttxspace/pico-sdk/src/rp2_common/hardware_irq/irq.c.obj
                0x0000000010002c60                irq_set_enabled
 .text.irq_get_vtable_handler
                0x0000000010002c84       0x10 CMakeFiles/mcp9808_x2_max_speed.dir/home/analys/nuttxspace/pico-sdk/src/rp2_common/hardware_irq/irq.c.obj
                0x0000000010002c84                irq_get_vtable_handler
 .text.irq_set_exclusive_handler
                0x0000000010002c94       0x54 CMakeFiles/mcp9808_x2_max_speed.dir/home/analys/nuttxspace/pico-sdk/src/rp2_common/hardware_irq/irq.c.obj
                0x0000000010002c94                irq_set_exclusive_handler
 .text.irq_remove_handler
                0x0000000010002ce8      0x1b4 CMakeFiles/mcp9808_x2_max_speed.dir/home/analys/nuttxspace/pico-sdk/src/rp2_common/hardware_irq/irq.c.obj
                0x0000000010002ce8                irq_remove_handler
 .text.irq_add_tail_to_free_list
                0x0000000010002e9c       0xb4 CMakeFiles/mcp9808_x2_max_speed.dir/home/analys/nuttxspace/pico-sdk/src/rp2_common/hardware_irq/irq.c.obj
                0x0000000010002e9c                irq_add_tail_to_free_list
 .text.irq_init_priorities
                0x0000000010002f50       0x24 CMakeFiles/mcp9808_x2_max_speed.dir/home/analys/nuttxspace/pico-sdk/src/rp2_common/hardware_irq/irq.c.obj
                0x0000000010002f50                irq_init_priorities
 .text.lock_init
                0x0000000010002f74       0x10 CMakeFiles/mcp9808_x2_max_speed.dir/home/analys/nuttxspace/pico-sdk/src/common/pico_sync/lock_core.c.obj
                0x0000000010002f74                lock_init
 .text.mutex_init
                0x0000000010002f84       0x1c CMakeFiles/mcp9808_x2_max_speed.dir/home/analys/nuttxspace/pico-sdk/src/common/pico_sync/mutex.c.obj
                0x0000000010002f84                mutex_init
 .text.recursive_mutex_init
                0x0000000010002fa0       0x20 CMakeFiles/mcp9808_x2_max_speed.dir/home/analys/nuttxspace/pico-sdk/src/common/pico_sync/mutex.c.obj
                0x0000000010002fa0                recursive_mutex_init
 .text.timer_pool_entry_comparator
                0x0000000010002fc0       0x34 CMakeFiles/mcp9808_x2_max_speed.dir/home/analys/nuttxspace/pico-sdk/src/common/pico_time/time.c.obj
                0x0000000010002fc0                timer_pool_entry_comparator
 .text.sleep_until_callback
                0x0000000010002ff4       0x24 CMakeFiles/mcp9808_x2_max_speed.dir/home/analys/nuttxspace/pico-sdk/src/common/pico_time/time.c.obj
 .text.add_alarm_under_lock
                0x0000000010003018      0x108 CMakeFiles/mcp9808_x2_max_speed.dir/home/analys/nuttxspace/pico-sdk/src/common/pico_time/time.c.obj
 .text.alarm_pool_alarm_callback
                0x0000000010003120      0x1bc CMakeFiles/mcp9808_x2_max_speed.dir/home/analys/nuttxspace/pico-sdk/src/common/pico_time/time.c.obj
 .text.alarm_pool_init_default
                0x00000000100032dc       0x6c CMakeFiles/mcp9808_x2_max_speed.dir/home/analys/nuttxspace/pico-sdk/src/common/pico_time/time.c.obj
                0x00000000100032dc                alarm_pool_init_default
 .text.alarm_pool_add_alarm_at
                0x0000000010003348      0x18c CMakeFiles/mcp9808_x2_max_speed.dir/home/analys/nuttxspace/pico-sdk/src/common/pico_time/time.c.obj
                0x0000000010003348                alarm_pool_add_alarm_at
 .text.best_effort_wfe_or_timeout
                0x00000000100034d4       0xd4 CMakeFiles/mcp9808_x2_max_speed.dir/home/analys/nuttxspace/pico-sdk/src/common/pico_time/time.c.obj
                0x00000000100034d4                best_effort_wfe_or_timeout
 .text.hardware_alarm_irq_handler
                0x00000000100035a8       0xbc CMakeFiles/mcp9808_x2_max_speed.dir/home/analys/nuttxspace/pico-sdk/src/rp2_common/hardware_timer/timer.c.obj
 .text.hardware_alarm_claim
                0x0000000010003664       0x18 CMakeFiles/mcp9808_x2_max_speed.dir/home/analys/nuttxspace/pico-sdk/src/rp2_common/hardware_timer/timer.c.obj
                0x0000000010003664                hardware_alarm_claim
 .text.time_us_64
                0x000000001000367c       0x14 CMakeFiles/mcp9808_x2_max_speed.dir/home/analys/nuttxspace/pico-sdk/src/rp2_common/hardware_timer/timer.c.obj
                0x000000001000367c                time_us_64
 .text.busy_wait_us
                0x0000000010003690       0x54 CMakeFiles/mcp9808_x2_max_speed.dir/home/analys/nuttxspace/pico-sdk/src/rp2_common/hardware_timer/timer.c.obj
                0x0000000010003690                busy_wait_us
 .text.hardware_alarm_set_callback
                0x00000000100036e4       0x8c CMakeFiles/mcp9808_x2_max_speed.dir/home/analys/nuttxspace/pico-sdk/src/rp2_common/hardware_timer/timer.c.obj
                0x00000000100036e4                hardware_alarm_set_callback
 .text.hardware_alarm_set_target
                0x0000000010003770       0xd4 CMakeFiles/mcp9808_x2_max_speed.dir/home/analys/nuttxspace/pico-sdk/src/rp2_common/hardware_timer/timer.c.obj
                0x0000000010003770                hardware_alarm_set_target
 .text.hardware_alarm_cancel
                0x0000000010003844       0x40 CMakeFiles/mcp9808_x2_max_speed.dir/home/analys/nuttxspace/pico-sdk/src/rp2_common/hardware_timer/timer.c.obj
                0x0000000010003844                hardware_alarm_cancel
 .text.ph_merge_nodes
                0x0000000010003884       0x68 CMakeFiles/mcp9808_x2_max_speed.dir/home/analys/nuttxspace/pico-sdk/src/common/pico_util/pheap.c.obj
 .text.ph_post_alloc_init
                0x00000000100038ec       0x3c CMakeFiles/mcp9808_x2_max_speed.dir/home/analys/nuttxspace/pico-sdk/src/common/pico_util/pheap.c.obj
                0x00000000100038ec                ph_post_alloc_init
 .text.ph_merge_two_pass
                0x0000000010003928       0x90 CMakeFiles/mcp9808_x2_max_speed.dir/home/analys/nuttxspace/pico-sdk/src/common/pico_util/pheap.c.obj
                0x0000000010003928                ph_merge_two_pass
 .text.ph_remove_any_head
                0x00000000100039b8      0x100 CMakeFiles/mcp9808_x2_max_speed.dir/home/analys/nuttxspace/pico-sdk/src/common/pico_util/pheap.c.obj
 .text.ph_remove_head
                0x0000000010003ab8      0x144 CMakeFiles/mcp9808_x2_max_speed.dir/home/analys/nuttxspace/pico-sdk/src/common/pico_util/pheap.c.obj
                0x0000000010003ab8                ph_remove_head
 .text.ph_remove_and_free_node
                0x0000000010003bfc       0x7c CMakeFiles/mcp9808_x2_max_speed.dir/home/analys/nuttxspace/pico-sdk/src/common/pico_util/pheap.c.obj
                0x0000000010003bfc                ph_remove_and_free_node
 .text.uart_init
                0x0000000010003c78      0x188 CMakeFiles/mcp9808_x2_max_speed.dir/home/analys/nuttxspace/pico-sdk/src/rp2_common/hardware_uart/uart.c.obj
                0x0000000010003c78                uart_init
 .text.clocks_init
                0x0000000010003e00      0x2d0 CMakeFiles/mcp9808_x2_max_speed.dir/home/analys/nuttxspace/pico-sdk/src/rp2_common/hardware_clocks/clocks.c.obj
                0x0000000010003e00                clocks_init
 .text.clock_get_hz
                0x00000000100040d0        0xc CMakeFiles/mcp9808_x2_max_speed.dir/home/analys/nuttxspace/pico-sdk/src/rp2_common/hardware_clocks/clocks.c.obj
                0x00000000100040d0                clock_get_hz
 .text.frequency_count_khz
                0x00000000100040dc       0x48 CMakeFiles/mcp9808_x2_max_speed.dir/home/analys/nuttxspace/pico-sdk/src/rp2_common/hardware_clocks/clocks.c.obj
                0x00000000100040dc                frequency_count_khz
 .text.pll_init
                0x0000000010004124       0xa0 CMakeFiles/mcp9808_x2_max_speed.dir/home/analys/nuttxspace/pico-sdk/src/rp2_common/hardware_pll/pll.c.obj
                0x0000000010004124                pll_init
 .text.watchdog_start_tick
                0x00000000100041c4       0x10 CMakeFiles/mcp9808_x2_max_speed.dir/home/analys/nuttxspace/pico-sdk/src/rp2_common/hardware_watchdog/watchdog.c.obj
                0x00000000100041c4                watchdog_start_tick
 .text.xosc_init
                0x00000000100041d4       0x28 CMakeFiles/mcp9808_x2_max_speed.dir/home/analys/nuttxspace/pico-sdk/src/rp2_common/hardware_xosc/xosc.c.obj
                0x00000000100041d4                xosc_init
 .text.runtime_init
                0x00000000100041fc       0xf0 CMakeFiles/mcp9808_x2_max_speed.dir/home/analys/nuttxspace/pico-sdk/src/rp2_common/pico_runtime/runtime.c.obj
                0x00000000100041fc                runtime_init
 .text._exit    0x00000000100042ec        0x4 CMakeFiles/mcp9808_x2_max_speed.dir/home/analys/nuttxspace/pico-sdk/src/rp2_common/pico_runtime/runtime.c.obj
                0x00000000100042ec                _exit
 .text.exit     0x00000000100042f0        0x8 CMakeFiles/mcp9808_x2_max_speed.dir/home/analys/nuttxspace/pico-sdk/src/rp2_common/pico_runtime/runtime.c.obj
                0x00000000100042f0                exit
 .text.panic    0x00000000100042f8       0x30 CMakeFiles/mcp9808_x2_max_speed.dir/home/analys/nuttxspace/pico-sdk/src/rp2_common/pico_runtime/runtime.c.obj
                0x00000000100042f8                panic
 .text.panic_unsupported
                0x0000000010004328        0xc CMakeFiles/mcp9808_x2_max_speed.dir/home/analys/nuttxspace/pico-sdk/src/rp2_common/pico_runtime/runtime.c.obj
                0x0000000010004328                panic_unsupported
 .text.hard_assertion_failure
                0x0000000010004334        0xc CMakeFiles/mcp9808_x2_max_speed.dir/home/analys/nuttxspace/pico-sdk/src/rp2_common/pico_runtime/runtime.c.obj
                0x0000000010004334                hard_assertion_failure
 .text._out_null
                0x0000000010004340        0x4 CMakeFiles/mcp9808_x2_max_speed.dir/home/analys/nuttxspace/pico-sdk/src/rp2_common/pico_printf/printf.c.obj
 .text._out_rev
                0x0000000010004344       0xd0 CMakeFiles/mcp9808_x2_max_speed.dir/home/analys/nuttxspace/pico-sdk/src/rp2_common/pico_printf/printf.c.obj
 .text._ntoa_format
                0x0000000010004414      0x1d0 CMakeFiles/mcp9808_x2_max_speed.dir/home/analys/nuttxspace/pico-sdk/src/rp2_common/pico_printf/printf.c.obj
 .text._out_char
                0x00000000100045e4       0x10 CMakeFiles/mcp9808_x2_max_speed.dir/home/analys/nuttxspace/pico-sdk/src/rp2_common/pico_printf/printf.c.obj
 .text._out_fct
                0x00000000100045f4       0x10 CMakeFiles/mcp9808_x2_max_speed.dir/home/analys/nuttxspace/pico-sdk/src/rp2_common/pico_printf/printf.c.obj
 .text._etoa    0x0000000010004604      0x478 CMakeFiles/mcp9808_x2_max_speed.dir/home/analys/nuttxspace/pico-sdk/src/rp2_common/pico_printf/printf.c.obj
 .text._ftoa    0x0000000010004a7c      0x3e0 CMakeFiles/mcp9808_x2_max_speed.dir/home/analys/nuttxspace/pico-sdk/src/rp2_common/pico_printf/printf.c.obj
 .text._vsnprintf
                0x0000000010004e5c      0xb08 CMakeFiles/mcp9808_x2_max_speed.dir/home/analys/nuttxspace/pico-sdk/src/rp2_common/pico_printf/printf.c.obj
 .text.vfctprintf
                0x0000000010005964       0x20 CMakeFiles/mcp9808_x2_max_speed.dir/home/analys/nuttxspace/pico-sdk/src/rp2_common/pico_printf/printf.c.obj
                0x0000000010005964                vfctprintf
 .text.weak_raw_vprintf
                0x0000000010005984       0x30 CMakeFiles/mcp9808_x2_max_speed.dir/home/analys/nuttxspace/pico-sdk/src/rp2_common/pico_printf/printf.c.obj
                0x0000000010005984                weak_raw_vprintf
 .text          0x00000000100059b4       0x10 CMakeFiles/mcp9808_x2_max_speed.dir/home/analys/nuttxspace/pico-sdk/src/rp2_common/pico_bit_ops/bit_ops_aeabi.S.obj
 .text.rom_func_lookup
                0x00000000100059c4       0x10 CMakeFiles/mcp9808_x2_max_speed.dir/home/analys/nuttxspace/pico-sdk/src/rp2_common/pico_bootrom/bootrom.c.obj
                0x00000000100059c4                rom_func_lookup
 .text.rom_data_lookup
                0x00000000100059d4       0x10 CMakeFiles/mcp9808_x2_max_speed.dir/home/analys/nuttxspace/pico-sdk/src/rp2_common/pico_bootrom/bootrom.c.obj
                0x00000000100059d4                rom_data_lookup
 .text.rom_funcs_lookup
                0x00000000100059e4       0x3c CMakeFiles/mcp9808_x2_max_speed.dir/home/analys/nuttxspace/pico-sdk/src/rp2_common/pico_bootrom/bootrom.c.obj
                0x00000000100059e4                rom_funcs_lookup
 .text.__wrap___aeabi_idiv
                0x0000000010005a20       0x50 CMakeFiles/mcp9808_x2_max_speed.dir/home/analys/nuttxspace/pico-sdk/src/rp2_common/pico_divider/divider.S.obj
                0x0000000010005a20                __wrap___aeabi_idivmod
                0x0000000010005a20                divmod_s32s32
                0x0000000010005a20                div_s32s32
                0x0000000010005a20                __wrap___aeabi_idiv
                0x0000000010005a28                divmod_s32s32_unsafe
                0x0000000010005a54                divmod_s32s32_savestate
 .text.__wrap___aeabi_uidiv
                0x0000000010005a70       0x4c CMakeFiles/mcp9808_x2_max_speed.dir/home/analys/nuttxspace/pico-sdk/src/rp2_common/pico_divider/divider.S.obj
                0x0000000010005a70                __wrap___aeabi_uidiv
                0x0000000010005a70                __wrap___aeabi_uidivmod
                0x0000000010005a70                div_u32u32
                0x0000000010005a70                divmod_u32u32
                0x0000000010005a78                divmod_u32u32_unsafe
                0x0000000010005aa0                divmod_u32u32_savestate
 .text.__wrap___aeabi_ldiv
                0x0000000010005abc      0x424 CMakeFiles/mcp9808_x2_max_speed.dir/home/analys/nuttxspace/pico-sdk/src/rp2_common/pico_divider/divider.S.obj
                0x0000000010005abc                div_s64s64
                0x0000000010005abc                divmod_s64s64
                0x0000000010005abc                __wrap___aeabi_ldivmod
                0x0000000010005aec                div_u64u64
                0x0000000010005aec                divmod_u64u64
                0x0000000010005aec                __wrap___aeabi_uldivmod
                0x0000000010005afc                divmod_u64u64_savestate
                0x0000000010005b1c                divmod_s64s64_unsafe
                0x0000000010005ba4                divmod_u64u64_unsafe
 .text.__wrap___aeabi_darithmetic
                0x0000000010005ee0       0x80 CMakeFiles/mcp9808_x2_max_speed.dir/home/analys/nuttxspace/pico-sdk/src/rp2_common/pico_double/double_aeabi.S.obj
                0x0000000010005ee0                __wrap___aeabi_drsub
                0x0000000010005ee6                __wrap___aeabi_dsub
                0x0000000010005ef8                __wrap___aeabi_dadd
                0x0000000010005f0a                __wrap___aeabi_ddiv
                0x0000000010005f46                __wrap___aeabi_dmul
 .text.__wrap___aeabi_cdcmple
                0x0000000010005f60       0x6c CMakeFiles/mcp9808_x2_max_speed.dir/home/analys/nuttxspace/pico-sdk/src/rp2_common/pico_double/double_aeabi.S.obj
                0x0000000010005f60                __wrap___aeabi_cdrcmple
                0x0000000010005f70                __wrap___aeabi_cdcmple
                0x0000000010005f70                __wrap___aeabi_cdcmpeq
 .text.__wrap___aeabi_dcmplt
                0x0000000010005fcc        0xc CMakeFiles/mcp9808_x2_max_speed.dir/home/analys/nuttxspace/pico-sdk/src/rp2_common/pico_double/double_aeabi.S.obj
                0x0000000010005fcc                __wrap___aeabi_dcmplt
 .text.__wrap___aeabi_dcmple
                0x0000000010005fd8       0x10 CMakeFiles/mcp9808_x2_max_speed.dir/home/analys/nuttxspace/pico-sdk/src/rp2_common/pico_double/double_aeabi.S.obj
                0x0000000010005fd8                __wrap___aeabi_dcmple
 .text.__wrap___aeabi_dcmpge
                0x0000000010005fe8       0x10 CMakeFiles/mcp9808_x2_max_speed.dir/home/analys/nuttxspace/pico-sdk/src/rp2_common/pico_double/double_aeabi.S.obj
                0x0000000010005fe8                __wrap___aeabi_dcmpge
 .text.__wrap___aeabi_dcmpgt
                0x0000000010005ff8        0xa CMakeFiles/mcp9808_x2_max_speed.dir/home/analys/nuttxspace/pico-sdk/src/rp2_common/pico_double/double_aeabi.S.obj
                0x0000000010005ff8                __wrap___aeabi_dcmpgt
 .text.__wrap___aeabi_dcmpun
                0x0000000010006002       0x1c CMakeFiles/mcp9808_x2_max_speed.dir/home/analys/nuttxspace/pico-sdk/src/rp2_common/pico_double/double_aeabi.S.obj
                0x0000000010006002                __wrap___aeabi_dcmpun
 *fill*         0x000000001000601e        0x2 
 .text.__wrap___aeabi_i2d
                0x0000000010006020       0x38 CMakeFiles/mcp9808_x2_max_speed.dir/home/analys/nuttxspace/pico-sdk/src/rp2_common/pico_double/double_aeabi.S.obj
                0x0000000010006020                __wrap___aeabi_ui2d
                0x0000000010006028                __wrap___aeabi_i2d
 .text.__wrap___aeabi_d2iz
                0x0000000010006058       0x48 CMakeFiles/mcp9808_x2_max_speed.dir/home/analys/nuttxspace/pico-sdk/src/rp2_common/pico_double/double_aeabi.S.obj
                0x0000000010006058                __wrap___aeabi_d2iz
                0x0000000010006058                double2int_z
 .text.__wrap___aeabi_d2uiz
                0x00000000100060a0       0x18 CMakeFiles/mcp9808_x2_max_speed.dir/home/analys/nuttxspace/pico-sdk/src/rp2_common/pico_double/double_aeabi.S.obj
                0x00000000100060a0                double2uint
                0x00000000100060a0                __wrap___aeabi_d2uiz
 .text.__aeabi_double_init
                0x00000000100060b8       0xc0 CMakeFiles/mcp9808_x2_max_speed.dir/home/analys/nuttxspace/pico-sdk/src/rp2_common/pico_double/double_init_rom.c.obj
                0x00000000100060b8                __aeabi_double_init
 .text.double_table_shim_on_use_helper
                0x0000000010006178       0x2c CMakeFiles/mcp9808_x2_max_speed.dir/home/analys/nuttxspace/pico-sdk/src/rp2_common/pico_double/double_v1_rom_shim.S.obj
                0x0000000010006178                double_table_shim_on_use_helper
 .text.__wrap___aeabi_dsub
                0x00000000100061a4       0x10 CMakeFiles/mcp9808_x2_max_speed.dir/home/analys/nuttxspace/pico-sdk/src/rp2_common/pico_double/double_v1_rom_shim.S.obj
                0x00000000100061a4                drsub_shim
                0x00000000100061aa                dsub_shim
 .text.dadd_shim
                0x00000000100061b4      0x15c CMakeFiles/mcp9808_x2_max_speed.dir/home/analys/nuttxspace/pico-sdk/src/rp2_common/pico_double/double_v1_rom_shim.S.obj
                0x00000000100061b4                dadd_shim
 .text.dmul_shim
                0x0000000010006310      0x15c CMakeFiles/mcp9808_x2_max_speed.dir/home/analys/nuttxspace/pico-sdk/src/rp2_common/pico_double/double_v1_rom_shim.S.obj
                0x0000000010006310                dmul_shim
 .text.ddiv_shim
                0x000000001000646c      0x1b0 CMakeFiles/mcp9808_x2_max_speed.dir/home/analys/nuttxspace/pico-sdk/src/rp2_common/pico_double/double_v1_rom_shim.S.obj
                0x000000001000646c                ddiv_shim
 .text.double2uint_shim
                0x000000001000661c        0xe CMakeFiles/mcp9808_x2_max_speed.dir/home/analys/nuttxspace/pico-sdk/src/rp2_common/pico_double/double_v1_rom_shim.S.obj
                0x000000001000661c                double2uint_shim
                0x000000001000661e                double2ufix_shim
 *fill*         0x000000001000662a        0x2 
 .text.double2uint64_shim
                0x000000001000662c       0x70 CMakeFiles/mcp9808_x2_max_speed.dir/home/analys/nuttxspace/pico-sdk/src/rp2_common/pico_double/double_v1_rom_shim.S.obj
                0x000000001000662c                double2uint64_shim
                0x000000001000662e                double2ufix64_shim
                0x000000001000664e                d2fix_a
 .text.dunpacks
                0x000000001000669c       0x3c CMakeFiles/mcp9808_x2_max_speed.dir/home/analys/nuttxspace/pico-sdk/src/rp2_common/pico_double/double_v1_rom_shim.S.obj
                0x000000001000669c                dunpacks
 .text.__aeabi_float_init
                0x00000000100066d8       0x64 CMakeFiles/mcp9808_x2_max_speed.dir/home/analys/nuttxspace/pico-sdk/src/rp2_common/pico_float/float_init_rom.c.obj
                0x00000000100066d8                __aeabi_float_init
 .text.float_table_shim_on_use_helper
                0x000000001000673c       0x2c CMakeFiles/mcp9808_x2_max_speed.dir/home/analys/nuttxspace/pico-sdk/src/rp2_common/pico_float/float_v1_rom_shim.S.obj
                0x000000001000673c                float_table_shim_on_use_helper
 .text          0x0000000010006768       0x10 CMakeFiles/mcp9808_x2_max_speed.dir/home/analys/nuttxspace/pico-sdk/src/rp2_common/pico_mem_ops/mem_ops_aeabi.S.obj
                0x0000000010006768                __aeabi_mem_init
 .text.memset   0x0000000010006778        0xc CMakeFiles/mcp9808_x2_max_speed.dir/home/analys/nuttxspace/pico-sdk/src/rp2_common/pico_mem_ops/mem_ops_aeabi.S.obj
                0x0000000010006778                __wrap_memset
 .text.memcpy   0x0000000010006784        0xc CMakeFiles/mcp9808_x2_max_speed.dir/home/analys/nuttxspace/pico-sdk/src/rp2_common/pico_mem_ops/mem_ops_aeabi.S.obj
                0x0000000010006784                __wrap___aeabi_memcpy
                0x0000000010006784                __wrap_memcpy
 .text.stdio_out_chars_no_crlf
                0x0000000010006790       0x10 CMakeFiles/mcp9808_x2_max_speed.dir/home/analys/nuttxspace/pico-sdk/src/rp2_common/pico_stdio/stdio.c.obj
 .text.stdio_out_chars_crlf
                0x00000000100067a0       0x94 CMakeFiles/mcp9808_x2_max_speed.dir/home/analys/nuttxspace/pico-sdk/src/rp2_common/pico_stdio/stdio.c.obj
 .text.stdio_buffered_printer
                0x0000000010006834       0x64 CMakeFiles/mcp9808_x2_max_speed.dir/home/analys/nuttxspace/pico-sdk/src/rp2_common/pico_stdio/stdio.c.obj
 .text.stdio_put_string
                0x0000000010006898      0x104 CMakeFiles/mcp9808_x2_max_speed.dir/home/analys/nuttxspace/pico-sdk/src/rp2_common/pico_stdio/stdio.c.obj
 .text.__wrap_putchar
                0x000000001000699c       0x98 CMakeFiles/mcp9808_x2_max_speed.dir/home/analys/nuttxspace/pico-sdk/src/rp2_common/pico_stdio/stdio.c.obj
                0x000000001000699c                __wrap_putchar
 .text.__wrap_puts
                0x0000000010006a34       0x3c CMakeFiles/mcp9808_x2_max_speed.dir/home/analys/nuttxspace/pico-sdk/src/rp2_common/pico_stdio/stdio.c.obj
                0x0000000010006a34                __wrap_puts
 .text.stdio_set_driver_enabled
                0x0000000010006a70       0x30 CMakeFiles/mcp9808_x2_max_speed.dir/home/analys/nuttxspace/pico-sdk/src/rp2_common/pico_stdio/stdio.c.obj
                0x0000000010006a70                stdio_set_driver_enabled
 .text.__wrap_vprintf
                0x0000000010006aa0       0xd8 CMakeFiles/mcp9808_x2_max_speed.dir/home/analys/nuttxspace/pico-sdk/src/rp2_common/pico_stdio/stdio.c.obj
                0x0000000010006aa0                __wrap_vprintf
 .text.stdio_init_all
                0x0000000010006b78        0xc CMakeFiles/mcp9808_x2_max_speed.dir/home/analys/nuttxspace/pico-sdk/src/rp2_common/pico_stdio/stdio.c.obj
                0x0000000010006b78                stdio_init_all
 .text.stdio_uart_out_chars
                0x0000000010006b84       0x4c CMakeFiles/mcp9808_x2_max_speed.dir/home/analys/nuttxspace/pico-sdk/src/rp2_common/pico_stdio_uart/stdio_uart.c.obj
 .text.stdio_uart_in_chars
                0x0000000010006bd0       0x84 CMakeFiles/mcp9808_x2_max_speed.dir/home/analys/nuttxspace/pico-sdk/src/rp2_common/pico_stdio_uart/stdio_uart.c.obj
                0x0000000010006bd0                stdio_uart_in_chars
 .text.on_uart_rx
                0x0000000010006c54       0x28 CMakeFiles/mcp9808_x2_max_speed.dir/home/analys/nuttxspace/pico-sdk/src/rp2_common/pico_stdio_uart/stdio_uart.c.obj
 .text.stdio_uart_set_chars_available_callback
                0x0000000010006c7c       0x8c CMakeFiles/mcp9808_x2_max_speed.dir/home/analys/nuttxspace/pico-sdk/src/rp2_common/pico_stdio_uart/stdio_uart.c.obj
 .text.stdio_uart_init
                0x0000000010006d08       0x48 CMakeFiles/mcp9808_x2_max_speed.dir/home/analys/nuttxspace/pico-sdk/src/rp2_common/pico_stdio_uart/stdio_uart.c.obj
                0x0000000010006d08                stdio_uart_init
 .text.i2c1_dma_irq_handler
                0x0000000010006d50       0x60 CMakeFiles/mcp9808_x2_max_speed.dir/__/__/src/i2c_dma.c.obj
 .text.i2c_dma_init_intern
                0x0000000010006db0      0x130 CMakeFiles/mcp9808_x2_max_speed.dir/__/__/src/i2c_dma.c.obj
 .text.i2c0_dma_irq_handler
                0x0000000010006ee0       0x4c CMakeFiles/mcp9808_x2_max_speed.dir/__/__/src/i2c_dma.c.obj
 .text.i2c_dma_init
                0x0000000010006f2c       0x84 CMakeFiles/mcp9808_x2_max_speed.dir/__/__/src/i2c_dma.c.obj
                0x0000000010006f2c                i2c_dma_init
 .text.i2c_dma_write_read
                0x0000000010006fb0      0x358 CMakeFiles/mcp9808_x2_max_speed.dir/__/__/src/i2c_dma.c.obj
                0x0000000010006fb0                i2c_dma_write_read
 .text.dma_channel_unclaim
                0x0000000010007308       0x10 CMakeFiles/mcp9808_x2_max_speed.dir/home/analys/nuttxspace/pico-sdk/src/rp2_common/hardware_dma/dma.c.obj
                0x0000000010007308                dma_channel_unclaim
 .text.dma_claim_unused_channel
                0x0000000010007318       0x20 CMakeFiles/mcp9808_x2_max_speed.dir/home/analys/nuttxspace/pico-sdk/src/rp2_common/hardware_dma/dma.c.obj
                0x0000000010007318                dma_claim_unused_channel
 .text.i2c_set_baudrate
                0x0000000010007338       0xc4 CMakeFiles/mcp9808_x2_max_speed.dir/home/analys/nuttxspace/pico-sdk/src/rp2_common/hardware_i2c/i2c.c.obj
                0x0000000010007338                i2c_set_baudrate
 .text.i2c_init
                0x00000000100073fc       0x54 CMakeFiles/mcp9808_x2_max_speed.dir/home/analys/nuttxspace/pico-sdk/src/rp2_common/hardware_i2c/i2c.c.obj
                0x00000000100073fc                i2c_init
 .text.vApplicationMallocFailedHook
                0x0000000010007450        0x4 CMakeFiles/mcp9808_x2_max_speed.dir/__/common/freertos_hooks.c.obj
                0x0000000010007450                vApplicationMallocFailedHook
 .text.vApplicationStackOverflowHook
                0x0000000010007454        0x4 CMakeFiles/mcp9808_x2_max_speed.dir/__/common/freertos_hooks.c.obj
                0x0000000010007454                vApplicationStackOverflowHook
 .text.vApplicationTickHook
                0x0000000010007458        0x4 CMakeFiles/mcp9808_x2_max_speed.dir/__/common/freertos_hooks.c.obj
                0x0000000010007458                vApplicationTickHook
 .text.mprintf  0x000000001000745c       0x54 CMakeFiles/mcp9808_x2_max_speed.dir/__/common/mprintf.c.obj
                0x000000001000745c                mprintf
 .text          0x00000000100074b0       0x68 /usr/lib/gcc/arm-none-eabi/9.2.1/../../../arm-none-eabi/lib/thumb/v6-m/nofp/libc.a(lib_a-strlen-stub.o)
                0x00000000100074b0                strlen
 *(.fini)
 .fini          0x0000000010007518        0x4 /usr/lib/gcc/arm-none-eabi/9.2.1/thumb/v6-m/nofp/crti.o
                0x0000000010007518                _fini
 *fill*         0x000000001000751c        0x4 
 .fini.__stub   0x0000000010007520       0x40 linker stubs
 *crtbegin.o(.ctors)
 *crtbegin?.o(.ctors)
 *(EXCLUDE_FILE(*crtend.o *crtend?.o) .ctors)
 *(SORT_BY_NAME(.ctors.*))
 *(.ctors)
 *crtbegin.o(.dtors)
 *crtbegin?.o(.dtors)
 *(EXCLUDE_FILE(*crtend.o *crtend?.o) .dtors)
 *(SORT_BY_NAME(.dtors.*))
 *(.dtors)
 *(.eh_frame*)
 .eh_frame      0x0000000010007560        0x0 /usr/lib/gcc/arm-none-eabi/9.2.1/thumb/v6-m/nofp/crtbegin.o
                0x0000000010007560                . = ALIGN (0x4)

.glue_7         0x0000000010007560        0x0
 .glue_7        0x0000000010007560        0x0 linker stubs

.glue_7t        0x0000000010007560        0x0
 .glue_7t       0x0000000010007560        0x0 linker stubs

.vfp11_veneer   0x0000000010007560        0x0
 .vfp11_veneer  0x0000000010007560        0x0 linker stubs

.v4_bx          0x0000000010007560        0x0
 .v4_bx         0x0000000010007560        0x0 linker stubs

.iplt           0x0000000010007560        0x0
 .iplt          0x0000000010007560        0x0 /usr/lib/gcc/arm-none-eabi/9.2.1/thumb/v6-m/nofp/crtbegin.o

.rodata         0x0000000010007560      0x4e4
 *(EXCLUDE_FILE(*libm.a: *libc.a:*lib_a-mem*.o *libgcc.a:) .rodata*)
 .rodata.waste_time_task.str1.4
                0x0000000010007560       0x19 CMakeFiles/mcp9808_x2_max_speed.dir/main.c.obj
 *fill*         0x0000000010007579        0x3 
 .rodata.mcp9808_bus1_task.str1.4
                0x000000001000757c       0x53 CMakeFiles/mcp9808_x2_max_speed.dir/main.c.obj
 *fill*         0x00000000100075cf        0x1 
 .rodata.mcp9808_bus0_task.str1.4
                0x00000000100075d0       0x53 CMakeFiles/mcp9808_x2_max_speed.dir/main.c.obj
 *fill*         0x0000000010007623        0x1 
 .rodata.main.str1.4
                0x0000000010007624       0x78 CMakeFiles/mcp9808_x2_max_speed.dir/main.c.obj
 .rodata.prvTimerTask
                0x000000001000769c       0x28 CMakeFiles/mcp9808_x2_max_speed.dir/home/analys/nuttxspace/rp2040-freertos/FreeRTOS-Kernel/timers.c.obj
 .rodata.xTimerCreateTimerTask.str1.4
                0x00000000100076c4       0x10 CMakeFiles/mcp9808_x2_max_speed.dir/home/analys/nuttxspace/rp2040-freertos/FreeRTOS-Kernel/timers.c.obj
 .rodata.hardware_alarm_claim.str1.4
                0x00000000100076d4       0x22 CMakeFiles/mcp9808_x2_max_speed.dir/home/analys/nuttxspace/pico-sdk/src/rp2_common/hardware_timer/timer.c.obj
 *fill*         0x00000000100076f6        0x2 
 .rodata.panic.str1.4
                0x00000000100076f8       0x10 CMakeFiles/mcp9808_x2_max_speed.dir/home/analys/nuttxspace/pico-sdk/src/rp2_common/pico_runtime/runtime.c.obj
                                         0x12 (size before relaxing)
 .rodata.panic_unsupported.str1.4
                0x0000000010007708        0xe CMakeFiles/mcp9808_x2_max_speed.dir/home/analys/nuttxspace/pico-sdk/src/rp2_common/pico_runtime/runtime.c.obj
 *fill*         0x0000000010007716        0x2 
 .rodata.hard_assertion_failure.str1.4
                0x0000000010007718        0xc CMakeFiles/mcp9808_x2_max_speed.dir/home/analys/nuttxspace/pico-sdk/src/rp2_common/pico_runtime/runtime.c.obj
 .rodata._ftoa.str1.4
                0x0000000010007724       0x15 CMakeFiles/mcp9808_x2_max_speed.dir/home/analys/nuttxspace/pico-sdk/src/rp2_common/pico_printf/printf.c.obj
 *fill*         0x0000000010007739        0x3 
 .rodata._vsnprintf
                0x000000001000773c      0x1e0 CMakeFiles/mcp9808_x2_max_speed.dir/home/analys/nuttxspace/pico-sdk/src/rp2_common/pico_printf/printf.c.obj
 *fill*         0x000000001000791c        0x4 
 .rodata.pow10.5475
                0x0000000010007920       0x50 CMakeFiles/mcp9808_x2_max_speed.dir/home/analys/nuttxspace/pico-sdk/src/rp2_common/pico_printf/printf.c.obj
 .rodata.str1.4
                0x0000000010007970       0x4c CMakeFiles/mcp9808_x2_max_speed.dir/home/analys/nuttxspace/pico-sdk/src/rp2_common/pico_standard_link/binary_info.c.obj
 .rodata.__bi_44
                0x00000000100079bc        0xc CMakeFiles/mcp9808_x2_max_speed.dir/home/analys/nuttxspace/pico-sdk/src/rp2_common/pico_standard_link/binary_info.c.obj
 .rodata.__bi_75
                0x00000000100079c8        0xc CMakeFiles/mcp9808_x2_max_speed.dir/home/analys/nuttxspace/pico-sdk/src/rp2_common/pico_standard_link/binary_info.c.obj
 .rodata.__bi_81
                0x00000000100079d4        0xc CMakeFiles/mcp9808_x2_max_speed.dir/home/analys/nuttxspace/pico-sdk/src/rp2_common/pico_standard_link/binary_info.c.obj
 .rodata.crlf_str.6261
                0x00000000100079e0        0x2 CMakeFiles/mcp9808_x2_max_speed.dir/home/analys/nuttxspace/pico-sdk/src/rp2_common/pico_stdio/stdio.c.obj
 *fill*         0x00000000100079e2        0x2 
 .rodata.str1.4
                0x00000000100079e4       0x2c CMakeFiles/mcp9808_x2_max_speed.dir/home/analys/nuttxspace/pico-sdk/src/rp2_common/pico_stdio_uart/stdio_uart.c.obj
 .rodata.__bi_33.4907
                0x0000000010007a10        0xc CMakeFiles/mcp9808_x2_max_speed.dir/home/analys/nuttxspace/pico-sdk/src/rp2_common/pico_stdio_uart/stdio_uart.c.obj
 .rodata.__bi_34.4911
                0x0000000010007a1c        0x8 CMakeFiles/mcp9808_x2_max_speed.dir/home/analys/nuttxspace/pico-sdk/src/rp2_common/pico_stdio_uart/stdio_uart.c.obj
 .rodata.dma_claim_unused_channel.str1.4
                0x0000000010007a24       0x1e CMakeFiles/mcp9808_x2_max_speed.dir/home/analys/nuttxspace/pico-sdk/src/rp2_common/hardware_dma/dma.c.obj
                0x0000000010007a44                . = ALIGN (0x4)
 *fill*         0x0000000010007a42        0x2 
 *(SORT_BY_ALIGNMENT(SORT_BY_NAME(.flashdata*)))
                0x0000000010007a44                . = ALIGN (0x4)

.ARM.extab
 *(.ARM.extab* .gnu.linkonce.armextab.*)
                0x0000000010007a44                __exidx_start = .

.ARM.exidx
 *(.ARM.exidx* .gnu.linkonce.armexidx.*)
                0x0000000010007a44                __exidx_end = .
                0x0000000010007a44                . = ALIGN (0x4)
                0x0000000010007a44                __binary_info_start = .

.binary_info    0x0000000010007a44       0x24
 *(.binary_info.keep.*)
 .binary_info.keep.__bi_ptr22
                0x0000000010007a44        0x4 CMakeFiles/mcp9808_x2_max_speed.dir/home/analys/nuttxspace/pico-sdk/src/rp2_common/pico_standard_link/binary_info.c.obj
 .binary_info.keep.__bi_ptr30
                0x0000000010007a48        0x4 CMakeFiles/mcp9808_x2_max_speed.dir/home/analys/nuttxspace/pico-sdk/src/rp2_common/pico_standard_link/binary_info.c.obj
 .binary_info.keep.__bi_ptr38
                0x0000000010007a4c        0x4 CMakeFiles/mcp9808_x2_max_speed.dir/home/analys/nuttxspace/pico-sdk/src/rp2_common/pico_standard_link/binary_info.c.obj
 .binary_info.keep.__bi_ptr44
                0x0000000010007a50        0x4 CMakeFiles/mcp9808_x2_max_speed.dir/home/analys/nuttxspace/pico-sdk/src/rp2_common/pico_standard_link/binary_info.c.obj
 .binary_info.keep.__bi_ptr50
                0x0000000010007a54        0x4 CMakeFiles/mcp9808_x2_max_speed.dir/home/analys/nuttxspace/pico-sdk/src/rp2_common/pico_standard_link/binary_info.c.obj
 .binary_info.keep.__bi_ptr75
                0x0000000010007a58        0x4 CMakeFiles/mcp9808_x2_max_speed.dir/home/analys/nuttxspace/pico-sdk/src/rp2_common/pico_standard_link/binary_info.c.obj
 .binary_info.keep.__bi_ptr81
                0x0000000010007a5c        0x4 CMakeFiles/mcp9808_x2_max_speed.dir/home/analys/nuttxspace/pico-sdk/src/rp2_common/pico_standard_link/binary_info.c.obj
 *(.binary_info.*)
 .binary_info.__bi_ptr33
                0x0000000010007a60        0x4 CMakeFiles/mcp9808_x2_max_speed.dir/home/analys/nuttxspace/pico-sdk/src/rp2_common/pico_stdio_uart/stdio_uart.c.obj
 .binary_info.__bi_ptr34
                0x0000000010007a64        0x4 CMakeFiles/mcp9808_x2_max_speed.dir/home/analys/nuttxspace/pico-sdk/src/rp2_common/pico_stdio_uart/stdio_uart.c.obj
                0x0000000010007a68                __binary_info_end = .

.rel.dyn        0x0000000010007a68        0x0
 .rel.iplt      0x0000000010007a68        0x0 /usr/lib/gcc/arm-none-eabi/9.2.1/thumb/v6-m/nofp/crtbegin.o
                0x0000000010007a68                . = ALIGN (0x4)

.ram_vector_table
                0x0000000020000000       0xc0
 *(.ram_vector_table)
 .ram_vector_table
                0x0000000020000000       0xc0 CMakeFiles/mcp9808_x2_max_speed.dir/home/analys/nuttxspace/pico-sdk/src/rp2_common/pico_runtime/runtime.c.obj
                0x0000000020000000                ram_vector_table

.data           0x00000000200000c0      0x1e0 load address 0x0000000010007a68
                0x00000000200000c0                __data_start__ = .
 *(vtable)
 *(.time_critical*)
 .time_critical.mutex_try_enter_block_until
                0x00000000200000c0       0x9c CMakeFiles/mcp9808_x2_max_speed.dir/home/analys/nuttxspace/pico-sdk/src/common/pico_sync/mutex.c.obj
                0x00000000200000c0                mutex_try_enter_block_until
 .time_critical.mutex_exit
                0x000000002000015c       0x20 CMakeFiles/mcp9808_x2_max_speed.dir/home/analys/nuttxspace/pico-sdk/src/common/pico_sync/mutex.c.obj
                0x000000002000015c                mutex_exit
 *(.text*)
 .text          0x000000002000017c        0x4 /usr/lib/gcc/arm-none-eabi/9.2.1/thumb/v6-m/nofp/libgcc.a(_dvmd_tls.o)
                0x000000002000017c                __aeabi_ldiv0
                0x000000002000017c                __aeabi_idiv0
 .text.__stub   0x0000000020000180       0x30 linker stubs
                0x00000000200001b0                . = ALIGN (0x4)
 *(.rodata*)
                0x00000000200001b0                . = ALIGN (0x4)
 *(.data*)
 .data.ucLaunchCoreNum
                0x00000000200001b0        0x1 CMakeFiles/mcp9808_x2_max_speed.dir/home/analys/nuttxspace/rp2040-freertos/FreeRTOS-Kernel/portable/ThirdParty/GCC/RP2040/port.c.obj
 *fill*         0x00000000200001b1        0x3 
 .data.uxTopUsedPriority
                0x00000000200001b4        0x4 CMakeFiles/mcp9808_x2_max_speed.dir/home/analys/nuttxspace/rp2040-freertos/FreeRTOS-Kernel/tasks.c.obj
                0x00000000200001b4                uxTopUsedPriority
 .data.striped_spin_lock_num
                0x00000000200001b8        0x1 CMakeFiles/mcp9808_x2_max_speed.dir/home/analys/nuttxspace/pico-sdk/src/rp2_common/hardware_sync/sync.c.obj
 *fill*         0x00000000200001b9        0x3 
 .data          0x00000000200001bc       0x48 CMakeFiles/mcp9808_x2_max_speed.dir/home/analys/nuttxspace/pico-sdk/src/rp2_common/hardware_irq/irq_handler_chain.S.obj
                0x00000000200001bc                irq_handler_chain_slots
                0x00000000200001ec                irq_handler_chain_first_slot
                0x00000000200001f6                irq_handler_chain_remove_tail
 .data.default_alarm_pool
                0x0000000020000204       0x18 CMakeFiles/mcp9808_x2_max_speed.dir/home/analys/nuttxspace/pico-sdk/src/common/pico_time/time.c.obj
 .data.default_alarm_pool_heap
                0x000000002000021c       0x10 CMakeFiles/mcp9808_x2_max_speed.dir/home/analys/nuttxspace/pico-sdk/src/common/pico_time/time.c.obj
 *fill*         0x000000002000022c        0x4 
 .data.aeabi_bits_funcs
                0x0000000020000230       0x10 CMakeFiles/mcp9808_x2_max_speed.dir/home/analys/nuttxspace/pico-sdk/src/rp2_common/pico_bit_ops/bit_ops_aeabi.S.obj
                0x0000000020000230                aeabi_bits_funcs
                0x0000000020000240                aeabi_bits_funcs_end
 .data.aeabi_mem_funcs
                0x0000000020000240       0x10 CMakeFiles/mcp9808_x2_max_speed.dir/home/analys/nuttxspace/pico-sdk/src/rp2_common/pico_mem_ops/mem_ops_aeabi.S.obj
                0x0000000020000240                aeabi_mem_funcs
                0x0000000020000250                aeabi_mem_funcs_end
 .data.stdio_uart
                0x0000000020000250       0x18 CMakeFiles/mcp9808_x2_max_speed.dir/home/analys/nuttxspace/pico-sdk/src/rp2_common/pico_stdio_uart/stdio_uart.c.obj
                0x0000000020000250                stdio_uart
 .data.i2c0_inst
                0x0000000020000268        0x8 CMakeFiles/mcp9808_x2_max_speed.dir/home/analys/nuttxspace/pico-sdk/src/rp2_common/hardware_i2c/i2c.c.obj
                0x0000000020000268                i2c0_inst
 .data.i2c1_inst
                0x0000000020000270        0x8 CMakeFiles/mcp9808_x2_max_speed.dir/home/analys/nuttxspace/pico-sdk/src/rp2_common/hardware_i2c/i2c.c.obj
                0x0000000020000270                i2c1_inst
                0x0000000020000278                . = ALIGN (0x4)
 *(.after_data.*)
                0x0000000020000278                . = ALIGN (0x4)
                0x0000000020000278                PROVIDE (__mutex_array_start = .)
 *(SORT_BY_NAME(.mutex_array.*))
 *(.mutex_array)
 .mutex_array   0x0000000020000278        0x8 CMakeFiles/mcp9808_x2_max_speed.dir/home/analys/nuttxspace/pico-sdk/src/rp2_common/pico_malloc/pico_malloc.c.obj
 .mutex_array   0x0000000020000280        0x8 CMakeFiles/mcp9808_x2_max_speed.dir/home/analys/nuttxspace/pico-sdk/src/rp2_common/pico_stdio/stdio.c.obj
                0x0000000020000288                PROVIDE (__mutex_array_end = .)
                0x0000000020000288                . = ALIGN (0x4)
                0x0000000020000288                PROVIDE (__preinit_array_start = .)
 *(SORT_BY_NAME(.preinit_array.*))
 .preinit_array.00001
                0x0000000020000288        0x4 CMakeFiles/mcp9808_x2_max_speed.dir/home/analys/nuttxspace/pico-sdk/src/rp2_common/pico_mem_ops/mem_ops_aeabi.S.obj
 .preinit_array.00010
                0x000000002000028c        0x4 CMakeFiles/mcp9808_x2_max_speed.dir/home/analys/nuttxspace/pico-sdk/src/rp2_common/pico_bit_ops/bit_ops_aeabi.S.obj
 .preinit_array.00020
                0x0000000020000290        0x4 CMakeFiles/mcp9808_x2_max_speed.dir/home/analys/nuttxspace/pico-sdk/src/rp2_common/pico_double/double_aeabi.S.obj
 .preinit_array.00020
                0x0000000020000294        0x4 CMakeFiles/mcp9808_x2_max_speed.dir/home/analys/nuttxspace/pico-sdk/src/rp2_common/pico_float/float_aeabi.S.obj
 *(.preinit_array)
                0x0000000020000298                PROVIDE (__preinit_array_end = .)
                0x0000000020000298                . = ALIGN (0x4)
                0x0000000020000298                PROVIDE (__init_array_start = .)
 *(SORT_BY_NAME(.init_array.*))
 *(.init_array)
 .init_array    0x0000000020000298        0x4 /usr/lib/gcc/arm-none-eabi/9.2.1/thumb/v6-m/nofp/crtbegin.o
 .init_array    0x000000002000029c        0x4 CMakeFiles/mcp9808_x2_max_speed.dir/home/analys/nuttxspace/rp2040-freertos/FreeRTOS-Kernel/portable/ThirdParty/GCC/RP2040/port.c.obj
                0x00000000200002a0                PROVIDE (__init_array_end = .)
                0x00000000200002a0                . = ALIGN (0x4)
                0x00000000200002a0                PROVIDE (__fini_array_start = .)
 *(SORT_BY_NAME(.fini_array.*))
 *(.fini_array)
                0x00000000200002a0                PROVIDE (__fini_array_end = .)
 *(.jcr)
                0x00000000200002a0                . = ALIGN (0x4)
                0x00000000200002a0                __data_end__ = .
                0x0000000010007a68                __etext = LOADADDR (.data)

.tm_clone_table
                0x00000000200002a0        0x0 load address 0x0000000010007c48
 .tm_clone_table
                0x00000000200002a0        0x0 /usr/lib/gcc/arm-none-eabi/9.2.1/thumb/v6-m/nofp/crtbegin.o
 .tm_clone_table
                0x00000000200002a0        0x0 /usr/lib/gcc/arm-none-eabi/9.2.1/thumb/v6-m/nofp/crtend.o

.igot.plt       0x00000000200002a0        0x0 load address 0x0000000010007c48
 .igot.plt      0x00000000200002a0        0x0 /usr/lib/gcc/arm-none-eabi/9.2.1/thumb/v6-m/nofp/crtbegin.o

.uninitialized_data
                0x00000000200002a0        0x0 load address 0x0000000010007c48
                0x00000000200002a0                . = ALIGN (0x4)
 *(.uninitialized_data*)

.scratch_x      0x0000000020040000        0x0 load address 0x0000000010007c48
                0x0000000020040000                __scratch_x_start__ = .
 *(.scratch_x.*)
                0x0000000020040000                . = ALIGN (0x4)
                0x0000000020040000                __scratch_x_end__ = .
                0x0000000010007c48                __scratch_x_source__ = LOADADDR (.scratch_x)

.scratch_y      0x0000000020041000        0x0 load address 0x0000000010007c48
                0x0000000020041000                __scratch_y_start__ = .
 *(.scratch_y.*)
                0x0000000020041000                . = ALIGN (0x4)
                0x0000000020041000                __scratch_y_end__ = .
                0x0000000010007c48                __scratch_y_source__ = LOADADDR (.scratch_y)

.bss            0x00000000200002a0    0x21868
                0x00000000200002a0                . = ALIGN (0x4)
                0x00000000200002a0                __bss_start__ = .
 *(SORT_BY_ALIGNMENT(SORT_BY_NAME(.bss*)))
 .bss.default_alarm_pool_entries
                0x00000000200002a0      0x100 CMakeFiles/mcp9808_x2_max_speed.dir/home/analys/nuttxspace/pico-sdk/src/common/pico_time/time.c.obj
 .bss           0x00000000200003a0       0x1c /usr/lib/gcc/arm-none-eabi/9.2.1/thumb/v6-m/nofp/crtbegin.o
 .bss.alarm_callbacks
                0x00000000200003bc       0x10 CMakeFiles/mcp9808_x2_max_speed.dir/home/analys/nuttxspace/pico-sdk/src/rp2_common/hardware_timer/timer.c.obj
 .bss.chars_available_callback
                0x00000000200003cc        0x4 CMakeFiles/mcp9808_x2_max_speed.dir/home/analys/nuttxspace/pico-sdk/src/rp2_common/pico_stdio_uart/stdio_uart.c.obj
 .bss.chars_available_param
                0x00000000200003d0        0x4 CMakeFiles/mcp9808_x2_max_speed.dir/home/analys/nuttxspace/pico-sdk/src/rp2_common/pico_stdio_uart/stdio_uart.c.obj
 .bss.configured_freq
                0x00000000200003d4       0x28 CMakeFiles/mcp9808_x2_max_speed.dir/home/analys/nuttxspace/pico-sdk/src/rp2_common/hardware_clocks/clocks.c.obj
 .bss.default_alarm_pool_entry_ids_high
                0x00000000200003fc       0x10 CMakeFiles/mcp9808_x2_max_speed.dir/home/analys/nuttxspace/pico-sdk/src/common/pico_time/time.c.obj
 .bss.default_alarm_pool_heap_nodes
                0x000000002000040c       0x30 CMakeFiles/mcp9808_x2_max_speed.dir/home/analys/nuttxspace/pico-sdk/src/common/pico_time/time.c.obj
 .bss.drivers   0x000000002000043c        0x4 CMakeFiles/mcp9808_x2_max_speed.dir/home/analys/nuttxspace/pico-sdk/src/rp2_common/pico_stdio/stdio.c.obj
 .bss.filter    0x0000000020000440        0x4 CMakeFiles/mcp9808_x2_max_speed.dir/home/analys/nuttxspace/pico-sdk/src/rp2_common/pico_stdio/stdio.c.obj
 .bss.i2c0_dma.5734
                0x0000000020000444        0x4 CMakeFiles/mcp9808_x2_max_speed.dir/main.c.obj
 .bss.i2c1_dma.5736
                0x0000000020000448        0x4 CMakeFiles/mcp9808_x2_max_speed.dir/main.c.obj
 .bss.i2c_dma_list
                0x000000002000044c     0x10c8 CMakeFiles/mcp9808_x2_max_speed.dir/__/__/src/i2c_dma.c.obj
 .bss.lazy_vsnprintf
                0x0000000020001514        0x4 CMakeFiles/mcp9808_x2_max_speed.dir/home/analys/nuttxspace/pico-sdk/src/rp2_common/pico_printf/printf.c.obj
 .bss.mprintf_mutex.5826
                0x0000000020001518        0x4 CMakeFiles/mcp9808_x2_max_speed.dir/__/common/mprintf.c.obj
 .bss.pools     0x000000002000151c       0x10 CMakeFiles/mcp9808_x2_max_speed.dir/home/analys/nuttxspace/pico-sdk/src/common/pico_time/time.c.obj
 .bss.pucAlignedHeap.5290
                0x000000002000152c        0x4 CMakeFiles/mcp9808_x2_max_speed.dir/home/analys/nuttxspace/rp2040-freertos/FreeRTOS-Kernel/portable/MemMang/heap_1.c.obj
 .bss.pxCurrentTCB
                0x0000000020001530        0x4 CMakeFiles/mcp9808_x2_max_speed.dir/home/analys/nuttxspace/rp2040-freertos/FreeRTOS-Kernel/tasks.c.obj
                0x0000000020001530                pxCurrentTCB
 .bss.pxCurrentTimerList
                0x0000000020001534        0x4 CMakeFiles/mcp9808_x2_max_speed.dir/home/analys/nuttxspace/rp2040-freertos/FreeRTOS-Kernel/timers.c.obj
 .bss.pxDelayedTaskList
                0x0000000020001538        0x4 CMakeFiles/mcp9808_x2_max_speed.dir/home/analys/nuttxspace/rp2040-freertos/FreeRTOS-Kernel/tasks.c.obj
 .bss.pxOverflowDelayedTaskList
                0x000000002000153c        0x4 CMakeFiles/mcp9808_x2_max_speed.dir/home/analys/nuttxspace/rp2040-freertos/FreeRTOS-Kernel/tasks.c.obj
 .bss.pxOverflowTimerList
                0x0000000020001540        0x4 CMakeFiles/mcp9808_x2_max_speed.dir/home/analys/nuttxspace/rp2040-freertos/FreeRTOS-Kernel/timers.c.obj
 .bss.pxReadyTasksLists
                0x0000000020001544      0x280 CMakeFiles/mcp9808_x2_max_speed.dir/home/analys/nuttxspace/rp2040-freertos/FreeRTOS-Kernel/tasks.c.obj
 .bss.pxYieldSpinLock
                0x00000000200017c4        0x4 CMakeFiles/mcp9808_x2_max_speed.dir/home/analys/nuttxspace/rp2040-freertos/FreeRTOS-Kernel/portable/ThirdParty/GCC/RP2040/port.c.obj
 .bss.sf_clz_func
                0x00000000200017c8        0x4 CMakeFiles/mcp9808_x2_max_speed.dir/home/analys/nuttxspace/pico-sdk/src/rp2_common/pico_double/double_init_rom.c.obj
                0x00000000200017c8                sf_clz_func
 .bss.sleep_notifier
                0x00000000200017cc        0x4 CMakeFiles/mcp9808_x2_max_speed.dir/home/analys/nuttxspace/pico-sdk/src/common/pico_time/time.c.obj
 .bss.target_hi
                0x00000000200017d0       0x10 CMakeFiles/mcp9808_x2_max_speed.dir/home/analys/nuttxspace/pico-sdk/src/rp2_common/hardware_timer/timer.c.obj
 .bss.uart_instance
                0x00000000200017e0        0x4 CMakeFiles/mcp9808_x2_max_speed.dir/home/analys/nuttxspace/pico-sdk/src/rp2_common/pico_stdio_uart/stdio_uart.c.obj
 .bss.ucHeap    0x00000000200017e4    0x20000 CMakeFiles/mcp9808_x2_max_speed.dir/home/analys/nuttxspace/rp2040-freertos/FreeRTOS-Kernel/portable/MemMang/heap_1.c.obj
 .bss.ulYieldSpinLockSaveValue
                0x00000000200217e4        0x4 CMakeFiles/mcp9808_x2_max_speed.dir/home/analys/nuttxspace/rp2040-freertos/FreeRTOS-Kernel/portable/ThirdParty/GCC/RP2040/port.c.obj
 .bss.uxCriticalNesting
                0x00000000200217e8        0x4 CMakeFiles/mcp9808_x2_max_speed.dir/home/analys/nuttxspace/rp2040-freertos/FreeRTOS-Kernel/portable/ThirdParty/GCC/RP2040/port.c.obj
 .bss.uxCurrentNumberOfTasks
                0x00000000200217ec        0x4 CMakeFiles/mcp9808_x2_max_speed.dir/home/analys/nuttxspace/rp2040-freertos/FreeRTOS-Kernel/tasks.c.obj
 .bss.uxDeletedTasksWaitingCleanUp
                0x00000000200217f0        0x4 CMakeFiles/mcp9808_x2_max_speed.dir/home/analys/nuttxspace/rp2040-freertos/FreeRTOS-Kernel/tasks.c.obj
 .bss.uxSchedulerSuspended
                0x00000000200217f4        0x4 CMakeFiles/mcp9808_x2_max_speed.dir/home/analys/nuttxspace/rp2040-freertos/FreeRTOS-Kernel/tasks.c.obj
 .bss.uxTaskNumber
                0x00000000200217f8        0x4 CMakeFiles/mcp9808_x2_max_speed.dir/home/analys/nuttxspace/rp2040-freertos/FreeRTOS-Kernel/tasks.c.obj
 .bss.uxTopReadyPriority
                0x00000000200217fc        0x4 CMakeFiles/mcp9808_x2_max_speed.dir/home/analys/nuttxspace/rp2040-freertos/FreeRTOS-Kernel/tasks.c.obj
 .bss.xActiveTimerList1
                0x0000000020021800       0x14 CMakeFiles/mcp9808_x2_max_speed.dir/home/analys/nuttxspace/rp2040-freertos/FreeRTOS-Kernel/timers.c.obj
 .bss.xActiveTimerList2
                0x0000000020021814       0x14 CMakeFiles/mcp9808_x2_max_speed.dir/home/analys/nuttxspace/rp2040-freertos/FreeRTOS-Kernel/timers.c.obj
 .bss.xDelayedTaskList1
                0x0000000020021828       0x14 CMakeFiles/mcp9808_x2_max_speed.dir/home/analys/nuttxspace/rp2040-freertos/FreeRTOS-Kernel/tasks.c.obj
 .bss.xDelayedTaskList2
                0x000000002002183c       0x14 CMakeFiles/mcp9808_x2_max_speed.dir/home/analys/nuttxspace/rp2040-freertos/FreeRTOS-Kernel/tasks.c.obj
 .bss.xEventGroup
                0x0000000020021850        0x4 CMakeFiles/mcp9808_x2_max_speed.dir/home/analys/nuttxspace/rp2040-freertos/FreeRTOS-Kernel/portable/ThirdParty/GCC/RP2040/port.c.obj
 .bss.xIdleTaskHandle
                0x0000000020021854        0x4 CMakeFiles/mcp9808_x2_max_speed.dir/home/analys/nuttxspace/rp2040-freertos/FreeRTOS-Kernel/tasks.c.obj
 .bss.xLastTime.5620
                0x0000000020021858        0x4 CMakeFiles/mcp9808_x2_max_speed.dir/home/analys/nuttxspace/rp2040-freertos/FreeRTOS-Kernel/timers.c.obj
 .bss.xNextFreeByte
                0x000000002002185c        0x4 CMakeFiles/mcp9808_x2_max_speed.dir/home/analys/nuttxspace/rp2040-freertos/FreeRTOS-Kernel/portable/MemMang/heap_1.c.obj
 .bss.xNextTaskUnblockTime
                0x0000000020021860        0x4 CMakeFiles/mcp9808_x2_max_speed.dir/home/analys/nuttxspace/rp2040-freertos/FreeRTOS-Kernel/tasks.c.obj
 .bss.xNumOfOverflows
                0x0000000020021864        0x4 CMakeFiles/mcp9808_x2_max_speed.dir/home/analys/nuttxspace/rp2040-freertos/FreeRTOS-Kernel/tasks.c.obj
 .bss.xPendedTicks
                0x0000000020021868        0x4 CMakeFiles/mcp9808_x2_max_speed.dir/home/analys/nuttxspace/rp2040-freertos/FreeRTOS-Kernel/tasks.c.obj
 .bss.xPendingReadyList
                0x000000002002186c       0x14 CMakeFiles/mcp9808_x2_max_speed.dir/home/analys/nuttxspace/rp2040-freertos/FreeRTOS-Kernel/tasks.c.obj
 .bss.xSchedulerRunning
                0x0000000020021880        0x4 CMakeFiles/mcp9808_x2_max_speed.dir/home/analys/nuttxspace/rp2040-freertos/FreeRTOS-Kernel/tasks.c.obj
 .bss.xSuspendedTaskList
                0x0000000020021884       0x14 CMakeFiles/mcp9808_x2_max_speed.dir/home/analys/nuttxspace/rp2040-freertos/FreeRTOS-Kernel/tasks.c.obj
 .bss.xTasksWaitingTermination
                0x0000000020021898       0x14 CMakeFiles/mcp9808_x2_max_speed.dir/home/analys/nuttxspace/rp2040-freertos/FreeRTOS-Kernel/tasks.c.obj
 .bss.xTickCount
                0x00000000200218ac        0x4 CMakeFiles/mcp9808_x2_max_speed.dir/home/analys/nuttxspace/rp2040-freertos/FreeRTOS-Kernel/tasks.c.obj
 .bss.xTimerQueue
                0x00000000200218b0        0x4 CMakeFiles/mcp9808_x2_max_speed.dir/home/analys/nuttxspace/rp2040-freertos/FreeRTOS-Kernel/timers.c.obj
 .bss.xTimerTaskHandle
                0x00000000200218b4        0x4 CMakeFiles/mcp9808_x2_max_speed.dir/home/analys/nuttxspace/rp2040-freertos/FreeRTOS-Kernel/timers.c.obj
 .bss.xYieldPending
                0x00000000200218b8        0x4 CMakeFiles/mcp9808_x2_max_speed.dir/home/analys/nuttxspace/rp2040-freertos/FreeRTOS-Kernel/tasks.c.obj
 .bss._claimed  0x00000000200218bc        0x2 CMakeFiles/mcp9808_x2_max_speed.dir/home/analys/nuttxspace/pico-sdk/src/rp2_common/hardware_dma/dma.c.obj
 .bss.claimed   0x00000000200218be        0x1 CMakeFiles/mcp9808_x2_max_speed.dir/home/analys/nuttxspace/pico-sdk/src/rp2_common/hardware_timer/timer.c.obj
 .bss.irq_hander_chain_free_slot_head
                0x00000000200218bf        0x1 CMakeFiles/mcp9808_x2_max_speed.dir/home/analys/nuttxspace/pico-sdk/src/rp2_common/hardware_irq/irq.c.obj
 .bss.mutex_initialized.5825
                0x00000000200218c0        0x1 CMakeFiles/mcp9808_x2_max_speed.dir/__/common/mprintf.c.obj
 .bss.timer_callbacks_pending
                0x00000000200218c1        0x1 CMakeFiles/mcp9808_x2_max_speed.dir/home/analys/nuttxspace/pico-sdk/src/rp2_common/hardware_timer/timer.c.obj
 *(COMMON)
 *fill*         0x00000000200218c2        0x2 
 COMMON         0x00000000200218c4       0x40 CMakeFiles/mcp9808_x2_max_speed.dir/home/analys/nuttxspace/rp2040-freertos/FreeRTOS-Kernel/queue.c.obj
                0x00000000200218c4                xQueueRegistry
 COMMON         0x0000000020021904        0x4 CMakeFiles/mcp9808_x2_max_speed.dir/home/analys/nuttxspace/pico-sdk/src/rp2_common/hardware_uart/uart.c.obj
                0x0000000020021904                uart_char_to_line_feed
 COMMON         0x0000000020021908      0x100 CMakeFiles/mcp9808_x2_max_speed.dir/home/analys/nuttxspace/pico-sdk/src/rp2_common/pico_double/double_init_rom.c.obj
                0x0000000020021908                sd_table
 COMMON         0x0000000020021a08      0x100 CMakeFiles/mcp9808_x2_max_speed.dir/home/analys/nuttxspace/pico-sdk/src/rp2_common/pico_float/float_init_rom.c.obj
                0x0000000020021a08                sf_table
                0x0000000020021b08                . = ALIGN (0x4)
                0x0000000020021b08                __bss_end__ = .

.heap           0x0000000020021b08      0x800
                0x0000000020021b08                __end__ = .
                0x0000000020021b08                end = __end__
 *(.heap*)
 .heap          0x0000000020021b08      0x800 CMakeFiles/mcp9808_x2_max_speed.dir/home/analys/nuttxspace/pico-sdk/src/rp2_common/pico_standard_link/crt0.S.obj
                0x0000000020022308                __HeapLimit = .

.stack1_dummy   0x0000000020040000        0x0
 *(.stack1*)

.stack_dummy    0x0000000020041000      0x800
 *(.stack*)
 .stack         0x0000000020041000      0x800 CMakeFiles/mcp9808_x2_max_speed.dir/home/analys/nuttxspace/pico-sdk/src/rp2_common/pico_standard_link/crt0.S.obj

.flash_end      0x0000000010007c48        0x0
                0x0000000010007c48                PROVIDE (__flash_binary_end = .)
                0x0000000020040000                __StackLimit = (ORIGIN (RAM) + LENGTH (RAM))
                0x0000000020041000                __StackOneTop = (ORIGIN (SCRATCH_X) + LENGTH (SCRATCH_X))
                0x0000000020042000                __StackTop = (ORIGIN (SCRATCH_Y) + LENGTH (SCRATCH_Y))
                0x0000000020041000                __StackOneBottom = (__StackOneTop - SIZEOF (.stack1_dummy))
                0x0000000020041800                __StackBottom = (__StackTop - SIZEOF (.stack_dummy))
                0x0000000020042000                PROVIDE (__stack = __StackTop)
                0x0000000000000001                ASSERT ((__StackLimit >= __HeapLimit), region RAM overflowed)
                0x0000000000000001                ASSERT (((__binary_info_header_end - __logical_binary_start) <= 0x100), Binary info must be in first 256 bytes of the binary)
LOAD CMakeFiles/mcp9808_x2_max_speed.dir/main.c.obj
LOAD CMakeFiles/mcp9808_x2_max_speed.dir/home/analys/nuttxspace/rp2040-freertos/FreeRTOS-Kernel/portable/ThirdParty/GCC/RP2040/port.c.obj
LOAD CMakeFiles/mcp9808_x2_max_speed.dir/home/analys/nuttxspace/rp2040-freertos/FreeRTOS-Kernel/croutine.c.obj
LOAD CMakeFiles/mcp9808_x2_max_speed.dir/home/analys/nuttxspace/rp2040-freertos/FreeRTOS-Kernel/event_groups.c.obj
LOAD CMakeFiles/mcp9808_x2_max_speed.dir/home/analys/nuttxspace/rp2040-freertos/FreeRTOS-Kernel/list.c.obj
LOAD CMakeFiles/mcp9808_x2_max_speed.dir/home/analys/nuttxspace/rp2040-freertos/FreeRTOS-Kernel/queue.c.obj
LOAD CMakeFiles/mcp9808_x2_max_speed.dir/home/analys/nuttxspace/rp2040-freertos/FreeRTOS-Kernel/stream_buffer.c.obj
LOAD CMakeFiles/mcp9808_x2_max_speed.dir/home/analys/nuttxspace/rp2040-freertos/FreeRTOS-Kernel/tasks.c.obj
LOAD CMakeFiles/mcp9808_x2_max_speed.dir/home/analys/nuttxspace/rp2040-freertos/FreeRTOS-Kernel/timers.c.obj
LOAD CMakeFiles/mcp9808_x2_max_speed.dir/home/analys/nuttxspace/pico-sdk/src/rp2_common/hardware_exception/exception.c.obj
LOAD CMakeFiles/mcp9808_x2_max_speed.dir/home/analys/nuttxspace/pico-sdk/src/rp2_common/pico_platform/platform.c.obj
LOAD CMakeFiles/mcp9808_x2_max_speed.dir/home/analys/nuttxspace/pico-sdk/src/rp2_common/hardware_claim/claim.c.obj
LOAD CMakeFiles/mcp9808_x2_max_speed.dir/home/analys/nuttxspace/pico-sdk/src/rp2_common/hardware_sync/sync.c.obj
LOAD CMakeFiles/mcp9808_x2_max_speed.dir/home/analys/nuttxspace/rp2040-freertos/FreeRTOS-Kernel/portable/MemMang/heap_1.c.obj
LOAD CMakeFiles/mcp9808_x2_max_speed.dir/home/analys/nuttxspace/pico-sdk/src/rp2_common/pico_stdlib/stdlib.c.obj
LOAD CMakeFiles/mcp9808_x2_max_speed.dir/home/analys/nuttxspace/pico-sdk/src/rp2_common/hardware_gpio/gpio.c.obj
LOAD CMakeFiles/mcp9808_x2_max_speed.dir/home/analys/nuttxspace/pico-sdk/src/rp2_common/hardware_irq/irq.c.obj
LOAD CMakeFiles/mcp9808_x2_max_speed.dir/home/analys/nuttxspace/pico-sdk/src/rp2_common/hardware_irq/irq_handler_chain.S.obj
LOAD CMakeFiles/mcp9808_x2_max_speed.dir/home/analys/nuttxspace/pico-sdk/src/common/pico_sync/sem.c.obj
LOAD CMakeFiles/mcp9808_x2_max_speed.dir/home/analys/nuttxspace/pico-sdk/src/common/pico_sync/lock_core.c.obj
LOAD CMakeFiles/mcp9808_x2_max_speed.dir/home/analys/nuttxspace/pico-sdk/src/common/pico_sync/mutex.c.obj
LOAD CMakeFiles/mcp9808_x2_max_speed.dir/home/analys/nuttxspace/pico-sdk/src/common/pico_sync/critical_section.c.obj
LOAD CMakeFiles/mcp9808_x2_max_speed.dir/home/analys/nuttxspace/pico-sdk/src/common/pico_time/time.c.obj
LOAD CMakeFiles/mcp9808_x2_max_speed.dir/home/analys/nuttxspace/pico-sdk/src/common/pico_time/timeout_helper.c.obj
LOAD CMakeFiles/mcp9808_x2_max_speed.dir/home/analys/nuttxspace/pico-sdk/src/rp2_common/hardware_timer/timer.c.obj
LOAD CMakeFiles/mcp9808_x2_max_speed.dir/home/analys/nuttxspace/pico-sdk/src/common/pico_util/datetime.c.obj
LOAD CMakeFiles/mcp9808_x2_max_speed.dir/home/analys/nuttxspace/pico-sdk/src/common/pico_util/pheap.c.obj
LOAD CMakeFiles/mcp9808_x2_max_speed.dir/home/analys/nuttxspace/pico-sdk/src/common/pico_util/queue.c.obj
LOAD CMakeFiles/mcp9808_x2_max_speed.dir/home/analys/nuttxspace/pico-sdk/src/rp2_common/hardware_uart/uart.c.obj
LOAD CMakeFiles/mcp9808_x2_max_speed.dir/home/analys/nuttxspace/pico-sdk/src/rp2_common/hardware_clocks/clocks.c.obj
LOAD CMakeFiles/mcp9808_x2_max_speed.dir/home/analys/nuttxspace/pico-sdk/src/rp2_common/hardware_pll/pll.c.obj
LOAD CMakeFiles/mcp9808_x2_max_speed.dir/home/analys/nuttxspace/pico-sdk/src/rp2_common/hardware_vreg/vreg.c.obj
LOAD CMakeFiles/mcp9808_x2_max_speed.dir/home/analys/nuttxspace/pico-sdk/src/rp2_common/hardware_watchdog/watchdog.c.obj
LOAD CMakeFiles/mcp9808_x2_max_speed.dir/home/analys/nuttxspace/pico-sdk/src/rp2_common/hardware_xosc/xosc.c.obj
LOAD CMakeFiles/mcp9808_x2_max_speed.dir/home/analys/nuttxspace/pico-sdk/src/rp2_common/hardware_divider/divider.S.obj
LOAD CMakeFiles/mcp9808_x2_max_speed.dir/home/analys/nuttxspace/pico-sdk/src/rp2_common/pico_runtime/runtime.c.obj
LOAD CMakeFiles/mcp9808_x2_max_speed.dir/home/analys/nuttxspace/pico-sdk/src/rp2_common/pico_printf/printf.c.obj
LOAD CMakeFiles/mcp9808_x2_max_speed.dir/home/analys/nuttxspace/pico-sdk/src/rp2_common/pico_bit_ops/bit_ops_aeabi.S.obj
LOAD CMakeFiles/mcp9808_x2_max_speed.dir/home/analys/nuttxspace/pico-sdk/src/rp2_common/pico_bootrom/bootrom.c.obj
LOAD CMakeFiles/mcp9808_x2_max_speed.dir/home/analys/nuttxspace/pico-sdk/src/rp2_common/pico_divider/divider.S.obj
LOAD CMakeFiles/mcp9808_x2_max_speed.dir/home/analys/nuttxspace/pico-sdk/src/rp2_common/pico_double/double_aeabi.S.obj
LOAD CMakeFiles/mcp9808_x2_max_speed.dir/home/analys/nuttxspace/pico-sdk/src/rp2_common/pico_double/double_init_rom.c.obj
LOAD CMakeFiles/mcp9808_x2_max_speed.dir/home/analys/nuttxspace/pico-sdk/src/rp2_common/pico_double/double_math.c.obj
LOAD CMakeFiles/mcp9808_x2_max_speed.dir/home/analys/nuttxspace/pico-sdk/src/rp2_common/pico_double/double_v1_rom_shim.S.obj
LOAD CMakeFiles/mcp9808_x2_max_speed.dir/home/analys/nuttxspace/pico-sdk/src/rp2_common/pico_int64_ops/pico_int64_ops_aeabi.S.obj
LOAD CMakeFiles/mcp9808_x2_max_speed.dir/home/analys/nuttxspace/pico-sdk/src/rp2_common/pico_float/float_aeabi.S.obj
LOAD CMakeFiles/mcp9808_x2_max_speed.dir/home/analys/nuttxspace/pico-sdk/src/rp2_common/pico_float/float_init_rom.c.obj
LOAD CMakeFiles/mcp9808_x2_max_speed.dir/home/analys/nuttxspace/pico-sdk/src/rp2_common/pico_float/float_math.c.obj
LOAD CMakeFiles/mcp9808_x2_max_speed.dir/home/analys/nuttxspace/pico-sdk/src/rp2_common/pico_float/float_v1_rom_shim.S.obj
LOAD CMakeFiles/mcp9808_x2_max_speed.dir/home/analys/nuttxspace/pico-sdk/src/rp2_common/pico_malloc/pico_malloc.c.obj
LOAD CMakeFiles/mcp9808_x2_max_speed.dir/home/analys/nuttxspace/pico-sdk/src/rp2_common/pico_mem_ops/mem_ops_aeabi.S.obj
LOAD CMakeFiles/mcp9808_x2_max_speed.dir/home/analys/nuttxspace/pico-sdk/src/rp2_common/pico_standard_link/crt0.S.obj
LOAD CMakeFiles/mcp9808_x2_max_speed.dir/home/analys/nuttxspace/pico-sdk/src/rp2_common/pico_standard_link/new_delete.cpp.obj
LOAD CMakeFiles/mcp9808_x2_max_speed.dir/home/analys/nuttxspace/pico-sdk/src/rp2_common/pico_standard_link/binary_info.c.obj
LOAD CMakeFiles/mcp9808_x2_max_speed.dir/home/analys/nuttxspace/pico-sdk/src/rp2_common/pico_stdio/stdio.c.obj
LOAD CMakeFiles/mcp9808_x2_max_speed.dir/home/analys/nuttxspace/pico-sdk/src/rp2_common/pico_stdio_uart/stdio_uart.c.obj
LOAD CMakeFiles/mcp9808_x2_max_speed.dir/__/__/src/i2c_dma.c.obj
LOAD CMakeFiles/mcp9808_x2_max_speed.dir/home/analys/nuttxspace/pico-sdk/src/rp2_common/hardware_dma/dma.c.obj
LOAD CMakeFiles/mcp9808_x2_max_speed.dir/home/analys/nuttxspace/pico-sdk/src/rp2_common/hardware_i2c/i2c.c.obj
LOAD CMakeFiles/mcp9808_x2_max_speed.dir/__/common/freertos_hooks.c.obj
LOAD CMakeFiles/mcp9808_x2_max_speed.dir/__/common/mprintf.c.obj
LOAD /tmp/ccRpkWpk.o
LOAD /usr/lib/gcc/arm-none-eabi/9.2.1/../../../arm-none-eabi/lib/thumb/v6-m/nofp/libstdc++.a
LOAD /usr/lib/gcc/arm-none-eabi/9.2.1/../../../arm-none-eabi/lib/thumb/v6-m/nofp/libm.a
START GROUP
LOAD /usr/lib/gcc/arm-none-eabi/9.2.1/thumb/v6-m/nofp/libgcc.a
LOAD /usr/lib/gcc/arm-none-eabi/9.2.1/../../../arm-none-eabi/lib/thumb/v6-m/nofp/libc.a
END GROUP
START GROUP
LOAD /usr/lib/gcc/arm-none-eabi/9.2.1/thumb/v6-m/nofp/libgcc.a
LOAD /usr/lib/gcc/arm-none-eabi/9.2.1/../../../arm-none-eabi/lib/thumb/v6-m/nofp/libc.a
LOAD /usr/lib/gcc/arm-none-eabi/9.2.1/../../../arm-none-eabi/lib/thumb/v6-m/nofp/libnosys.a
END GROUP
LOAD /usr/lib/gcc/arm-none-eabi/9.2.1/thumb/v6-m/nofp/crtend.o
LOAD /usr/lib/gcc/arm-none-eabi/9.2.1/thumb/v6-m/nofp/crtn.o
OUTPUT(mcp9808_x2_max_speed.elf elf32-littlearm)
LOAD linker stubs

.ARM.attributes
                0x0000000000000000       0x28
 .ARM.attributes
                0x0000000000000000       0x1e /usr/lib/gcc/arm-none-eabi/9.2.1/thumb/v6-m/nofp/crti.o
 .ARM.attributes
                0x000000000000001e       0x2c /usr/lib/gcc/arm-none-eabi/9.2.1/thumb/v6-m/nofp/crtbegin.o
 .ARM.attributes
                0x000000000000004a       0x2c CMakeFiles/mcp9808_x2_max_speed.dir/main.c.obj
 .ARM.attributes
                0x0000000000000076       0x2c CMakeFiles/mcp9808_x2_max_speed.dir/home/analys/nuttxspace/rp2040-freertos/FreeRTOS-Kernel/portable/ThirdParty/GCC/RP2040/port.c.obj
 .ARM.attributes
                0x00000000000000a2       0x2c CMakeFiles/mcp9808_x2_max_speed.dir/home/analys/nuttxspace/rp2040-freertos/FreeRTOS-Kernel/event_groups.c.obj
 .ARM.attributes
                0x00000000000000ce       0x2c CMakeFiles/mcp9808_x2_max_speed.dir/home/analys/nuttxspace/rp2040-freertos/FreeRTOS-Kernel/list.c.obj
 .ARM.attributes
                0x00000000000000fa       0x2c CMakeFiles/mcp9808_x2_max_speed.dir/home/analys/nuttxspace/rp2040-freertos/FreeRTOS-Kernel/queue.c.obj
 .ARM.attributes
                0x0000000000000126       0x2c CMakeFiles/mcp9808_x2_max_speed.dir/home/analys/nuttxspace/rp2040-freertos/FreeRTOS-Kernel/tasks.c.obj
 .ARM.attributes
                0x0000000000000152       0x2c CMakeFiles/mcp9808_x2_max_speed.dir/home/analys/nuttxspace/rp2040-freertos/FreeRTOS-Kernel/timers.c.obj
 .ARM.attributes
                0x000000000000017e       0x2c CMakeFiles/mcp9808_x2_max_speed.dir/home/analys/nuttxspace/pico-sdk/src/rp2_common/hardware_exception/exception.c.obj
 .ARM.attributes
                0x00000000000001aa       0x2c CMakeFiles/mcp9808_x2_max_speed.dir/home/analys/nuttxspace/pico-sdk/src/rp2_common/pico_platform/platform.c.obj
 .ARM.attributes
                0x00000000000001d6       0x2c CMakeFiles/mcp9808_x2_max_speed.dir/home/analys/nuttxspace/pico-sdk/src/rp2_common/hardware_claim/claim.c.obj
 .ARM.attributes
                0x0000000000000202       0x2c CMakeFiles/mcp9808_x2_max_speed.dir/home/analys/nuttxspace/pico-sdk/src/rp2_common/hardware_sync/sync.c.obj
 .ARM.attributes
                0x000000000000022e       0x2c CMakeFiles/mcp9808_x2_max_speed.dir/home/analys/nuttxspace/rp2040-freertos/FreeRTOS-Kernel/portable/MemMang/heap_1.c.obj
 .ARM.attributes
                0x000000000000025a       0x2c CMakeFiles/mcp9808_x2_max_speed.dir/home/analys/nuttxspace/pico-sdk/src/rp2_common/hardware_gpio/gpio.c.obj
 .ARM.attributes
                0x0000000000000286       0x2c CMakeFiles/mcp9808_x2_max_speed.dir/home/analys/nuttxspace/pico-sdk/src/rp2_common/hardware_irq/irq.c.obj
 .ARM.attributes
                0x00000000000002b2       0x22 CMakeFiles/mcp9808_x2_max_speed.dir/home/analys/nuttxspace/pico-sdk/src/rp2_common/hardware_irq/irq_handler_chain.S.obj
 .ARM.attributes
                0x00000000000002d4       0x2c CMakeFiles/mcp9808_x2_max_speed.dir/home/analys/nuttxspace/pico-sdk/src/common/pico_sync/lock_core.c.obj
 .ARM.attributes
                0x0000000000000300       0x2c CMakeFiles/mcp9808_x2_max_speed.dir/home/analys/nuttxspace/pico-sdk/src/common/pico_sync/mutex.c.obj
 .ARM.attributes
                0x000000000000032c       0x2c CMakeFiles/mcp9808_x2_max_speed.dir/home/analys/nuttxspace/pico-sdk/src/common/pico_time/time.c.obj
 .ARM.attributes
                0x0000000000000358       0x2c CMakeFiles/mcp9808_x2_max_speed.dir/home/analys/nuttxspace/pico-sdk/src/rp2_common/hardware_timer/timer.c.obj
 .ARM.attributes
                0x0000000000000384       0x2c CMakeFiles/mcp9808_x2_max_speed.dir/home/analys/nuttxspace/pico-sdk/src/common/pico_util/pheap.c.obj
 .ARM.attributes
                0x00000000000003b0       0x2c CMakeFiles/mcp9808_x2_max_speed.dir/home/analys/nuttxspace/pico-sdk/src/rp2_common/hardware_uart/uart.c.obj
 .ARM.attributes
                0x00000000000003dc       0x2c CMakeFiles/mcp9808_x2_max_speed.dir/home/analys/nuttxspace/pico-sdk/src/rp2_common/hardware_clocks/clocks.c.obj
 .ARM.attributes