Archive member included to satisfy reference by file (symbol)

/usr/lib/gcc/arm-none-eabi/9.2.1/thumb/v6-m/nofp/libgcc.a(_dvmd_tls.o)
                              CMakeFiles/ssd1306_bouncing_ball.dir/home/analys/nuttxspace/pico-sdk/src/rp2_common/pico_divider/divider.S.obj (__aeabi_idiv0)
/usr/lib/gcc/arm-none-eabi/9.2.1/../../../arm-none-eabi/lib/thumb/v6-m/nofp/libc.a(lib_a-atexit.o)
                              /usr/lib/gcc/arm-none-eabi/9.2.1/../../../arm-none-eabi/lib/thumb/v6-m/nofp/crt0.o (atexit)
/usr/lib/gcc/arm-none-eabi/9.2.1/../../../arm-none-eabi/lib/thumb/v6-m/nofp/libc.a(lib_a-calloc.o)
                              CMakeFiles/ssd1306_bouncing_ball.dir/home/analys/nuttxspace/pico-sdk/src/rp2_common/pico_malloc/pico_malloc.c.obj (calloc)
/usr/lib/gcc/arm-none-eabi/9.2.1/../../../arm-none-eabi/lib/thumb/v6-m/nofp/libc.a(lib_a-callocr.o)
                              /usr/lib/gcc/arm-none-eabi/9.2.1/../../../arm-none-eabi/lib/thumb/v6-m/nofp/libc.a(lib_a-calloc.o) (_calloc_r)
/usr/lib/gcc/arm-none-eabi/9.2.1/../../../arm-none-eabi/lib/thumb/v6-m/nofp/libc.a(lib_a-fini.o)
                              /usr/lib/gcc/arm-none-eabi/9.2.1/../../../arm-none-eabi/lib/thumb/v6-m/nofp/crt0.o (__libc_fini_array)
/usr/lib/gcc/arm-none-eabi/9.2.1/../../../arm-none-eabi/lib/thumb/v6-m/nofp/libc.a(lib_a-impure.o)
                              /usr/lib/gcc/arm-none-eabi/9.2.1/../../../arm-none-eabi/lib/thumb/v6-m/nofp/libc.a(lib_a-calloc.o) (_impure_ptr)
/usr/lib/gcc/arm-none-eabi/9.2.1/../../../arm-none-eabi/lib/thumb/v6-m/nofp/libc.a(lib_a-init.o)
                              /usr/lib/gcc/arm-none-eabi/9.2.1/../../../arm-none-eabi/lib/thumb/v6-m/nofp/crt0.o (__libc_init_array)
/usr/lib/gcc/arm-none-eabi/9.2.1/../../../arm-none-eabi/lib/thumb/v6-m/nofp/libc.a(lib_a-malloc.o)
                              CMakeFiles/ssd1306_bouncing_ball.dir/home/analys/nuttxspace/pico-sdk/src/rp2_common/pico_malloc/pico_malloc.c.obj (malloc)
/usr/lib/gcc/arm-none-eabi/9.2.1/../../../arm-none-eabi/lib/thumb/v6-m/nofp/libc.a(lib_a-mallocr.o)
                              /usr/lib/gcc/arm-none-eabi/9.2.1/../../../arm-none-eabi/lib/thumb/v6-m/nofp/libc.a(lib_a-callocr.o) (_malloc_r)
/usr/lib/gcc/arm-none-eabi/9.2.1/../../../arm-none-eabi/lib/thumb/v6-m/nofp/libc.a(lib_a-mlock.o)
                              /usr/lib/gcc/arm-none-eabi/9.2.1/../../../arm-none-eabi/lib/thumb/v6-m/nofp/libc.a(lib_a-mallocr.o) (__malloc_lock)
/usr/lib/gcc/arm-none-eabi/9.2.1/../../../arm-none-eabi/lib/thumb/v6-m/nofp/libc.a(lib_a-realloc.o)
                              CMakeFiles/ssd1306_bouncing_ball.dir/home/analys/nuttxspace/pico-sdk/src/rp2_common/pico_malloc/pico_malloc.c.obj (realloc)
/usr/lib/gcc/arm-none-eabi/9.2.1/../../../arm-none-eabi/lib/thumb/v6-m/nofp/libc.a(lib_a-reallocr.o)
                              /usr/lib/gcc/arm-none-eabi/9.2.1/../../../arm-none-eabi/lib/thumb/v6-m/nofp/libc.a(lib_a-realloc.o) (_realloc_r)
/usr/lib/gcc/arm-none-eabi/9.2.1/../../../arm-none-eabi/lib/thumb/v6-m/nofp/libc.a(lib_a-sbrkr.o)
                              /usr/lib/gcc/arm-none-eabi/9.2.1/../../../arm-none-eabi/lib/thumb/v6-m/nofp/libc.a(lib_a-mallocr.o) (_sbrk_r)
/usr/lib/gcc/arm-none-eabi/9.2.1/../../../arm-none-eabi/lib/thumb/v6-m/nofp/libc.a(lib_a-strlen-stub.o)
                              CMakeFiles/ssd1306_bouncing_ball.dir/home/analys/nuttxspace/pico-sdk/src/rp2_common/pico_stdio/stdio.c.obj (strlen)
/usr/lib/gcc/arm-none-eabi/9.2.1/../../../arm-none-eabi/lib/thumb/v6-m/nofp/libc.a(lib_a-__atexit.o)
                              /usr/lib/gcc/arm-none-eabi/9.2.1/../../../arm-none-eabi/lib/thumb/v6-m/nofp/libc.a(lib_a-atexit.o) (__register_exitproc)
/usr/lib/gcc/arm-none-eabi/9.2.1/../../../arm-none-eabi/lib/thumb/v6-m/nofp/libc.a(lib_a-freer.o)
                              /usr/lib/gcc/arm-none-eabi/9.2.1/../../../arm-none-eabi/lib/thumb/v6-m/nofp/libc.a(lib_a-malloc.o) (_free_r)
/usr/lib/gcc/arm-none-eabi/9.2.1/../../../arm-none-eabi/lib/thumb/v6-m/nofp/libc.a(lib_a-memmove.o)
                              /usr/lib/gcc/arm-none-eabi/9.2.1/../../../arm-none-eabi/lib/thumb/v6-m/nofp/libc.a(lib_a-reallocr.o) (memmove)
/usr/lib/gcc/arm-none-eabi/9.2.1/../../../arm-none-eabi/lib/thumb/v6-m/nofp/libc.a(lib_a-reent.o)
                              /usr/lib/gcc/arm-none-eabi/9.2.1/../../../arm-none-eabi/lib/thumb/v6-m/nofp/libc.a(lib_a-sbrkr.o) (errno)

Allocating common symbols
Common symbol       size              file

sf_table            0x100             CMakeFiles/ssd1306_bouncing_ball.dir/home/analys/nuttxspace/pico-sdk/src/rp2_common/pico_float/float_init_rom.c.obj
errno               0x4               /usr/lib/gcc/arm-none-eabi/9.2.1/../../../arm-none-eabi/lib/thumb/v6-m/nofp/libc.a(lib_a-reent.o)
xQueueRegistry      0x40              CMakeFiles/ssd1306_bouncing_ball.dir/home/analys/nuttxspace/rp2040-freertos/FreeRTOS-Kernel/queue.c.obj
[...]
Memory Configuration

Name             Origin             Length             Attributes
FLASH            0x0000000010000000 0x0000000000200000 xr
RAM              0x0000000020000000 0x0000000000040000 xrw
SCRATCH_X        0x0000000020040000 0x0000000000001000 xrw
SCRATCH_Y        0x0000000020041000 0x0000000000001000 xrw
*default*        0x0000000000000000 0xffffffffffffffff

Linker script and memory map

LOAD /usr/lib/gcc/arm-none-eabi/9.2.1/thumb/v6-m/nofp/crti.o
LOAD /usr/lib/gcc/arm-none-eabi/9.2.1/thumb/v6-m/nofp/crtbegin.o
LOAD /usr/lib/gcc/arm-none-eabi/9.2.1/../../../arm-none-eabi/lib/thumb/v6-m/nofp/crt0.o

.flash_begin    0x0000000010000000        0x0
                0x0000000010000000                __flash_binary_start = .

.boot2          0x0000000010000000      0x100
                0x0000000010000000                __boot2_start__ = .
 *(.boot2)
 .boot2         0x0000000010000000      0x100 /tmp/cc35Rdw5.o
                0x0000000010000100                __boot2_end__ = .
                0x0000000000000001                ASSERT (((__boot2_end__ - __boot2_start__) == 0x100), ERROR: Pico second stage bootloader must be 256 bytes in size)

.text           0x0000000010000100     0x7cf0
                0x0000000010000100                __logical_binary_start = .
 *(.vectors)
 .vectors       0x0000000010000100       0xd4 CMakeFiles/ssd1306_bouncing_ball.dir/home/analys/nuttxspace/pico-sdk/src/rp2_common/pico_standard_link/crt0.S.obj
                0x0000000010000100                __vectors
                0x0000000010000100                __VECTOR_TABLE
                0x00000000100001c0                isr_invalid
                0x00000000100001c0                __default_isrs_start
                0x00000000100001c2                isr_nmi
                0x00000000100001c4                isr_hardfault
                0x00000000100001c6                isr_svcall
                0x00000000100001c8                isr_pendsv
                0x00000000100001ca                isr_systick
                0x00000000100001cc                isr_irq30
                0x00000000100001cc                __unhandled_user_irq
                0x00000000100001cc                isr_irq13
                0x00000000100001cc                isr_irq27
                0x00000000100001cc                isr_irq31
                0x00000000100001cc                isr_irq5
                0x00000000100001cc                isr_irq11
                0x00000000100001cc                isr_irq23
                0x00000000100001cc                isr_irq18
                0x00000000100001cc                isr_irq28
                0x00000000100001cc                isr_irq19
                0x00000000100001cc                isr_irq0
                0x00000000100001cc                isr_irq6
                0x00000000100001cc                isr_irq22
                0x00000000100001cc                isr_irq17
                0x00000000100001cc                isr_irq14
                0x00000000100001cc                isr_irq2
                0x00000000100001cc                isr_irq10
                0x00000000100001cc                isr_irq8
                0x00000000100001cc                isr_irq24
                0x00000000100001cc                isr_irq1
                0x00000000100001cc                isr_irq7
                0x00000000100001cc                isr_irq21
                0x00000000100001cc                isr_irq20
                0x00000000100001cc                isr_irq15
                0x00000000100001cc                isr_irq25
                0x00000000100001cc                isr_irq4
                0x00000000100001cc                isr_irq16
                0x00000000100001cc                isr_irq29
                0x00000000100001cc                isr_irq26
                0x00000000100001cc                __default_isrs_end
                0x00000000100001cc                isr_irq3
                0x00000000100001cc                isr_irq12
                0x00000000100001cc                isr_irq9
                0x00000000100001d2                unhandled_user_irq_num_in_r0
 *(.binary_info_header)
 .binary_info_header
                0x00000000100001d4       0x14 CMakeFiles/ssd1306_bouncing_ball.dir/home/analys/nuttxspace/pico-sdk/src/rp2_common/pico_standard_link/crt0.S.obj
                0x00000000100001e8                __binary_info_header_end = .
 *(.reset)
 .reset         0x00000000100001e8       0xa0 CMakeFiles/ssd1306_bouncing_ball.dir/home/analys/nuttxspace/pico-sdk/src/rp2_common/pico_standard_link/crt0.S.obj
                0x00000000100001e8                _entry_point
 .reset         0x0000000010000288       0x30 CMakeFiles/ssd1306_bouncing_ball.dir/home/analys/nuttxspace/pico-sdk/src/rp2_common/pico_standard_link/binary_info.c.obj
 *(.init)
 .init          0x00000000100002b8        0x4 /usr/lib/gcc/arm-none-eabi/9.2.1/thumb/v6-m/nofp/crti.o
                0x00000000100002b8                _init
 *(EXCLUDE_FILE(*libm.a: *libc.a:*lib_a-mem*.o *libgcc.a:) .text*)
 .text          0x00000000100002bc       0x98 /usr/lib/gcc/arm-none-eabi/9.2.1/thumb/v6-m/nofp/crtbegin.o
 .text.ssd1306_bouncing_ball_task
                0x0000000010000354      0x190 CMakeFiles/ssd1306_bouncing_ball.dir/main.c.obj
 .text.blink_led_task
                0x00000000100004e4       0x20 CMakeFiles/ssd1306_bouncing_ball.dir/main.c.obj
 .text.ugui_draw_pixel_callback
                0x0000000010000504       0x4c CMakeFiles/ssd1306_bouncing_ball.dir/main.c.obj
 .text.startup.main
                0x0000000010000550       0x70 CMakeFiles/ssd1306_bouncing_ball.dir/main.c.obj
                0x0000000010000550                main
 .text.vPortSVCHandler
                0x00000000100005c0        0x4 CMakeFiles/ssd1306_bouncing_ball.dir/home/analys/nuttxspace/rp2040-freertos/FreeRTOS-Kernel/portable/ThirdParty/GCC/RP2040/port.c.obj
                0x00000000100005c0                vPortSVCHandler
 *fill*         0x00000000100005c4        0xc 
 .text.vPortStartFirstTask
                0x00000000100005d0       0x34 CMakeFiles/ssd1306_bouncing_ball.dir/home/analys/nuttxspace/rp2040-freertos/FreeRTOS-Kernel/portable/ThirdParty/GCC/RP2040/port.c.obj
 *fill*         0x0000000010000604        0xc 
 .text.xPortPendSVHandler
                0x0000000010000610       0x64 CMakeFiles/ssd1306_bouncing_ball.dir/home/analys/nuttxspace/rp2040-freertos/FreeRTOS-Kernel/portable/ThirdParty/GCC/RP2040/port.c.obj
                0x0000000010000610                xPortPendSVHandler
 .text.prvTaskExitError
                0x0000000010000674        0x8 CMakeFiles/ssd1306_bouncing_ball.dir/home/analys/nuttxspace/rp2040-freertos/FreeRTOS-Kernel/portable/ThirdParty/GCC/RP2040/port.c.obj
 .text.pxPortInitialiseStack
                0x000000001000067c       0x20 CMakeFiles/ssd1306_bouncing_ball.dir/home/analys/nuttxspace/rp2040-freertos/FreeRTOS-Kernel/portable/ThirdParty/GCC/RP2040/port.c.obj
                0x000000001000067c                pxPortInitialiseStack
 .text.vPortYield
                0x000000001000069c       0x18 CMakeFiles/ssd1306_bouncing_ball.dir/home/analys/nuttxspace/rp2040-freertos/FreeRTOS-Kernel/portable/ThirdParty/GCC/RP2040/port.c.obj
                0x000000001000069c                vPortYield
 .text.vPortEnterCritical
                0x00000000100006b4       0x18 CMakeFiles/ssd1306_bouncing_ball.dir/home/analys/nuttxspace/rp2040-freertos/FreeRTOS-Kernel/portable/ThirdParty/GCC/RP2040/port.c.obj
                0x00000000100006b4                vPortEnterCritical
 .text.vPortExitCritical
                0x00000000100006cc       0x34 CMakeFiles/ssd1306_bouncing_ball.dir/home/analys/nuttxspace/rp2040-freertos/FreeRTOS-Kernel/portable/ThirdParty/GCC/RP2040/port.c.obj
                0x00000000100006cc                vPortExitCritical
 .text.ulSetInterruptMaskFromISR
                0x0000000010000700        0x8 CMakeFiles/ssd1306_bouncing_ball.dir/home/analys/nuttxspace/rp2040-freertos/FreeRTOS-Kernel/portable/ThirdParty/GCC/RP2040/port.c.obj
                0x0000000010000700                ulSetInterruptMaskFromISR
 .text.vClearInterruptMaskFromISR
                0x0000000010000708        0x8 CMakeFiles/ssd1306_bouncing_ball.dir/home/analys/nuttxspace/rp2040-freertos/FreeRTOS-Kernel/portable/ThirdParty/GCC/RP2040/port.c.obj
                0x0000000010000708                vClearInterruptMaskFromISR
 .text.xPortSysTickHandler
                0x0000000010000710       0x24 CMakeFiles/ssd1306_bouncing_ball.dir/home/analys/nuttxspace/rp2040-freertos/FreeRTOS-Kernel/portable/ThirdParty/GCC/RP2040/port.c.obj
                0x0000000010000710                xPortSysTickHandler
 .text.vPortSetupTimerInterrupt
                0x0000000010000734       0x34 CMakeFiles/ssd1306_bouncing_ball.dir/home/analys/nuttxspace/rp2040-freertos/FreeRTOS-Kernel/portable/ThirdParty/GCC/RP2040/port.c.obj
                0x0000000010000734                vPortSetupTimerInterrupt
 .text.xPortStartScheduler
                0x0000000010000768       0x70 CMakeFiles/ssd1306_bouncing_ball.dir/home/analys/nuttxspace/rp2040-freertos/FreeRTOS-Kernel/portable/ThirdParty/GCC/RP2040/port.c.obj
                0x0000000010000768                xPortStartScheduler
 .text.ulPortLockGetCurrentOwnerId
                0x00000000100007d8       0x2c CMakeFiles/ssd1306_bouncing_ball.dir/home/analys/nuttxspace/rp2040-freertos/FreeRTOS-Kernel/portable/ThirdParty/GCC/RP2040/port.c.obj
                0x00000000100007d8                ulPortLockGetCurrentOwnerId
 .text.vPortLockInternalSpinUnlockWithNotify
                0x0000000010000804       0x84 CMakeFiles/ssd1306_bouncing_ball.dir/home/analys/nuttxspace/rp2040-freertos/FreeRTOS-Kernel/portable/ThirdParty/GCC/RP2040/port.c.obj
                0x0000000010000804                vPortLockInternalSpinUnlockWithNotify
 .text.xPortLockInternalSpinUnlockWithBestEffortWaitOrTimeout
                0x0000000010000888       0xfc CMakeFiles/ssd1306_bouncing_ball.dir/home/analys/nuttxspace/rp2040-freertos/FreeRTOS-Kernel/portable/ThirdParty/GCC/RP2040/port.c.obj
                0x0000000010000888                xPortLockInternalSpinUnlockWithBestEffortWaitOrTimeout
 .text.startup.prvRuntimeInitializer
                0x0000000010000984       0x10 CMakeFiles/ssd1306_bouncing_ball.dir/home/analys/nuttxspace/rp2040-freertos/FreeRTOS-Kernel/portable/ThirdParty/GCC/RP2040/port.c.obj
 .text.vEventGroupSetBitsCallback
                0x0000000010000994       0x8c CMakeFiles/ssd1306_bouncing_ball.dir/home/analys/nuttxspace/rp2040-freertos/FreeRTOS-Kernel/event_groups.c.obj
                0x0000000010000994                vEventGroupSetBitsCallback
 .text.xEventGroupCreate
                0x0000000010000a20       0x18 CMakeFiles/ssd1306_bouncing_ball.dir/home/analys/nuttxspace/rp2040-freertos/FreeRTOS-Kernel/event_groups.c.obj
                0x0000000010000a20                xEventGroupCreate
 .text.xEventGroupWaitBits
                0x0000000010000a38       0xb8 CMakeFiles/ssd1306_bouncing_ball.dir/home/analys/nuttxspace/rp2040-freertos/FreeRTOS-Kernel/event_groups.c.obj
                0x0000000010000a38                xEventGroupWaitBits
 .text.xEventGroupSetBits
                0x0000000010000af0       0x90 CMakeFiles/ssd1306_bouncing_ball.dir/home/analys/nuttxspace/rp2040-freertos/FreeRTOS-Kernel/event_groups.c.obj
                0x0000000010000af0                xEventGroupSetBits
 .text.xEventGroupSetBitsFromISR
                0x0000000010000b80       0x14 CMakeFiles/ssd1306_bouncing_ball.dir/home/analys/nuttxspace/rp2040-freertos/FreeRTOS-Kernel/event_groups.c.obj
                0x0000000010000b80                xEventGroupSetBitsFromISR
 .text.vListInitialise
                0x0000000010000b94       0x18 CMakeFiles/ssd1306_bouncing_ball.dir/home/analys/nuttxspace/rp2040-freertos/FreeRTOS-Kernel/list.c.obj
                0x0000000010000b94                vListInitialise
 .text.vListInitialiseItem
                0x0000000010000bac        0x8 CMakeFiles/ssd1306_bouncing_ball.dir/home/analys/nuttxspace/rp2040-freertos/FreeRTOS-Kernel/list.c.obj
                0x0000000010000bac                vListInitialiseItem
 .text.vListInsert
                0x0000000010000bb4       0x30 CMakeFiles/ssd1306_bouncing_ball.dir/home/analys/nuttxspace/rp2040-freertos/FreeRTOS-Kernel/list.c.obj
                0x0000000010000bb4                vListInsert
 .text.uxListRemove
                0x0000000010000be4       0x24 CMakeFiles/ssd1306_bouncing_ball.dir/home/analys/nuttxspace/rp2040-freertos/FreeRTOS-Kernel/list.c.obj
                0x0000000010000be4                uxListRemove
 .text.prvUnlockQueue
                0x0000000010000c08      0x148 CMakeFiles/ssd1306_bouncing_ball.dir/home/analys/nuttxspace/rp2040-freertos/FreeRTOS-Kernel/queue.c.obj
 .text.prvNotifyQueueSetContainer
                0x0000000010000d50       0x9c CMakeFiles/ssd1306_bouncing_ball.dir/home/analys/nuttxspace/rp2040-freertos/FreeRTOS-Kernel/queue.c.obj
 .text.xQueueGenericCreate
                0x0000000010000dec       0xa0 CMakeFiles/ssd1306_bouncing_ball.dir/home/analys/nuttxspace/rp2040-freertos/FreeRTOS-Kernel/queue.c.obj
                0x0000000010000dec                xQueueGenericCreate
 .text.xQueueGenericSend
                0x0000000010000e8c      0x1cc CMakeFiles/ssd1306_bouncing_ball.dir/home/analys/nuttxspace/rp2040-freertos/FreeRTOS-Kernel/queue.c.obj
                0x0000000010000e8c                xQueueGenericSend
 .text.xQueueCreateMutex
                0x0000000010001058       0x6c CMakeFiles/ssd1306_bouncing_ball.dir/home/analys/nuttxspace/rp2040-freertos/FreeRTOS-Kernel/queue.c.obj
                0x0000000010001058                xQueueCreateMutex
 .text.xQueueGenericSendFromISR
                0x00000000100010c4      0x134 CMakeFiles/ssd1306_bouncing_ball.dir/home/analys/nuttxspace/rp2040-freertos/FreeRTOS-Kernel/queue.c.obj
                0x00000000100010c4                xQueueGenericSendFromISR
 .text.xQueueGiveFromISR
                0x00000000100011f8       0x7c CMakeFiles/ssd1306_bouncing_ball.dir/home/analys/nuttxspace/rp2040-freertos/FreeRTOS-Kernel/queue.c.obj
                0x00000000100011f8                xQueueGiveFromISR
 .text.xQueueReceive
                0x0000000010001274      0x124 CMakeFiles/ssd1306_bouncing_ball.dir/home/analys/nuttxspace/rp2040-freertos/FreeRTOS-Kernel/queue.c.obj
                0x0000000010001274                xQueueReceive
 .text.xQueueSemaphoreTake
                0x0000000010001398      0x150 CMakeFiles/ssd1306_bouncing_ball.dir/home/analys/nuttxspace/rp2040-freertos/FreeRTOS-Kernel/queue.c.obj
                0x0000000010001398                xQueueSemaphoreTake
 .text.uxQueueMessagesWaiting
                0x00000000100014e8       0x14 CMakeFiles/ssd1306_bouncing_ball.dir/home/analys/nuttxspace/rp2040-freertos/FreeRTOS-Kernel/queue.c.obj
                0x00000000100014e8                uxQueueMessagesWaiting
 .text.vQueueAddToRegistry
                0x00000000100014fc       0xec CMakeFiles/ssd1306_bouncing_ball.dir/home/analys/nuttxspace/rp2040-freertos/FreeRTOS-Kernel/queue.c.obj
                0x00000000100014fc                vQueueAddToRegistry
 .text.vQueueWaitForMessageRestricted
                0x00000000100015e8       0x48 CMakeFiles/ssd1306_bouncing_ball.dir/home/analys/nuttxspace/rp2040-freertos/FreeRTOS-Kernel/queue.c.obj
                0x00000000100015e8                vQueueWaitForMessageRestricted
 .text.prvIdleTask
                0x0000000010001630       0x60 CMakeFiles/ssd1306_bouncing_ball.dir/home/analys/nuttxspace/rp2040-freertos/FreeRTOS-Kernel/tasks.c.obj
 .text.vTaskSwitchContext.part.0
                0x0000000010001690       0x80 CMakeFiles/ssd1306_bouncing_ball.dir/home/analys/nuttxspace/rp2040-freertos/FreeRTOS-Kernel/tasks.c.obj
 .text.xTaskCreate
                0x0000000010001710      0x280 CMakeFiles/ssd1306_bouncing_ball.dir/home/analys/nuttxspace/rp2040-freertos/FreeRTOS-Kernel/tasks.c.obj
                0x0000000010001710                xTaskCreate
 .text.vTaskStartScheduler
                0x0000000010001990      0x1e0 CMakeFiles/ssd1306_bouncing_ball.dir/home/analys/nuttxspace/rp2040-freertos/FreeRTOS-Kernel/tasks.c.obj
                0x0000000010001990                vTaskStartScheduler
 .text.vTaskSuspendAll
                0x0000000010001b70       0x10 CMakeFiles/ssd1306_bouncing_ball.dir/home/analys/nuttxspace/rp2040-freertos/FreeRTOS-Kernel/tasks.c.obj
                0x0000000010001b70                vTaskSuspendAll
 .text.xTaskGetTickCount
                0x0000000010001b80        0xc CMakeFiles/ssd1306_bouncing_ball.dir/home/analys/nuttxspace/rp2040-freertos/FreeRTOS-Kernel/tasks.c.obj
                0x0000000010001b80                xTaskGetTickCount
 .text.uxTaskGetNumberOfTasks
                0x0000000010001b8c        0xc CMakeFiles/ssd1306_bouncing_ball.dir/home/analys/nuttxspace/rp2040-freertos/FreeRTOS-Kernel/tasks.c.obj
                0x0000000010001b8c                uxTaskGetNumberOfTasks
 .text.xTaskIncrementTick
                0x0000000010001b98      0x1cc CMakeFiles/ssd1306_bouncing_ball.dir/home/analys/nuttxspace/rp2040-freertos/FreeRTOS-Kernel/tasks.c.obj
                0x0000000010001b98                xTaskIncrementTick
 .text.xTaskResumeAll
                0x0000000010001d64      0x174 CMakeFiles/ssd1306_bouncing_ball.dir/home/analys/nuttxspace/rp2040-freertos/FreeRTOS-Kernel/tasks.c.obj
                0x0000000010001d64                xTaskResumeAll
 .text.vTaskDelay
                0x0000000010001ed8       0x78 CMakeFiles/ssd1306_bouncing_ball.dir/home/analys/nuttxspace/rp2040-freertos/FreeRTOS-Kernel/tasks.c.obj
                0x0000000010001ed8                vTaskDelay
 .text.vTaskSwitchContext
                0x0000000010001f50       0x20 CMakeFiles/ssd1306_bouncing_ball.dir/home/analys/nuttxspace/rp2040-freertos/FreeRTOS-Kernel/tasks.c.obj
                0x0000000010001f50                vTaskSwitchContext
 .text.vTaskPlaceOnEventList
                0x0000000010001f70       0x98 CMakeFiles/ssd1306_bouncing_ball.dir/home/analys/nuttxspace/rp2040-freertos/FreeRTOS-Kernel/tasks.c.obj
                0x0000000010001f70                vTaskPlaceOnEventList
 .text.vTaskPlaceOnUnorderedEventList
                0x0000000010002008       0xbc CMakeFiles/ssd1306_bouncing_ball.dir/home/analys/nuttxspace/rp2040-freertos/FreeRTOS-Kernel/tasks.c.obj
                0x0000000010002008                vTaskPlaceOnUnorderedEventList
 .text.vTaskPlaceOnEventListRestricted
                0x00000000100020c4       0xc4 CMakeFiles/ssd1306_bouncing_ball.dir/home/analys/nuttxspace/rp2040-freertos/FreeRTOS-Kernel/tasks.c.obj
                0x00000000100020c4                vTaskPlaceOnEventListRestricted
 .text.xTaskRemoveFromEventList
                0x0000000010002188       0xd8 CMakeFiles/ssd1306_bouncing_ball.dir/home/analys/nuttxspace/rp2040-freertos/FreeRTOS-Kernel/tasks.c.obj
                0x0000000010002188                xTaskRemoveFromEventList
 .text.vTaskRemoveFromUnorderedEventList
                0x0000000010002260       0x98 CMakeFiles/ssd1306_bouncing_ball.dir/home/analys/nuttxspace/rp2040-freertos/FreeRTOS-Kernel/tasks.c.obj
                0x0000000010002260                vTaskRemoveFromUnorderedEventList
 .text.vTaskInternalSetTimeOutState
                0x00000000100022f8       0x18 CMakeFiles/ssd1306_bouncing_ball.dir/home/analys/nuttxspace/rp2040-freertos/FreeRTOS-Kernel/tasks.c.obj
                0x00000000100022f8                vTaskInternalSetTimeOutState
 .text.xTaskCheckForTimeOut
                0x0000000010002310       0x74 CMakeFiles/ssd1306_bouncing_ball.dir/home/analys/nuttxspace/rp2040-freertos/FreeRTOS-Kernel/tasks.c.obj
                0x0000000010002310                xTaskCheckForTimeOut
 .text.vTaskMissedYield
                0x0000000010002384        0xc CMakeFiles/ssd1306_bouncing_ball.dir/home/analys/nuttxspace/rp2040-freertos/FreeRTOS-Kernel/tasks.c.obj
                0x0000000010002384                vTaskMissedYield
 .text.xTaskGetCurrentTaskHandle
                0x0000000010002390        0xc CMakeFiles/ssd1306_bouncing_ball.dir/home/analys/nuttxspace/rp2040-freertos/FreeRTOS-Kernel/tasks.c.obj
                0x0000000010002390                xTaskGetCurrentTaskHandle
 .text.xTaskPriorityInherit
                0x000000001000239c       0x94 CMakeFiles/ssd1306_bouncing_ball.dir/home/analys/nuttxspace/rp2040-freertos/FreeRTOS-Kernel/tasks.c.obj
                0x000000001000239c                xTaskPriorityInherit
 .text.xTaskPriorityDisinherit
                0x0000000010002430       0x64 CMakeFiles/ssd1306_bouncing_ball.dir/home/analys/nuttxspace/rp2040-freertos/FreeRTOS-Kernel/tasks.c.obj
                0x0000000010002430                xTaskPriorityDisinherit
 .text.vTaskPriorityDisinheritAfterTimeout
                0x0000000010002494       0x80 CMakeFiles/ssd1306_bouncing_ball.dir/home/analys/nuttxspace/rp2040-freertos/FreeRTOS-Kernel/tasks.c.obj
                0x0000000010002494                vTaskPriorityDisinheritAfterTimeout
 .text.uxTaskResetEventItemValue
                0x0000000010002514       0x18 CMakeFiles/ssd1306_bouncing_ball.dir/home/analys/nuttxspace/rp2040-freertos/FreeRTOS-Kernel/tasks.c.obj
                0x0000000010002514                uxTaskResetEventItemValue
 .text.pvTaskIncrementMutexHeldCount
                0x000000001000252c       0x18 CMakeFiles/ssd1306_bouncing_ball.dir/home/analys/nuttxspace/rp2040-freertos/FreeRTOS-Kernel/tasks.c.obj
                0x000000001000252c                pvTaskIncrementMutexHeldCount
 .text.prvTimerTask
                0x0000000010002544      0x360 CMakeFiles/ssd1306_bouncing_ball.dir/home/analys/nuttxspace/rp2040-freertos/FreeRTOS-Kernel/timers.c.obj
 .text.xTimerCreateTimerTask
                0x00000000100028a4       0x8c CMakeFiles/ssd1306_bouncing_ball.dir/home/analys/nuttxspace/rp2040-freertos/FreeRTOS-Kernel/timers.c.obj
                0x00000000100028a4                xTimerCreateTimerTask
 .text.xTimerPendFunctionCallFromISR
                0x0000000010002930       0x28 CMakeFiles/ssd1306_bouncing_ball.dir/home/analys/nuttxspace/rp2040-freertos/FreeRTOS-Kernel/timers.c.obj
                0x0000000010002930                xTimerPendFunctionCallFromISR
 .text.exception_set_exclusive_handler
                0x0000000010002958       0x48 CMakeFiles/ssd1306_bouncing_ball.dir/home/analys/nuttxspace/pico-sdk/src/rp2_common/hardware_exception/exception.c.obj
                0x0000000010002958                exception_set_exclusive_handler
 .text.running_on_fpga
                0x00000000100029a0       0x10 CMakeFiles/ssd1306_bouncing_ball.dir/home/analys/nuttxspace/pico-sdk/src/rp2_common/pico_platform/platform.c.obj
                0x00000000100029a0                running_on_fpga
 .text.hw_claim_or_assert
                0x00000000100029b0       0x48 CMakeFiles/ssd1306_bouncing_ball.dir/home/analys/nuttxspace/pico-sdk/src/rp2_common/hardware_claim/claim.c.obj
                0x00000000100029b0                hw_claim_or_assert
 .text.hw_claim_unused_from_range
                0x00000000100029f8       0x9c CMakeFiles/ssd1306_bouncing_ball.dir/home/analys/nuttxspace/pico-sdk/src/rp2_common/hardware_claim/claim.c.obj
                0x00000000100029f8                hw_claim_unused_from_range
 .text.hw_claim_clear
                0x0000000010002a94       0x38 CMakeFiles/ssd1306_bouncing_ball.dir/home/analys/nuttxspace/pico-sdk/src/rp2_common/hardware_claim/claim.c.obj
                0x0000000010002a94                hw_claim_clear
 .text.spin_locks_reset
                0x0000000010002acc       0x1c CMakeFiles/ssd1306_bouncing_ball.dir/home/analys/nuttxspace/pico-sdk/src/rp2_common/hardware_sync/sync.c.obj
                0x0000000010002acc                spin_locks_reset
 .text.next_striped_spin_lock_num
                0x0000000010002ae8       0x18 CMakeFiles/ssd1306_bouncing_ball.dir/home/analys/nuttxspace/pico-sdk/src/rp2_common/hardware_sync/sync.c.obj
                0x0000000010002ae8                next_striped_spin_lock_num
 .text.pvPortMalloc
                0x0000000010002b00       0x80 CMakeFiles/ssd1306_bouncing_ball.dir/home/analys/nuttxspace/rp2040-freertos/FreeRTOS-Kernel/portable/MemMang/heap_1.c.obj
                0x0000000010002b00                pvPortMalloc
 .text.vPortFree
                0x0000000010002b80        0x4 CMakeFiles/ssd1306_bouncing_ball.dir/home/analys/nuttxspace/rp2040-freertos/FreeRTOS-Kernel/portable/MemMang/heap_1.c.obj
                0x0000000010002b80                vPortFree
 .text.gpio_set_function
                0x0000000010002b84       0x30 CMakeFiles/ssd1306_bouncing_ball.dir/home/analys/nuttxspace/pico-sdk/src/rp2_common/hardware_gpio/gpio.c.obj
                0x0000000010002b84                gpio_set_function
 .text.gpio_set_pulls
                0x0000000010002bb4       0x30 CMakeFiles/ssd1306_bouncing_ball.dir/home/analys/nuttxspace/pico-sdk/src/rp2_common/hardware_gpio/gpio.c.obj
                0x0000000010002bb4                gpio_set_pulls
 .text.gpio_init
                0x0000000010002be4       0x3c CMakeFiles/ssd1306_bouncing_ball.dir/home/analys/nuttxspace/pico-sdk/src/rp2_common/hardware_gpio/gpio.c.obj
                0x0000000010002be4                gpio_init
 .text.irq_set_enabled
                0x0000000010002c20       0x24 CMakeFiles/ssd1306_bouncing_ball.dir/home/analys/nuttxspace/pico-sdk/src/rp2_common/hardware_irq/irq.c.obj
                0x0000000010002c20                irq_set_enabled
 .text.irq_get_vtable_handler
                0x0000000010002c44       0x10 CMakeFiles/ssd1306_bouncing_ball.dir/home/analys/nuttxspace/pico-sdk/src/rp2_common/hardware_irq/irq.c.obj
                0x0000000010002c44                irq_get_vtable_handler
 .text.irq_set_exclusive_handler
                0x0000000010002c54       0x54 CMakeFiles/ssd1306_bouncing_ball.dir/home/analys/nuttxspace/pico-sdk/src/rp2_common/hardware_irq/irq.c.obj
                0x0000000010002c54                irq_set_exclusive_handler
 .text.irq_remove_handler
                0x0000000010002ca8      0x1b4 CMakeFiles/ssd1306_bouncing_ball.dir/home/analys/nuttxspace/pico-sdk/src/rp2_common/hardware_irq/irq.c.obj
                0x0000000010002ca8                irq_remove_handler
 .text.irq_add_tail_to_free_list
                0x0000000010002e5c       0xb4 CMakeFiles/ssd1306_bouncing_ball.dir/home/analys/nuttxspace/pico-sdk/src/rp2_common/hardware_irq/irq.c.obj
                0x0000000010002e5c                irq_add_tail_to_free_list
 .text.irq_init_priorities
                0x0000000010002f10       0x24 CMakeFiles/ssd1306_bouncing_ball.dir/home/analys/nuttxspace/pico-sdk/src/rp2_common/hardware_irq/irq.c.obj
                0x0000000010002f10                irq_init_priorities
 .text.lock_init
                0x0000000010002f34       0x10 CMakeFiles/ssd1306_bouncing_ball.dir/home/analys/nuttxspace/pico-sdk/src/common/pico_sync/lock_core.c.obj
                0x0000000010002f34                lock_init
 .text.mutex_init
                0x0000000010002f44       0x1c CMakeFiles/ssd1306_bouncing_ball.dir/home/analys/nuttxspace/pico-sdk/src/common/pico_sync/mutex.c.obj
                0x0000000010002f44                mutex_init
 .text.recursive_mutex_init
                0x0000000010002f60       0x20 CMakeFiles/ssd1306_bouncing_ball.dir/home/analys/nuttxspace/pico-sdk/src/common/pico_sync/mutex.c.obj
                0x0000000010002f60                recursive_mutex_init
 .text.timer_pool_entry_comparator
                0x0000000010002f80       0x34 CMakeFiles/ssd1306_bouncing_ball.dir/home/analys/nuttxspace/pico-sdk/src/common/pico_time/time.c.obj
                0x0000000010002f80                timer_pool_entry_comparator
 .text.sleep_until_callback
                0x0000000010002fb4       0x24 CMakeFiles/ssd1306_bouncing_ball.dir/home/analys/nuttxspace/pico-sdk/src/common/pico_time/time.c.obj
 .text.add_alarm_under_lock
                0x0000000010002fd8      0x108 CMakeFiles/ssd1306_bouncing_ball.dir/home/analys/nuttxspace/pico-sdk/src/common/pico_time/time.c.obj
 .text.alarm_pool_alarm_callback
                0x00000000100030e0      0x1bc CMakeFiles/ssd1306_bouncing_ball.dir/home/analys/nuttxspace/pico-sdk/src/common/pico_time/time.c.obj
 .text.alarm_pool_init_default
                0x000000001000329c       0x6c CMakeFiles/ssd1306_bouncing_ball.dir/home/analys/nuttxspace/pico-sdk/src/common/pico_time/time.c.obj
                0x000000001000329c                alarm_pool_init_default
 .text.alarm_pool_add_alarm_at
                0x0000000010003308      0x18c CMakeFiles/ssd1306_bouncing_ball.dir/home/analys/nuttxspace/pico-sdk/src/common/pico_time/time.c.obj
                0x0000000010003308                alarm_pool_add_alarm_at
 .text.best_effort_wfe_or_timeout
                0x0000000010003494       0xd4 CMakeFiles/ssd1306_bouncing_ball.dir/home/analys/nuttxspace/pico-sdk/src/common/pico_time/time.c.obj
                0x0000000010003494                best_effort_wfe_or_timeout
 .text.hardware_alarm_irq_handler
                0x0000000010003568       0xbc CMakeFiles/ssd1306_bouncing_ball.dir/home/analys/nuttxspace/pico-sdk/src/rp2_common/hardware_timer/timer.c.obj
 .text.hardware_alarm_claim
                0x0000000010003624       0x18 CMakeFiles/ssd1306_bouncing_ball.dir/home/analys/nuttxspace/pico-sdk/src/rp2_common/hardware_timer/timer.c.obj
                0x0000000010003624                hardware_alarm_claim
 .text.time_us_64
                0x000000001000363c       0x14 CMakeFiles/ssd1306_bouncing_ball.dir/home/analys/nuttxspace/pico-sdk/src/rp2_common/hardware_timer/timer.c.obj
                0x000000001000363c                time_us_64
 .text.busy_wait_us
                0x0000000010003650       0x54 CMakeFiles/ssd1306_bouncing_ball.dir/home/analys/nuttxspace/pico-sdk/src/rp2_common/hardware_timer/timer.c.obj
                0x0000000010003650                busy_wait_us
 .text.hardware_alarm_set_callback
                0x00000000100036a4       0x8c CMakeFiles/ssd1306_bouncing_ball.dir/home/analys/nuttxspace/pico-sdk/src/rp2_common/hardware_timer/timer.c.obj
                0x00000000100036a4                hardware_alarm_set_callback
 .text.hardware_alarm_set_target
                0x0000000010003730       0xd4 CMakeFiles/ssd1306_bouncing_ball.dir/home/analys/nuttxspace/pico-sdk/src/rp2_common/hardware_timer/timer.c.obj
                0x0000000010003730                hardware_alarm_set_target
 .text.hardware_alarm_cancel
                0x0000000010003804       0x40 CMakeFiles/ssd1306_bouncing_ball.dir/home/analys/nuttxspace/pico-sdk/src/rp2_common/hardware_timer/timer.c.obj
                0x0000000010003804                hardware_alarm_cancel
 .text.ph_merge_nodes
                0x0000000010003844       0x68 CMakeFiles/ssd1306_bouncing_ball.dir/home/analys/nuttxspace/pico-sdk/src/common/pico_util/pheap.c.obj
 .text.ph_post_alloc_init
                0x00000000100038ac       0x3c CMakeFiles/ssd1306_bouncing_ball.dir/home/analys/nuttxspace/pico-sdk/src/common/pico_util/pheap.c.obj
                0x00000000100038ac                ph_post_alloc_init
 .text.ph_merge_two_pass
                0x00000000100038e8       0x90 CMakeFiles/ssd1306_bouncing_ball.dir/home/analys/nuttxspace/pico-sdk/src/common/pico_util/pheap.c.obj
                0x00000000100038e8                ph_merge_two_pass
 .text.ph_remove_any_head
                0x0000000010003978      0x100 CMakeFiles/ssd1306_bouncing_ball.dir/home/analys/nuttxspace/pico-sdk/src/common/pico_util/pheap.c.obj
 .text.ph_remove_head
                0x0000000010003a78      0x144 CMakeFiles/ssd1306_bouncing_ball.dir/home/analys/nuttxspace/pico-sdk/src/common/pico_util/pheap.c.obj
                0x0000000010003a78                ph_remove_head
 .text.ph_remove_and_free_node
                0x0000000010003bbc       0x7c CMakeFiles/ssd1306_bouncing_ball.dir/home/analys/nuttxspace/pico-sdk/src/common/pico_util/pheap.c.obj
                0x0000000010003bbc                ph_remove_and_free_node
 .text.uart_init
                0x0000000010003c38      0x188 CMakeFiles/ssd1306_bouncing_ball.dir/home/analys/nuttxspace/pico-sdk/src/rp2_common/hardware_uart/uart.c.obj
                0x0000000010003c38                uart_init
 .text.clocks_init
                0x0000000010003dc0      0x2d0 CMakeFiles/ssd1306_bouncing_ball.dir/home/analys/nuttxspace/pico-sdk/src/rp2_common/hardware_clocks/clocks.c.obj
                0x0000000010003dc0                clocks_init
 .text.clock_get_hz
                0x0000000010004090        0xc CMakeFiles/ssd1306_bouncing_ball.dir/home/analys/nuttxspace/pico-sdk/src/rp2_common/hardware_clocks/clocks.c.obj
                0x0000000010004090                clock_get_hz
 .text.frequency_count_khz
                0x000000001000409c       0x48 CMakeFiles/ssd1306_bouncing_ball.dir/home/analys/nuttxspace/pico-sdk/src/rp2_common/hardware_clocks/clocks.c.obj
                0x000000001000409c                frequency_count_khz
 .text.pll_init
                0x00000000100040e4       0xa0 CMakeFiles/ssd1306_bouncing_ball.dir/home/analys/nuttxspace/pico-sdk/src/rp2_common/hardware_pll/pll.c.obj
                0x00000000100040e4                pll_init
 .text.watchdog_start_tick
                0x0000000010004184       0x10 CMakeFiles/ssd1306_bouncing_ball.dir/home/analys/nuttxspace/pico-sdk/src/rp2_common/hardware_watchdog/watchdog.c.obj
                0x0000000010004184                watchdog_start_tick
 .text.xosc_init
                0x0000000010004194       0x28 CMakeFiles/ssd1306_bouncing_ball.dir/home/analys/nuttxspace/pico-sdk/src/rp2_common/hardware_xosc/xosc.c.obj
                0x0000000010004194                xosc_init
 .text.runtime_init
                0x00000000100041bc       0xf0 CMakeFiles/ssd1306_bouncing_ball.dir/home/analys/nuttxspace/pico-sdk/src/rp2_common/pico_runtime/runtime.c.obj
                0x00000000100041bc                runtime_init
 .text._exit    0x00000000100042ac        0x4 CMakeFiles/ssd1306_bouncing_ball.dir/home/analys/nuttxspace/pico-sdk/src/rp2_common/pico_runtime/runtime.c.obj
                0x00000000100042ac                _exit
 .text.exit     0x00000000100042b0        0x8 CMakeFiles/ssd1306_bouncing_ball.dir/home/analys/nuttxspace/pico-sdk/src/rp2_common/pico_runtime/runtime.c.obj
                0x00000000100042b0                exit
 .text.panic    0x00000000100042b8       0x30 CMakeFiles/ssd1306_bouncing_ball.dir/home/analys/nuttxspace/pico-sdk/src/rp2_common/pico_runtime/runtime.c.obj
                0x00000000100042b8                panic
 .text.panic_unsupported
                0x00000000100042e8        0xc CMakeFiles/ssd1306_bouncing_ball.dir/home/analys/nuttxspace/pico-sdk/src/rp2_common/pico_runtime/runtime.c.obj
                0x00000000100042e8                panic_unsupported
 .text.hard_assertion_failure
                0x00000000100042f4        0xc CMakeFiles/ssd1306_bouncing_ball.dir/home/analys/nuttxspace/pico-sdk/src/rp2_common/pico_runtime/runtime.c.obj
                0x00000000100042f4                hard_assertion_failure
 .text._out_buffer
                0x0000000010004300        0x8 CMakeFiles/ssd1306_bouncing_ball.dir/home/analys/nuttxspace/pico-sdk/src/rp2_common/pico_printf/printf.c.obj
 .text._out_null
                0x0000000010004308        0x4 CMakeFiles/ssd1306_bouncing_ball.dir/home/analys/nuttxspace/pico-sdk/src/rp2_common/pico_printf/printf.c.obj
 .text._out_rev
                0x000000001000430c       0xd0 CMakeFiles/ssd1306_bouncing_ball.dir/home/analys/nuttxspace/pico-sdk/src/rp2_common/pico_printf/printf.c.obj
 .text._ntoa_format
                0x00000000100043dc      0x1d0 CMakeFiles/ssd1306_bouncing_ball.dir/home/analys/nuttxspace/pico-sdk/src/rp2_common/pico_printf/printf.c.obj
 .text._out_char
                0x00000000100045ac       0x10 CMakeFiles/ssd1306_bouncing_ball.dir/home/analys/nuttxspace/pico-sdk/src/rp2_common/pico_printf/printf.c.obj
 .text._out_fct
                0x00000000100045bc       0x10 CMakeFiles/ssd1306_bouncing_ball.dir/home/analys/nuttxspace/pico-sdk/src/rp2_common/pico_printf/printf.c.obj
 .text._etoa    0x00000000100045cc      0x478 CMakeFiles/ssd1306_bouncing_ball.dir/home/analys/nuttxspace/pico-sdk/src/rp2_common/pico_printf/printf.c.obj
 .text._ftoa    0x0000000010004a44      0x3e0 CMakeFiles/ssd1306_bouncing_ball.dir/home/analys/nuttxspace/pico-sdk/src/rp2_common/pico_printf/printf.c.obj
 .text._vsnprintf
                0x0000000010004e24      0xb08 CMakeFiles/ssd1306_bouncing_ball.dir/home/analys/nuttxspace/pico-sdk/src/rp2_common/pico_printf/printf.c.obj
 .text.__wrap_sprintf
                0x000000001000592c       0x28 CMakeFiles/ssd1306_bouncing_ball.dir/home/analys/nuttxspace/pico-sdk/src/rp2_common/pico_printf/printf.c.obj
                0x000000001000592c                __wrap_sprintf
 .text.vfctprintf
                0x0000000010005954       0x20 CMakeFiles/ssd1306_bouncing_ball.dir/home/analys/nuttxspace/pico-sdk/src/rp2_common/pico_printf/printf.c.obj
                0x0000000010005954                vfctprintf
 .text.weak_raw_vprintf
                0x0000000010005974       0x30 CMakeFiles/ssd1306_bouncing_ball.dir/home/analys/nuttxspace/pico-sdk/src/rp2_common/pico_printf/printf.c.obj
                0x0000000010005974                weak_raw_vprintf
 .text          0x00000000100059a4       0x10 CMakeFiles/ssd1306_bouncing_ball.dir/home/analys/nuttxspace/pico-sdk/src/rp2_common/pico_bit_ops/bit_ops_aeabi.S.obj
 .text.rom_func_lookup
                0x00000000100059b4       0x10 CMakeFiles/ssd1306_bouncing_ball.dir/home/analys/nuttxspace/pico-sdk/src/rp2_common/pico_bootrom/bootrom.c.obj
                0x00000000100059b4                rom_func_lookup
 .text.rom_data_lookup
                0x00000000100059c4       0x10 CMakeFiles/ssd1306_bouncing_ball.dir/home/analys/nuttxspace/pico-sdk/src/rp2_common/pico_bootrom/bootrom.c.obj
                0x00000000100059c4                rom_data_lookup
 .text.rom_funcs_lookup
                0x00000000100059d4       0x3c CMakeFiles/ssd1306_bouncing_ball.dir/home/analys/nuttxspace/pico-sdk/src/rp2_common/pico_bootrom/bootrom.c.obj
                0x00000000100059d4                rom_funcs_lookup
 .text.__wrap___aeabi_idiv
                0x0000000010005a10       0x50 CMakeFiles/ssd1306_bouncing_ball.dir/home/analys/nuttxspace/pico-sdk/src/rp2_common/pico_divider/divider.S.obj
                0x0000000010005a10                __wrap___aeabi_idivmod
                0x0000000010005a10                divmod_s32s32
                0x0000000010005a10                div_s32s32
                0x0000000010005a10                __wrap___aeabi_idiv
                0x0000000010005a18                divmod_s32s32_unsafe
                0x0000000010005a44                divmod_s32s32_savestate
 .text.__wrap___aeabi_uidiv
                0x0000000010005a60       0x4c CMakeFiles/ssd1306_bouncing_ball.dir/home/analys/nuttxspace/pico-sdk/src/rp2_common/pico_divider/divider.S.obj
                0x0000000010005a60                __wrap___aeabi_uidiv
                0x0000000010005a60                __wrap___aeabi_uidivmod
                0x0000000010005a60                div_u32u32
                0x0000000010005a60                divmod_u32u32
                0x0000000010005a68                divmod_u32u32_unsafe
                0x0000000010005a90                divmod_u32u32_savestate
 .text.__wrap___aeabi_ldiv
                0x0000000010005aac      0x424 CMakeFiles/ssd1306_bouncing_ball.dir/home/analys/nuttxspace/pico-sdk/src/rp2_common/pico_divider/divider.S.obj
                0x0000000010005aac                div_s64s64
                0x0000000010005aac                divmod_s64s64
                0x0000000010005aac                __wrap___aeabi_ldivmod
                0x0000000010005adc                div_u64u64
                0x0000000010005adc                divmod_u64u64
                0x0000000010005adc                __wrap___aeabi_uldivmod
                0x0000000010005aec                divmod_u64u64_savestate
                0x0000000010005b0c                divmod_s64s64_unsafe
                0x0000000010005b94                divmod_u64u64_unsafe
 .text.__wrap___aeabi_darithmetic
                0x0000000010005ed0       0x80 CMakeFiles/ssd1306_bouncing_ball.dir/home/analys/nuttxspace/pico-sdk/src/rp2_common/pico_double/double_aeabi.S.obj
                0x0000000010005ed0                __wrap___aeabi_drsub
                0x0000000010005ed6                __wrap___aeabi_dsub
                0x0000000010005ee8                __wrap___aeabi_dadd
                0x0000000010005efa                __wrap___aeabi_ddiv
                0x0000000010005f36                __wrap___aeabi_dmul
 .text.__wrap___aeabi_cdcmple
                0x0000000010005f50       0x6c CMakeFiles/ssd1306_bouncing_ball.dir/home/analys/nuttxspace/pico-sdk/src/rp2_common/pico_double/double_aeabi.S.obj
                0x0000000010005f50                __wrap___aeabi_cdrcmple
                0x0000000010005f60                __wrap___aeabi_cdcmple
                0x0000000010005f60                __wrap___aeabi_cdcmpeq
 .text.__wrap___aeabi_dcmplt
                0x0000000010005fbc        0xc CMakeFiles/ssd1306_bouncing_ball.dir/home/analys/nuttxspace/pico-sdk/src/rp2_common/pico_double/double_aeabi.S.obj
                0x0000000010005fbc                __wrap___aeabi_dcmplt
 .text.__wrap___aeabi_dcmple
                0x0000000010005fc8       0x10 CMakeFiles/ssd1306_bouncing_ball.dir/home/analys/nuttxspace/pico-sdk/src/rp2_common/pico_double/double_aeabi.S.obj
                0x0000000010005fc8                __wrap___aeabi_dcmple
 .text.__wrap___aeabi_dcmpge
                0x0000000010005fd8       0x10 CMakeFiles/ssd1306_bouncing_ball.dir/home/analys/nuttxspace/pico-sdk/src/rp2_common/pico_double/double_aeabi.S.obj
                0x0000000010005fd8                __wrap___aeabi_dcmpge
 .text.__wrap___aeabi_dcmpgt
                0x0000000010005fe8        0xa CMakeFiles/ssd1306_bouncing_ball.dir/home/analys/nuttxspace/pico-sdk/src/rp2_common/pico_double/double_aeabi.S.obj
                0x0000000010005fe8                __wrap___aeabi_dcmpgt
 .text.__wrap___aeabi_dcmpun
                0x0000000010005ff2       0x1c CMakeFiles/ssd1306_bouncing_ball.dir/home/analys/nuttxspace/pico-sdk/src/rp2_common/pico_double/double_aeabi.S.obj
                0x0000000010005ff2                __wrap___aeabi_dcmpun
 *fill*         0x000000001000600e        0x2 
 .text.__wrap___aeabi_i2d
                0x0000000010006010       0x38 CMakeFiles/ssd1306_bouncing_ball.dir/home/analys/nuttxspace/pico-sdk/src/rp2_common/pico_double/double_aeabi.S.obj
                0x0000000010006010                __wrap___aeabi_ui2d
                0x0000000010006018                __wrap___aeabi_i2d
 .text.__wrap___aeabi_d2iz
                0x0000000010006048       0x48 CMakeFiles/ssd1306_bouncing_ball.dir/home/analys/nuttxspace/pico-sdk/src/rp2_common/pico_double/double_aeabi.S.obj
                0x0000000010006048                __wrap___aeabi_d2iz
                0x0000000010006048                double2int_z
 .text.__wrap___aeabi_d2uiz
                0x0000000010006090       0x18 CMakeFiles/ssd1306_bouncing_ball.dir/home/analys/nuttxspace/pico-sdk/src/rp2_common/pico_double/double_aeabi.S.obj
                0x0000000010006090                double2uint
                0x0000000010006090                __wrap___aeabi_d2uiz
 .text.__aeabi_double_init
                0x00000000100060a8       0xc0 CMakeFiles/ssd1306_bouncing_ball.dir/home/analys/nuttxspace/pico-sdk/src/rp2_common/pico_double/double_init_rom.c.obj
                0x00000000100060a8                __aeabi_double_init
 .text.double_table_shim_on_use_helper
                0x0000000010006168       0x2c CMakeFiles/ssd1306_bouncing_ball.dir/home/analys/nuttxspace/pico-sdk/src/rp2_common/pico_double/double_v1_rom_shim.S.obj
                0x0000000010006168                double_table_shim_on_use_helper
 .text.__wrap___aeabi_dsub
                0x0000000010006194       0x10 CMakeFiles/ssd1306_bouncing_ball.dir/home/analys/nuttxspace/pico-sdk/src/rp2_common/pico_double/double_v1_rom_shim.S.obj
                0x0000000010006194                drsub_shim
                0x000000001000619a                dsub_shim
 .text.dadd_shim
                0x00000000100061a4      0x15c CMakeFiles/ssd1306_bouncing_ball.dir/home/analys/nuttxspace/pico-sdk/src/rp2_common/pico_double/double_v1_rom_shim.S.obj
                0x00000000100061a4                dadd_shim
 .text.dmul_shim
                0x0000000010006300      0x15c CMakeFiles/ssd1306_bouncing_ball.dir/home/analys/nuttxspace/pico-sdk/src/rp2_common/pico_double/double_v1_rom_shim.S.obj
                0x0000000010006300                dmul_shim
 .text.ddiv_shim
                0x000000001000645c      0x1b0 CMakeFiles/ssd1306_bouncing_ball.dir/home/analys/nuttxspace/pico-sdk/src/rp2_common/pico_double/double_v1_rom_shim.S.obj
                0x000000001000645c                ddiv_shim
 .text.double2uint_shim
                0x000000001000660c        0xe CMakeFiles/ssd1306_bouncing_ball.dir/home/analys/nuttxspace/pico-sdk/src/rp2_common/pico_double/double_v1_rom_shim.S.obj
                0x000000001000660c                double2uint_shim
                0x000000001000660e                double2ufix_shim
 *fill*         0x000000001000661a        0x2 
 .text.double2uint64_shim
                0x000000001000661c       0x70 CMakeFiles/ssd1306_bouncing_ball.dir/home/analys/nuttxspace/pico-sdk/src/rp2_common/pico_double/double_v1_rom_shim.S.obj
                0x000000001000661c                double2uint64_shim
                0x000000001000661e                double2ufix64_shim
                0x000000001000663e                d2fix_a
 .text.dunpacks
                0x000000001000668c       0x3c CMakeFiles/ssd1306_bouncing_ball.dir/home/analys/nuttxspace/pico-sdk/src/rp2_common/pico_double/double_v1_rom_shim.S.obj
                0x000000001000668c                dunpacks
 .text.__aeabi_float_init
                0x00000000100066c8       0x64 CMakeFiles/ssd1306_bouncing_ball.dir/home/analys/nuttxspace/pico-sdk/src/rp2_common/pico_float/float_init_rom.c.obj
                0x00000000100066c8                __aeabi_float_init
 .text.float_table_shim_on_use_helper
                0x000000001000672c       0x2c CMakeFiles/ssd1306_bouncing_ball.dir/home/analys/nuttxspace/pico-sdk/src/rp2_common/pico_float/float_v1_rom_shim.S.obj
                0x000000001000672c                float_table_shim_on_use_helper
 .text          0x0000000010006758       0x10 CMakeFiles/ssd1306_bouncing_ball.dir/home/analys/nuttxspace/pico-sdk/src/rp2_common/pico_mem_ops/mem_ops_aeabi.S.obj
                0x0000000010006758                __aeabi_mem_init
 .text.memset   0x0000000010006768        0xc CMakeFiles/ssd1306_bouncing_ball.dir/home/analys/nuttxspace/pico-sdk/src/rp2_common/pico_mem_ops/mem_ops_aeabi.S.obj
                0x0000000010006768                __wrap_memset
 .text.memcpy   0x0000000010006774        0xc CMakeFiles/ssd1306_bouncing_ball.dir/home/analys/nuttxspace/pico-sdk/src/rp2_common/pico_mem_ops/mem_ops_aeabi.S.obj
                0x0000000010006774                __wrap___aeabi_memcpy
                0x0000000010006774                __wrap_memcpy
 .text.stdio_out_chars_no_crlf
                0x0000000010006780       0x10 CMakeFiles/ssd1306_bouncing_ball.dir/home/analys/nuttxspace/pico-sdk/src/rp2_common/pico_stdio/stdio.c.obj
 .text.stdio_out_chars_crlf
                0x0000000010006790       0x94 CMakeFiles/ssd1306_bouncing_ball.dir/home/analys/nuttxspace/pico-sdk/src/rp2_common/pico_stdio/stdio.c.obj
 .text.stdio_buffered_printer
                0x0000000010006824       0x64 CMakeFiles/ssd1306_bouncing_ball.dir/home/analys/nuttxspace/pico-sdk/src/rp2_common/pico_stdio/stdio.c.obj
 .text.stdio_put_string
                0x0000000010006888      0x104 CMakeFiles/ssd1306_bouncing_ball.dir/home/analys/nuttxspace/pico-sdk/src/rp2_common/pico_stdio/stdio.c.obj
 .text.__wrap_putchar
                0x000000001000698c       0x98 CMakeFiles/ssd1306_bouncing_ball.dir/home/analys/nuttxspace/pico-sdk/src/rp2_common/pico_stdio/stdio.c.obj
                0x000000001000698c                __wrap_putchar
 .text.__wrap_puts
                0x0000000010006a24       0x3c CMakeFiles/ssd1306_bouncing_ball.dir/home/analys/nuttxspace/pico-sdk/src/rp2_common/pico_stdio/stdio.c.obj
                0x0000000010006a24                __wrap_puts
 .text.stdio_set_driver_enabled
                0x0000000010006a60       0x30 CMakeFiles/ssd1306_bouncing_ball.dir/home/analys/nuttxspace/pico-sdk/src/rp2_common/pico_stdio/stdio.c.obj
                0x0000000010006a60                stdio_set_driver_enabled
 .text.__wrap_vprintf
                0x0000000010006a90       0xd8 CMakeFiles/ssd1306_bouncing_ball.dir/home/analys/nuttxspace/pico-sdk/src/rp2_common/pico_stdio/stdio.c.obj
                0x0000000010006a90                __wrap_vprintf
 .text.stdio_init_all
                0x0000000010006b68        0xc CMakeFiles/ssd1306_bouncing_ball.dir/home/analys/nuttxspace/pico-sdk/src/rp2_common/pico_stdio/stdio.c.obj
                0x0000000010006b68                stdio_init_all
 .text.stdio_uart_out_chars
                0x0000000010006b74       0x4c CMakeFiles/ssd1306_bouncing_ball.dir/home/analys/nuttxspace/pico-sdk/src/rp2_common/pico_stdio_uart/stdio_uart.c.obj
 .text.stdio_uart_in_chars
                0x0000000010006bc0       0x84 CMakeFiles/ssd1306_bouncing_ball.dir/home/analys/nuttxspace/pico-sdk/src/rp2_common/pico_stdio_uart/stdio_uart.c.obj
                0x0000000010006bc0                stdio_uart_in_chars
 .text.on_uart_rx
                0x0000000010006c44       0x28 CMakeFiles/ssd1306_bouncing_ball.dir/home/analys/nuttxspace/pico-sdk/src/rp2_common/pico_stdio_uart/stdio_uart.c.obj
 .text.stdio_uart_set_chars_available_callback
                0x0000000010006c6c       0x8c CMakeFiles/ssd1306_bouncing_ball.dir/home/analys/nuttxspace/pico-sdk/src/rp2_common/pico_stdio_uart/stdio_uart.c.obj
 .text.stdio_uart_init
                0x0000000010006cf8       0x48 CMakeFiles/ssd1306_bouncing_ball.dir/home/analys/nuttxspace/pico-sdk/src/rp2_common/pico_stdio_uart/stdio_uart.c.obj
                0x0000000010006cf8                stdio_uart_init
 .text.i2c1_dma_irq_handler
                0x0000000010006d40       0x60 CMakeFiles/ssd1306_bouncing_ball.dir/__/__/src/i2c_dma.c.obj
 .text.i2c_dma_init_intern
                0x0000000010006da0      0x130 CMakeFiles/ssd1306_bouncing_ball.dir/__/__/src/i2c_dma.c.obj
 .text.i2c0_dma_irq_handler
                0x0000000010006ed0       0x4c CMakeFiles/ssd1306_bouncing_ball.dir/__/__/src/i2c_dma.c.obj
 .text.i2c_dma_init
                0x0000000010006f1c       0x84 CMakeFiles/ssd1306_bouncing_ball.dir/__/__/src/i2c_dma.c.obj
                0x0000000010006f1c                i2c_dma_init
 .text.i2c_dma_write_read
                0x0000000010006fa0      0x358 CMakeFiles/ssd1306_bouncing_ball.dir/__/__/src/i2c_dma.c.obj
                0x0000000010006fa0                i2c_dma_write_read
 .text.dma_channel_unclaim
                0x00000000100072f8       0x10 CMakeFiles/ssd1306_bouncing_ball.dir/home/analys/nuttxspace/pico-sdk/src/rp2_common/hardware_dma/dma.c.obj
                0x00000000100072f8                dma_channel_unclaim
 .text.dma_claim_unused_channel
                0x0000000010007308       0x20 CMakeFiles/ssd1306_bouncing_ball.dir/home/analys/nuttxspace/pico-sdk/src/rp2_common/hardware_dma/dma.c.obj
                0x0000000010007308                dma_claim_unused_channel
 .text.i2c_set_baudrate
                0x0000000010007328       0xc4 CMakeFiles/ssd1306_bouncing_ball.dir/home/analys/nuttxspace/pico-sdk/src/rp2_common/hardware_i2c/i2c.c.obj
                0x0000000010007328                i2c_set_baudrate
 .text.i2c_init
                0x00000000100073ec       0x54 CMakeFiles/ssd1306_bouncing_ball.dir/home/analys/nuttxspace/pico-sdk/src/rp2_common/hardware_i2c/i2c.c.obj
                0x00000000100073ec                i2c_init
 .text.vApplicationMallocFailedHook
                0x0000000010007440        0x4 CMakeFiles/ssd1306_bouncing_ball.dir/__/common/freertos_hooks.c.obj
                0x0000000010007440                vApplicationMallocFailedHook
 .text.vApplicationStackOverflowHook
                0x0000000010007444        0x4 CMakeFiles/ssd1306_bouncing_ball.dir/__/common/freertos_hooks.c.obj
                0x0000000010007444                vApplicationStackOverflowHook
 .text.vApplicationTickHook
                0x0000000010007448        0x4 CMakeFiles/ssd1306_bouncing_ball.dir/__/common/freertos_hooks.c.obj
                0x0000000010007448                vApplicationTickHook
 .text.mprintf  0x000000001000744c       0x54 CMakeFiles/ssd1306_bouncing_ball.dir/__/common/mprintf.c.obj
                0x000000001000744c                mprintf
 .text.UG_DrawCircle.part.0
                0x00000000100074a0      0x138 CMakeFiles/ssd1306_bouncing_ball.dir/__/lib/UGUI/ugui.c.obj
 .text.UG_Init  0x00000000100075d8       0x60 CMakeFiles/ssd1306_bouncing_ball.dir/__/lib/UGUI/ugui.c.obj
                0x00000000100075d8                UG_Init
 .text.UG_FontSelect
                0x0000000010007638       0x18 CMakeFiles/ssd1306_bouncing_ball.dir/__/lib/UGUI/ugui.c.obj
                0x0000000010007638                UG_FontSelect
 .text.UG_FillScreen
                0x0000000010007650       0x8c CMakeFiles/ssd1306_bouncing_ball.dir/__/lib/UGUI/ugui.c.obj
                0x0000000010007650                UG_FillScreen
 .text.UG_DrawCircle
                0x00000000100076dc       0x14 CMakeFiles/ssd1306_bouncing_ball.dir/__/lib/UGUI/ugui.c.obj
                0x00000000100076dc                UG_DrawCircle
 .text.UG_DrawLine
                0x00000000100076f0      0x13c CMakeFiles/ssd1306_bouncing_ball.dir/__/lib/UGUI/ugui.c.obj
                0x00000000100076f0                UG_DrawLine
 .text.UG_SetForecolor
                0x000000001000782c       0x10 CMakeFiles/ssd1306_bouncing_ball.dir/__/lib/UGUI/ugui.c.obj
                0x000000001000782c                UG_SetForecolor
 .text.UG_SetBackcolor
                0x000000001000783c       0x10 CMakeFiles/ssd1306_bouncing_ball.dir/__/lib/UGUI/ugui.c.obj
                0x000000001000783c                UG_SetBackcolor
 .text._UG_PutChar
                0x000000001000784c      0x444 CMakeFiles/ssd1306_bouncing_ball.dir/__/lib/UGUI/ugui.c.obj
                0x000000001000784c                _UG_PutChar
 .text.UG_PutString
                0x0000000010007c90       0xb0 CMakeFiles/ssd1306_bouncing_ball.dir/__/lib/UGUI/ugui.c.obj
                0x0000000010007c90                UG_PutString
 .text          0x0000000010007d40       0x68 /usr/lib/gcc/arm-none-eabi/9.2.1/../../../arm-none-eabi/lib/thumb/v6-m/nofp/libc.a(lib_a-strlen-stub.o)
                0x0000000010007d40                strlen
 *(.fini)
 .fini          0x0000000010007da8        0x4 /usr/lib/gcc/arm-none-eabi/9.2.1/thumb/v6-m/nofp/crti.o
                0x0000000010007da8                _fini
 *fill*         0x0000000010007dac        0x4 
 .fini.__stub   0x0000000010007db0       0x40 linker stubs
 *crtbegin.o(.ctors)
 *crtbegin?.o(.ctors)
 *(EXCLUDE_FILE(*crtend.o *crtend?.o) .ctors)
 *(SORT_BY_NAME(.ctors.*))
 *(.ctors)
 *crtbegin.o(.dtors)
 *crtbegin?.o(.dtors)
 *(EXCLUDE_FILE(*crtend.o *crtend?.o) .dtors)
 *(SORT_BY_NAME(.dtors.*))
 *(.dtors)
 *(.eh_frame*)
 .eh_frame      0x0000000010007df0        0x0 /usr/lib/gcc/arm-none-eabi/9.2.1/thumb/v6-m/nofp/crtbegin.o
                0x0000000010007df0                . = ALIGN (0x4)

.glue_7         0x0000000010007df0        0x0
 .glue_7        0x0000000010007df0        0x0 linker stubs

.glue_7t        0x0000000010007df0        0x0
 .glue_7t       0x0000000010007df0        0x0 linker stubs

.vfp11_veneer   0x0000000010007df0        0x0
 .vfp11_veneer  0x0000000010007df0        0x0 linker stubs

.v4_bx          0x0000000010007df0        0x0
 .v4_bx         0x0000000010007df0        0x0 linker stubs

.iplt           0x0000000010007df0        0x0
 .iplt          0x0000000010007df0        0x0 /usr/lib/gcc/arm-none-eabi/9.2.1/thumb/v6-m/nofp/crtbegin.o

.rodata         0x0000000010007df0     0x10bc
 *(EXCLUDE_FILE(*libm.a: *libc.a:*lib_a-mem*.o *libgcc.a:) .rodata*)
 .rodata.ssd1306_bouncing_ball_task.str1.4
                0x0000000010007df0        0x3 CMakeFiles/ssd1306_bouncing_ball.dir/main.c.obj
 *fill*         0x0000000010007df3        0x1 
 .rodata.main.str1.4
                0x0000000010007df4       0x43 CMakeFiles/ssd1306_bouncing_ball.dir/main.c.obj
 *fill*         0x0000000010007e37        0x1 
 .rodata        0x0000000010007e38       0x1f CMakeFiles/ssd1306_bouncing_ball.dir/main.c.obj
 *fill*         0x0000000010007e57        0x1 
 .rodata.prvTimerTask
                0x0000000010007e58       0x28 CMakeFiles/ssd1306_bouncing_ball.dir/home/analys/nuttxspace/rp2040-freertos/FreeRTOS-Kernel/timers.c.obj
 .rodata.xTimerCreateTimerTask.str1.4
                0x0000000010007e80       0x10 CMakeFiles/ssd1306_bouncing_ball.dir/home/analys/nuttxspace/rp2040-freertos/FreeRTOS-Kernel/timers.c.obj
 .rodata.hardware_alarm_claim.str1.4
                0x0000000010007e90       0x22 CMakeFiles/ssd1306_bouncing_ball.dir/home/analys/nuttxspace/pico-sdk/src/rp2_common/hardware_timer/timer.c.obj
 *fill*         0x0000000010007eb2        0x2 
 .rodata.panic.str1.4
                0x0000000010007eb4       0x10 CMakeFiles/ssd1306_bouncing_ball.dir/home/analys/nuttxspace/pico-sdk/src/rp2_common/pico_runtime/runtime.c.obj
                                         0x12 (size before relaxing)
 .rodata.panic_unsupported.str1.4
                0x0000000010007ec4        0xe CMakeFiles/ssd1306_bouncing_ball.dir/home/analys/nuttxspace/pico-sdk/src/rp2_common/pico_runtime/runtime.c.obj
 *fill*         0x0000000010007ed2        0x2 
 .rodata.hard_assertion_failure.str1.4
                0x0000000010007ed4        0xc CMakeFiles/ssd1306_bouncing_ball.dir/home/analys/nuttxspace/pico-sdk/src/rp2_common/pico_runtime/runtime.c.obj
 .rodata._ftoa.str1.4
                0x0000000010007ee0       0x15 CMakeFiles/ssd1306_bouncing_ball.dir/home/analys/nuttxspace/pico-sdk/src/rp2_common/pico_printf/printf.c.obj
 *fill*         0x0000000010007ef5        0x3 
 .rodata._vsnprintf
                0x0000000010007ef8      0x1e0 CMakeFiles/ssd1306_bouncing_ball.dir/home/analys/nuttxspace/pico-sdk/src/rp2_common/pico_printf/printf.c.obj
 .rodata.pow10.5475
                0x00000000100080d8       0x50 CMakeFiles/ssd1306_bouncing_ball.dir/home/analys/nuttxspace/pico-sdk/src/rp2_common/pico_printf/printf.c.obj
 .rodata.str1.4
                0x0000000010008128       0x4c CMakeFiles/ssd1306_bouncing_ball.dir/home/analys/nuttxspace/pico-sdk/src/rp2_common/pico_standard_link/binary_info.c.obj
 .rodata.__bi_44
                0x0000000010008174        0xc CMakeFiles/ssd1306_bouncing_ball.dir/home/analys/nuttxspace/pico-sdk/src/rp2_common/pico_standard_link/binary_info.c.obj
 .rodata.__bi_75
                0x0000000010008180        0xc CMakeFiles/ssd1306_bouncing_ball.dir/home/analys/nuttxspace/pico-sdk/src/rp2_common/pico_standard_link/binary_info.c.obj
 .rodata.__bi_81
                0x000000001000818c        0xc CMakeFiles/ssd1306_bouncing_ball.dir/home/analys/nuttxspace/pico-sdk/src/rp2_common/pico_standard_link/binary_info.c.obj
 .rodata.crlf_str.6261
                0x0000000010008198        0x2 CMakeFiles/ssd1306_bouncing_ball.dir/home/analys/nuttxspace/pico-sdk/src/rp2_common/pico_stdio/stdio.c.obj
 *fill*         0x000000001000819a        0x2 
 .rodata.str1.4
                0x000000001000819c       0x2c CMakeFiles/ssd1306_bouncing_ball.dir/home/analys/nuttxspace/pico-sdk/src/rp2_common/pico_stdio_uart/stdio_uart.c.obj
 .rodata.__bi_33.4907
                0x00000000100081c8        0xc CMakeFiles/ssd1306_bouncing_ball.dir/home/analys/nuttxspace/pico-sdk/src/rp2_common/pico_stdio_uart/stdio_uart.c.obj
 .rodata.__bi_34.4911
                0x00000000100081d4        0x8 CMakeFiles/ssd1306_bouncing_ball.dir/home/analys/nuttxspace/pico-sdk/src/rp2_common/pico_stdio_uart/stdio_uart.c.obj
 .rodata.dma_claim_unused_channel.str1.4
                0x00000000100081dc       0x1e CMakeFiles/ssd1306_bouncing_ball.dir/home/analys/nuttxspace/pico-sdk/src/rp2_common/hardware_dma/dma.c.obj
 *fill*         0x00000000100081fa        0x2 
 .rodata._UG_PutChar
                0x00000000100081fc       0x9c CMakeFiles/ssd1306_bouncing_ball.dir/__/lib/UGUI/ugui.c.obj
 .rodata.FONT_5X12
                0x0000000010008298       0x14 CMakeFiles/ssd1306_bouncing_ball.dir/__/lib/UGUI/ugui.c.obj
                0x0000000010008298                FONT_5X12
 .rodata.font_5x12
                0x00000000100082ac      0xc00 CMakeFiles/ssd1306_bouncing_ball.dir/__/lib/UGUI/ugui.c.obj
                0x00000000100082ac                font_5x12
                0x0000000010008eac                . = ALIGN (0x4)
 *(SORT_BY_ALIGNMENT(SORT_BY_NAME(.flashdata*)))
                0x0000000010008eac                . = ALIGN (0x4)

.ARM.extab
 *(.ARM.extab* .gnu.linkonce.armextab.*)
                0x0000000010008eac                __exidx_start = .

.ARM.exidx
 *(.ARM.exidx* .gnu.linkonce.armexidx.*)
                0x0000000010008eac                __exidx_end = .
                0x0000000010008eac                . = ALIGN (0x4)
                0x0000000010008eac                __binary_info_start = .

.binary_info    0x0000000010008eac       0x24
 *(.binary_info.keep.*)
 .binary_info.keep.__bi_ptr22
                0x0000000010008eac        0x4 CMakeFiles/ssd1306_bouncing_ball.dir/home/analys/nuttxspace/pico-sdk/src/rp2_common/pico_standard_link/binary_info.c.obj
 .binary_info.keep.__bi_ptr30
                0x0000000010008eb0        0x4 CMakeFiles/ssd1306_bouncing_ball.dir/home/analys/nuttxspace/pico-sdk/src/rp2_common/pico_standard_link/binary_info.c.obj
 .binary_info.keep.__bi_ptr38
                0x0000000010008eb4        0x4 CMakeFiles/ssd1306_bouncing_ball.dir/home/analys/nuttxspace/pico-sdk/src/rp2_common/pico_standard_link/binary_info.c.obj
 .binary_info.keep.__bi_ptr44
                0x0000000010008eb8        0x4 CMakeFiles/ssd1306_bouncing_ball.dir/home/analys/nuttxspace/pico-sdk/src/rp2_common/pico_standard_link/binary_info.c.obj
 .binary_info.keep.__bi_ptr50
                0x0000000010008ebc        0x4 CMakeFiles/ssd1306_bouncing_ball.dir/home/analys/nuttxspace/pico-sdk/src/rp2_common/pico_standard_link/binary_info.c.obj
 .binary_info.keep.__bi_ptr75
                0x0000000010008ec0        0x4 CMakeFiles/ssd1306_bouncing_ball.dir/home/analys/nuttxspace/pico-sdk/src/rp2_common/pico_standard_link/binary_info.c.obj
 .binary_info.keep.__bi_ptr81
                0x0000000010008ec4        0x4 CMakeFiles/ssd1306_bouncing_ball.dir/home/analys/nuttxspace/pico-sdk/src/rp2_common/pico_standard_link/binary_info.c.obj
 *(.binary_info.*)
 .binary_info.__bi_ptr33
                0x0000000010008ec8        0x4 CMakeFiles/ssd1306_bouncing_ball.dir/home/analys/nuttxspace/pico-sdk/src/rp2_common/pico_stdio_uart/stdio_uart.c.obj
 .binary_info.__bi_ptr34
                0x0000000010008ecc        0x4 CMakeFiles/ssd1306_bouncing_ball.dir/home/analys/nuttxspace/pico-sdk/src/rp2_common/pico_stdio_uart/stdio_uart.c.obj
                0x0000000010008ed0                __binary_info_end = .

.rel.dyn        0x0000000010008ed0        0x0
 .rel.iplt      0x0000000010008ed0        0x0 /usr/lib/gcc/arm-none-eabi/9.2.1/thumb/v6-m/nofp/crtbegin.o
                0x0000000010008ed0                . = ALIGN (0x4)

.ram_vector_table
                0x0000000020000000       0xc0
 *(.ram_vector_table)
 .ram_vector_table
                0x0000000020000000       0xc0 CMakeFiles/ssd1306_bouncing_ball.dir/home/analys/nuttxspace/pico-sdk/src/rp2_common/pico_runtime/runtime.c.obj
                0x0000000020000000                ram_vector_table

.data           0x00000000200000c0      0x1e0 load address 0x0000000010008ed0
                0x00000000200000c0                __data_start__ = .
 *(vtable)
 *(.time_critical*)
 .time_critical.mutex_try_enter_block_until
                0x00000000200000c0       0x9c CMakeFiles/ssd1306_bouncing_ball.dir/home/analys/nuttxspace/pico-sdk/src/common/pico_sync/mutex.c.obj
                0x00000000200000c0                mutex_try_enter_block_until
 .time_critical.mutex_exit
                0x000000002000015c       0x20 CMakeFiles/ssd1306_bouncing_ball.dir/home/analys/nuttxspace/pico-sdk/src/common/pico_sync/mutex.c.obj
                0x000000002000015c                mutex_exit
 *(.text*)
 .text          0x000000002000017c        0x4 /usr/lib/gcc/arm-none-eabi/9.2.1/thumb/v6-m/nofp/libgcc.a(_dvmd_tls.o)
                0x000000002000017c                __aeabi_ldiv0
                0x000000002000017c                __aeabi_idiv0
 .text.__stub   0x0000000020000180       0x30 linker stubs
                0x00000000200001b0                . = ALIGN (0x4)
 *(.rodata*)
                0x00000000200001b0                . = ALIGN (0x4)
 *(.data*)
 .data.ucLaunchCoreNum
                0x00000000200001b0        0x1 CMakeFiles/ssd1306_bouncing_ball.dir/home/analys/nuttxspace/rp2040-freertos/FreeRTOS-Kernel/portable/ThirdParty/GCC/RP2040/port.c.obj
 *fill*         0x00000000200001b1        0x3 
 .data.uxTopUsedPriority
                0x00000000200001b4        0x4 CMakeFiles/ssd1306_bouncing_ball.dir/home/analys/nuttxspace/rp2040-freertos/FreeRTOS-Kernel/tasks.c.obj
                0x00000000200001b4                uxTopUsedPriority
 .data.striped_spin_lock_num
                0x00000000200001b8        0x1 CMakeFiles/ssd1306_bouncing_ball.dir/home/analys/nuttxspace/pico-sdk/src/rp2_common/hardware_sync/sync.c.obj
 *fill*         0x00000000200001b9        0x3 
 .data          0x00000000200001bc       0x48 CMakeFiles/ssd1306_bouncing_ball.dir/home/analys/nuttxspace/pico-sdk/src/rp2_common/hardware_irq/irq_handler_chain.S.obj
                0x00000000200001bc                irq_handler_chain_slots
                0x00000000200001ec                irq_handler_chain_first_slot
                0x00000000200001f6                irq_handler_chain_remove_tail
 .data.default_alarm_pool
                0x0000000020000204       0x18 CMakeFiles/ssd1306_bouncing_ball.dir/home/analys/nuttxspace/pico-sdk/src/common/pico_time/time.c.obj
 .data.default_alarm_pool_heap
                0x000000002000021c       0x10 CMakeFiles/ssd1306_bouncing_ball.dir/home/analys/nuttxspace/pico-sdk/src/common/pico_time/time.c.obj
 *fill*         0x000000002000022c        0x4 
 .data.aeabi_bits_funcs
                0x0000000020000230       0x10 CMakeFiles/ssd1306_bouncing_ball.dir/home/analys/nuttxspace/pico-sdk/src/rp2_common/pico_bit_ops/bit_ops_aeabi.S.obj
                0x0000000020000230                aeabi_bits_funcs
                0x0000000020000240                aeabi_bits_funcs_end
 .data.aeabi_mem_funcs
                0x0000000020000240       0x10 CMakeFiles/ssd1306_bouncing_ball.dir/home/analys/nuttxspace/pico-sdk/src/rp2_common/pico_mem_ops/mem_ops_aeabi.S.obj
                0x0000000020000240                aeabi_mem_funcs
                0x0000000020000250                aeabi_mem_funcs_end
 .data.stdio_uart
                0x0000000020000250       0x18 CMakeFiles/ssd1306_bouncing_ball.dir/home/analys/nuttxspace/pico-sdk/src/rp2_common/pico_stdio_uart/stdio_uart.c.obj
                0x0000000020000250                stdio_uart
 .data.i2c0_inst
                0x0000000020000268        0x8 CMakeFiles/ssd1306_bouncing_ball.dir/home/analys/nuttxspace/pico-sdk/src/rp2_common/hardware_i2c/i2c.c.obj
                0x0000000020000268                i2c0_inst
 .data.i2c1_inst
                0x0000000020000270        0x8 CMakeFiles/ssd1306_bouncing_ball.dir/home/analys/nuttxspace/pico-sdk/src/rp2_common/hardware_i2c/i2c.c.obj
                0x0000000020000270                i2c1_inst
                0x0000000020000278                . = ALIGN (0x4)
 *(.after_data.*)
                0x0000000020000278                . = ALIGN (0x4)
                0x0000000020000278                PROVIDE (__mutex_array_start = .)
 *(SORT_BY_NAME(.mutex_array.*))
 *(.mutex_array)
 .mutex_array   0x0000000020000278        0x8 CMakeFiles/ssd1306_bouncing_ball.dir/home/analys/nuttxspace/pico-sdk/src/rp2_common/pico_malloc/pico_malloc.c.obj
 .mutex_array   0x0000000020000280        0x8 CMakeFiles/ssd1306_bouncing_ball.dir/home/analys/nuttxspace/pico-sdk/src/rp2_common/pico_stdio/stdio.c.obj
                0x0000000020000288                PROVIDE (__mutex_array_end = .)
                0x0000000020000288                . = ALIGN (0x4)
                0x0000000020000288                PROVIDE (__preinit_array_start = .)
 *(SORT_BY_NAME(.preinit_array.*))
 .preinit_array.00001
                0x0000000020000288        0x4 CMakeFiles/ssd1306_bouncing_ball.dir/home/analys/nuttxspace/pico-sdk/src/rp2_common/pico_mem_ops/mem_ops_aeabi.S.obj
 .preinit_array.00010
                0x000000002000028c        0x4 CMakeFiles/ssd1306_bouncing_ball.dir/home/analys/nuttxspace/pico-sdk/src/rp2_common/pico_bit_ops/bit_ops_aeabi.S.obj
 .preinit_array.00020
                0x0000000020000290        0x4 CMakeFiles/ssd1306_bouncing_ball.dir/home/analys/nuttxspace/pico-sdk/src/rp2_common/pico_double/double_aeabi.S.obj
 .preinit_array.00020
                0x0000000020000294        0x4 CMakeFiles/ssd1306_bouncing_ball.dir/home/analys/nuttxspace/pico-sdk/src/rp2_common/pico_float/float_aeabi.S.obj
 *(.preinit_array)
                0x0000000020000298                PROVIDE (__preinit_array_end = .)
                0x0000000020000298                . = ALIGN (0x4)
                0x0000000020000298                PROVIDE (__init_array_start = .)
 *(SORT_BY_NAME(.init_array.*))
 *(.init_array)
 .init_array    0x0000000020000298        0x4 /usr/lib/gcc/arm-none-eabi/9.2.1/thumb/v6-m/nofp/crtbegin.o
 .init_array    0x000000002000029c        0x4 CMakeFiles/ssd1306_bouncing_ball.dir/home/analys/nuttxspace/rp2040-freertos/FreeRTOS-Kernel/portable/ThirdParty/GCC/RP2040/port.c.obj
                0x00000000200002a0                PROVIDE (__init_array_end = .)
                0x00000000200002a0                . = ALIGN (0x4)
                0x00000000200002a0                PROVIDE (__fini_array_start = .)
 *(SORT_BY_NAME(.fini_array.*))
 *(.fini_array)
                0x00000000200002a0                PROVIDE (__fini_array_end = .)
 *(.jcr)
                0x00000000200002a0                . = ALIGN (0x4)
                0x00000000200002a0                __data_end__ = .
                0x0000000010008ed0                __etext = LOADADDR (.data)

.tm_clone_table
                0x00000000200002a0        0x0 load address 0x00000000100090b0
 .tm_clone_table
                0x00000000200002a0        0x0 /usr/lib/gcc/arm-none-eabi/9.2.1/thumb/v6-m/nofp/crtbegin.o
 .tm_clone_table
                0x00000000200002a0        0x0 /usr/lib/gcc/arm-none-eabi/9.2.1/thumb/v6-m/nofp/crtend.o

.igot.plt       0x00000000200002a0        0x0 load address 0x00000000100090b0
 .igot.plt      0x00000000200002a0        0x0 /usr/lib/gcc/arm-none-eabi/9.2.1/thumb/v6-m/nofp/crtbegin.o

.uninitialized_data
                0x00000000200002a0        0x0 load address 0x00000000100090b0
                0x00000000200002a0                . = ALIGN (0x4)
 *(.uninitialized_data*)

.scratch_x      0x0000000020040000        0x0 load address 0x00000000100090b0
                0x0000000020040000                __scratch_x_start__ = .
 *(.scratch_x.*)
                0x0000000020040000                . = ALIGN (0x4)
                0x0000000020040000                __scratch_x_end__ = .
                0x00000000100090b0                __scratch_x_source__ = LOADADDR (.scratch_x)

.scratch_y      0x0000000020041000        0x0 load address 0x00000000100090b0
                0x0000000020041000                __scratch_y_start__ = .
 *(.scratch_y.*)
                0x0000000020041000                . = ALIGN (0x4)
                0x0000000020041000                __scratch_y_end__ = .
                0x00000000100090b0                __scratch_y_source__ = LOADADDR (.scratch_y)

.bss            0x00000000200002a0    0x21ccc
                0x00000000200002a0                . = ALIGN (0x4)
                0x00000000200002a0                __bss_start__ = .
 *(SORT_BY_ALIGNMENT(SORT_BY_NAME(.bss*)))
 .bss.default_alarm_pool_entries
                0x00000000200002a0      0x100 CMakeFiles/ssd1306_bouncing_ball.dir/home/analys/nuttxspace/pico-sdk/src/common/pico_time/time.c.obj
 .bss           0x00000000200003a0       0x1c /usr/lib/gcc/arm-none-eabi/9.2.1/thumb/v6-m/nofp/crtbegin.o
 .bss.alarm_callbacks
                0x00000000200003bc       0x10 CMakeFiles/ssd1306_bouncing_ball.dir/home/analys/nuttxspace/pico-sdk/src/rp2_common/hardware_timer/timer.c.obj
 .bss.chars_available_callback
                0x00000000200003cc        0x4 CMakeFiles/ssd1306_bouncing_ball.dir/home/analys/nuttxspace/pico-sdk/src/rp2_common/pico_stdio_uart/stdio_uart.c.obj
 .bss.chars_available_param
                0x00000000200003d0        0x4 CMakeFiles/ssd1306_bouncing_ball.dir/home/analys/nuttxspace/pico-sdk/src/rp2_common/pico_stdio_uart/stdio_uart.c.obj
 .bss.configured_freq
                0x00000000200003d4       0x28 CMakeFiles/ssd1306_bouncing_ball.dir/home/analys/nuttxspace/pico-sdk/src/rp2_common/hardware_clocks/clocks.c.obj
 .bss.default_alarm_pool_entry_ids_high
                0x00000000200003fc       0x10 CMakeFiles/ssd1306_bouncing_ball.dir/home/analys/nuttxspace/pico-sdk/src/common/pico_time/time.c.obj
 .bss.default_alarm_pool_heap_nodes
                0x000000002000040c       0x30 CMakeFiles/ssd1306_bouncing_ball.dir/home/analys/nuttxspace/pico-sdk/src/common/pico_time/time.c.obj
 .bss.drivers   0x000000002000043c        0x4 CMakeFiles/ssd1306_bouncing_ball.dir/home/analys/nuttxspace/pico-sdk/src/rp2_common/pico_stdio/stdio.c.obj
 .bss.filter    0x0000000020000440        0x4 CMakeFiles/ssd1306_bouncing_ball.dir/home/analys/nuttxspace/pico-sdk/src/rp2_common/pico_stdio/stdio.c.obj
 .bss.gui       0x0000000020000444       0x64 CMakeFiles/ssd1306_bouncing_ball.dir/main.c.obj
 .bss.gui       0x00000000200004a8        0x4 CMakeFiles/ssd1306_bouncing_ball.dir/__/lib/UGUI/ugui.c.obj
 .bss.i2c_dma_list
                0x00000000200004ac     0x10c8 CMakeFiles/ssd1306_bouncing_ball.dir/__/__/src/i2c_dma.c.obj
 .bss.lazy_vsnprintf
                0x0000000020001574        0x4 CMakeFiles/ssd1306_bouncing_ball.dir/home/analys/nuttxspace/pico-sdk/src/rp2_common/pico_printf/printf.c.obj
 .bss.mprintf_mutex.5826
                0x0000000020001578        0x4 CMakeFiles/ssd1306_bouncing_ball.dir/__/common/mprintf.c.obj
 .bss.pools     0x000000002000157c       0x10 CMakeFiles/ssd1306_bouncing_ball.dir/home/analys/nuttxspace/pico-sdk/src/common/pico_time/time.c.obj
 .bss.pucAlignedHeap.5290
                0x000000002000158c        0x4 CMakeFiles/ssd1306_bouncing_ball.dir/home/analys/nuttxspace/rp2040-freertos/FreeRTOS-Kernel/portable/MemMang/heap_1.c.obj
 .bss.pxCurrentTCB
                0x0000000020001590        0x4 CMakeFiles/ssd1306_bouncing_ball.dir/home/analys/nuttxspace/rp2040-freertos/FreeRTOS-Kernel/tasks.c.obj
                0x0000000020001590                pxCurrentTCB
 .bss.pxCurrentTimerList
                0x0000000020001594        0x4 CMakeFiles/ssd1306_bouncing_ball.dir/home/analys/nuttxspace/rp2040-freertos/FreeRTOS-Kernel/timers.c.obj
 .bss.pxDelayedTaskList
                0x0000000020001598        0x4 CMakeFiles/ssd1306_bouncing_ball.dir/home/analys/nuttxspace/rp2040-freertos/FreeRTOS-Kernel/tasks.c.obj
 .bss.pxOverflowDelayedTaskList
                0x000000002000159c        0x4 CMakeFiles/ssd1306_bouncing_ball.dir/home/analys/nuttxspace/rp2040-freertos/FreeRTOS-Kernel/tasks.c.obj
 .bss.pxOverflowTimerList
                0x00000000200015a0        0x4 CMakeFiles/ssd1306_bouncing_ball.dir/home/analys/nuttxspace/rp2040-freertos/FreeRTOS-Kernel/timers.c.obj
 .bss.pxReadyTasksLists
                0x00000000200015a4      0x280 CMakeFiles/ssd1306_bouncing_ball.dir/home/analys/nuttxspace/rp2040-freertos/FreeRTOS-Kernel/tasks.c.obj
 .bss.pxYieldSpinLock
                0x0000000020001824        0x4 CMakeFiles/ssd1306_bouncing_ball.dir/home/analys/nuttxspace/rp2040-freertos/FreeRTOS-Kernel/portable/ThirdParty/GCC/RP2040/port.c.obj
 .bss.sf_clz_func
                0x0000000020001828        0x4 CMakeFiles/ssd1306_bouncing_ball.dir/home/analys/nuttxspace/pico-sdk/src/rp2_common/pico_double/double_init_rom.c.obj
                0x0000000020001828                sf_clz_func
 .bss.sleep_notifier
                0x000000002000182c        0x4 CMakeFiles/ssd1306_bouncing_ball.dir/home/analys/nuttxspace/pico-sdk/src/common/pico_time/time.c.obj
 .bss.ssd1306_i2c_message
                0x0000000020001830      0x401 CMakeFiles/ssd1306_bouncing_ball.dir/main.c.obj
 *fill*         0x0000000020001c31        0x3 
 .bss.target_hi
                0x0000000020001c34       0x10 CMakeFiles/ssd1306_bouncing_ball.dir/home/analys/nuttxspace/pico-sdk/src/rp2_common/hardware_timer/timer.c.obj
 .bss.uart_instance
                0x0000000020001c44        0x4 CMakeFiles/ssd1306_bouncing_ball.dir/home/analys/nuttxspace/pico-sdk/src/rp2_common/pico_stdio_uart/stdio_uart.c.obj
 .bss.ucHeap    0x0000000020001c48    0x20000 CMakeFiles/ssd1306_bouncing_ball.dir/home/analys/nuttxspace/rp2040-freertos/FreeRTOS-Kernel/portable/MemMang/heap_1.c.obj
 .bss.ulYieldSpinLockSaveValue
                0x0000000020021c48        0x4 CMakeFiles/ssd1306_bouncing_ball.dir/home/analys/nuttxspace/rp2040-freertos/FreeRTOS-Kernel/portable/ThirdParty/GCC/RP2040/port.c.obj
 .bss.uxCriticalNesting
                0x0000000020021c4c        0x4 CMakeFiles/ssd1306_bouncing_ball.dir/home/analys/nuttxspace/rp2040-freertos/FreeRTOS-Kernel/portable/ThirdParty/GCC/RP2040/port.c.obj
 .bss.uxCurrentNumberOfTasks
                0x0000000020021c50        0x4 CMakeFiles/ssd1306_bouncing_ball.dir/home/analys/nuttxspace/rp2040-freertos/FreeRTOS-Kernel/tasks.c.obj
 .bss.uxDeletedTasksWaitingCleanUp
                0x0000000020021c54        0x4 CMakeFiles/ssd1306_bouncing_ball.dir/home/analys/nuttxspace/rp2040-freertos/FreeRTOS-Kernel/tasks.c.obj
 .bss.uxSchedulerSuspended
                0x0000000020021c58        0x4 CMakeFiles/ssd1306_bouncing_ball.dir/home/analys/nuttxspace/rp2040-freertos/FreeRTOS-Kernel/tasks.c.obj
 .bss.uxTaskNumber
                0x0000000020021c5c        0x4 CMakeFiles/ssd1306_bouncing_ball.dir/home/analys/nuttxspace/rp2040-freertos/FreeRTOS-Kernel/tasks.c.obj
 .bss.uxTopReadyPriority
                0x0000000020021c60        0x4 CMakeFiles/ssd1306_bouncing_ball.dir/home/analys/nuttxspace/rp2040-freertos/FreeRTOS-Kernel/tasks.c.obj
 .bss.xActiveTimerList1
                0x0000000020021c64       0x14 CMakeFiles/ssd1306_bouncing_ball.dir/home/analys/nuttxspace/rp2040-freertos/FreeRTOS-Kernel/timers.c.obj
 .bss.xActiveTimerList2
                0x0000000020021c78       0x14 CMakeFiles/ssd1306_bouncing_ball.dir/home/analys/nuttxspace/rp2040-freertos/FreeRTOS-Kernel/timers.c.obj
 .bss.xDelayedTaskList1
                0x0000000020021c8c       0x14 CMakeFiles/ssd1306_bouncing_ball.dir/home/analys/nuttxspace/rp2040-freertos/FreeRTOS-Kernel/tasks.c.obj
 .bss.xDelayedTaskList2
                0x0000000020021ca0       0x14 CMakeFiles/ssd1306_bouncing_ball.dir/home/analys/nuttxspace/rp2040-freertos/FreeRTOS-Kernel/tasks.c.obj
 .bss.xEventGroup
                0x0000000020021cb4        0x4 CMakeFiles/ssd1306_bouncing_ball.dir/home/analys/nuttxspace/rp2040-freertos/FreeRTOS-Kernel/portable/ThirdParty/GCC/RP2040/port.c.obj
 .bss.xIdleTaskHandle
                0x0000000020021cb8        0x4 CMakeFiles/ssd1306_bouncing_ball.dir/home/analys/nuttxspace/rp2040-freertos/FreeRTOS-Kernel/tasks.c.obj
 .bss.xLastTime.5620
                0x0000000020021cbc        0x4 CMakeFiles/ssd1306_bouncing_ball.dir/home/analys/nuttxspace/rp2040-freertos/FreeRTOS-Kernel/timers.c.obj
 .bss.xNextFreeByte
                0x0000000020021cc0        0x4 CMakeFiles/ssd1306_bouncing_ball.dir/home/analys/nuttxspace/rp2040-freertos/FreeRTOS-Kernel/portable/MemMang/heap_1.c.obj
 .bss.xNextTaskUnblockTime
                0x0000000020021cc4        0x4 CMakeFiles/ssd1306_bouncing_ball.dir/home/analys/nuttxspace/rp2040-freertos/FreeRTOS-Kernel/tasks.c.obj
 .bss.xNumOfOverflows
                0x0000000020021cc8        0x4 CMakeFiles/ssd1306_bouncing_ball.dir/home/analys/nuttxspace/rp2040-freertos/FreeRTOS-Kernel/tasks.c.obj
 .bss.xPendedTicks
                0x0000000020021ccc        0x4 CMakeFiles/ssd1306_bouncing_ball.dir/home/analys/nuttxspace/rp2040-freertos/FreeRTOS-Kernel/tasks.c.obj
 .bss.xPendingReadyList
                0x0000000020021cd0       0x14 CMakeFiles/ssd1306_bouncing_ball.dir/home/analys/nuttxspace/rp2040-freertos/FreeRTOS-Kernel/tasks.c.obj
 .bss.xSchedulerRunning
                0x0000000020021ce4        0x4 CMakeFiles/ssd1306_bouncing_ball.dir/home/analys/nuttxspace/rp2040-freertos/FreeRTOS-Kernel/tasks.c.obj
 .bss.xSuspendedTaskList
                0x0000000020021ce8       0x14 CMakeFiles/ssd1306_bouncing_ball.dir/home/analys/nuttxspace/rp2040-freertos/FreeRTOS-Kernel/tasks.c.obj
 .bss.xTasksWaitingTermination
                0x0000000020021cfc       0x14 CMakeFiles/ssd1306_bouncing_ball.dir/home/analys/nuttxspace/rp2040-freertos/FreeRTOS-Kernel/tasks.c.obj
 .bss.xTickCount
                0x0000000020021d10        0x4 CMakeFiles/ssd1306_bouncing_ball.dir/home/analys/nuttxspace/rp2040-freertos/FreeRTOS-Kernel/tasks.c.obj
 .bss.xTimerQueue
                0x0000000020021d14        0x4 CMakeFiles/ssd1306_bouncing_ball.dir/home/analys/nuttxspace/rp2040-freertos/FreeRTOS-Kernel/timers.c.obj
 .bss.xTimerTaskHandle
                0x0000000020021d18        0x4 CMakeFiles/ssd1306_bouncing_ball.dir/home/analys/nuttxspace/rp2040-freertos/FreeRTOS-Kernel/timers.c.obj
 .bss.xYieldPending
                0x0000000020021d1c        0x4 CMakeFiles/ssd1306_bouncing_ball.dir/home/analys/nuttxspace/rp2040-freertos/FreeRTOS-Kernel/tasks.c.obj
 .bss._claimed  0x0000000020021d20        0x2 CMakeFiles/ssd1306_bouncing_ball.dir/home/analys/nuttxspace/pico-sdk/src/rp2_common/hardware_dma/dma.c.obj
 .bss.claimed   0x0000000020021d22        0x1 CMakeFiles/ssd1306_bouncing_ball.dir/home/analys/nuttxspace/pico-sdk/src/rp2_common/hardware_timer/timer.c.obj
 .bss.irq_hander_chain_free_slot_head
                0x0000000020021d23        0x1 CMakeFiles/ssd1306_bouncing_ball.dir/home/analys/nuttxspace/pico-sdk/src/rp2_common/hardware_irq/irq.c.obj
 .bss.mutex_initialized.5825
                0x0000000020021d24        0x1 CMakeFiles/ssd1306_bouncing_ball.dir/__/common/mprintf.c.obj
 .bss.timer_callbacks_pending
                0x0000000020021d25        0x1 CMakeFiles/ssd1306_bouncing_ball.dir/home/analys/nuttxspace/pico-sdk/src/rp2_common/hardware_timer/timer.c.obj
 *(COMMON)
 *fill*         0x0000000020021d26        0x2 
 COMMON         0x0000000020021d28       0x40 CMakeFiles/ssd1306_bouncing_ball.dir/home/analys/nuttxspace/rp2040-freertos/FreeRTOS-Kernel/queue.c.obj
                0x0000000020021d28                xQueueRegistry
 COMMON         0x0000000020021d68        0x4 CMakeFiles/ssd1306_bouncing_ball.dir/home/analys/nuttxspace/pico-sdk/src/rp2_common/hardware_uart/uart.c.obj
                0x0000000020021d68                uart_char_to_line_feed
 COMMON         0x0000000020021d6c      0x100 CMakeFiles/ssd1306_bouncing_ball.dir/home/analys/nuttxspace/pico-sdk/src/rp2_common/pico_double/double_init_rom.c.obj
                0x0000000020021d6c                sd_table
 COMMON         0x0000000020021e6c      0x100 CMakeFiles/ssd1306_bouncing_ball.dir/home/analys/nuttxspace/pico-sdk/src/rp2_common/pico_float/float_init_rom.c.obj
                0x0000000020021e6c                sf_table
                0x0000000020021f6c                . = ALIGN (0x4)
                0x0000000020021f6c                __bss_end__ = .

.heap           0x0000000020021f6c      0x800
                0x0000000020021f6c                __end__ = .
                0x0000000020021f6c                end = __end__
 *(.heap*)
 .heap          0x0000000020021f6c      0x800 CMakeFiles/ssd1306_bouncing_ball.dir/home/analys/nuttxspace/pico-sdk/src/rp2_common/pico_standard_link/crt0.S.obj
                0x000000002002276c                __HeapLimit = .

.stack1_dummy   0x0000000020040000        0x0
 *(.stack1*)

.stack_dummy    0x0000000020041000      0x800
 *(.stack*)
 .stack         0x0000000020041000      0x800 CMakeFiles/ssd1306_bouncing_ball.dir/home/analys/nuttxspace/pico-sdk/src/rp2_common/pico_standard_link/crt0.S.obj

.flash_end      0x00000000100090b0        0x0
                0x00000000100090b0                PROVIDE (__flash_binary_end = .)
                0x0000000020040000                __StackLimit = (ORIGIN (RAM) + LENGTH (RAM))
                0x0000000020041000                __StackOneTop = (ORIGIN (SCRATCH_X) + LENGTH (SCRATCH_X))
                0x0000000020042000                __StackTop = (ORIGIN (SCRATCH_Y) + LENGTH (SCRATCH_Y))
                0x0000000020041000                __StackOneBottom = (__StackOneTop - SIZEOF (.stack1_dummy))
                0x0000000020041800                __StackBottom = (__StackTop - SIZEOF (.stack_dummy))
                0x0000000020042000                PROVIDE (__stack = __StackTop)
                0x0000000000000001                ASSERT ((__StackLimit >= __HeapLimit), region RAM overflowed)
                0x0000000000000001                ASSERT (((__binary_info_header_end - __logical_binary_start) <= 0x100), Binary info must be in first 256 bytes of the binary)
LOAD CMakeFiles/ssd1306_bouncing_ball.dir/main.c.obj
LOAD CMakeFiles/ssd1306_bouncing_ball.dir/home/analys/nuttxspace/rp2040-freertos/FreeRTOS-Kernel/portable/ThirdParty/GCC/RP2040/port.c.obj
LOAD CMakeFiles/ssd1306_bouncing_ball.dir/home/analys/nuttxspace/rp2040-freertos/FreeRTOS-Kernel/croutine.c.obj
LOAD CMakeFiles/ssd1306_bouncing_ball.dir/home/analys/nuttxspace/rp2040-freertos/FreeRTOS-Kernel/event_groups.c.obj
LOAD CMakeFiles/ssd1306_bouncing_ball.dir/home/analys/nuttxspace/rp2040-freertos/FreeRTOS-Kernel/list.c.obj
LOAD CMakeFiles/ssd1306_bouncing_ball.dir/home/analys/nuttxspace/rp2040-freertos/FreeRTOS-Kernel/queue.c.obj
LOAD CMakeFiles/ssd1306_bouncing_ball.dir/home/analys/nuttxspace/rp2040-freertos/FreeRTOS-Kernel/stream_buffer.c.obj
LOAD CMakeFiles/ssd1306_bouncing_ball.dir/home/analys/nuttxspace/rp2040-freertos/FreeRTOS-Kernel/tasks.c.obj
LOAD CMakeFiles/ssd1306_bouncing_ball.dir/home/analys/nuttxspace/rp2040-freertos/FreeRTOS-Kernel/timers.c.obj
LOAD CMakeFiles/ssd1306_bouncing_ball.dir/home/analys/nuttxspace/pico-sdk/src/rp2_common/hardware_exception/exception.c.obj
LOAD CMakeFiles/ssd1306_bouncing_ball.dir/home/analys/nuttxspace/pico-sdk/src/rp2_common/pico_platform/platform.c.obj
LOAD CMakeFiles/ssd1306_bouncing_ball.dir/home/analys/nuttxspace/pico-sdk/src/rp2_common/hardware_claim/claim.c.obj
LOAD CMakeFiles/ssd1306_bouncing_ball.dir/home/analys/nuttxspace/pico-sdk/src/rp2_common/hardware_sync/sync.c.obj
LOAD CMakeFiles/ssd1306_bouncing_ball.dir/home/analys/nuttxspace/rp2040-freertos/FreeRTOS-Kernel/portable/MemMang/heap_1.c.obj
LOAD CMakeFiles/ssd1306_bouncing_ball.dir/home/analys/nuttxspace/pico-sdk/src/rp2_common/pico_stdlib/stdlib.c.obj
LOAD CMakeFiles/ssd1306_bouncing_ball.dir/home/analys/nuttxspace/pico-sdk/src/rp2_common/hardware_gpio/gpio.c.obj
LOAD CMakeFiles/ssd1306_bouncing_ball.dir/home/analys/nuttxspace/pico-sdk/src/rp2_common/hardware_irq/irq.c.obj
LOAD CMakeFiles/ssd1306_bouncing_ball.dir/home/analys/nuttxspace/pico-sdk/src/rp2_common/hardware_irq/irq_handler_chain.S.obj
LOAD CMakeFiles/ssd1306_bouncing_ball.dir/home/analys/nuttxspace/pico-sdk/src/common/pico_sync/sem.c.obj
LOAD CMakeFiles/ssd1306_bouncing_ball.dir/home/analys/nuttxspace/pico-sdk/src/common/pico_sync/lock_core.c.obj
LOAD CMakeFiles/ssd1306_bouncing_ball.dir/home/analys/nuttxspace/pico-sdk/src/common/pico_sync/mutex.c.obj
LOAD CMakeFiles/ssd1306_bouncing_ball.dir/home/analys/nuttxspace/pico-sdk/src/common/pico_sync/critical_section.c.obj
LOAD CMakeFiles/ssd1306_bouncing_ball.dir/home/analys/nuttxspace/pico-sdk/src/common/pico_time/time.c.obj
LOAD CMakeFiles/ssd1306_bouncing_ball.dir/home/analys/nuttxspace/pico-sdk/src/common/pico_time/timeout_helper.c.obj
LOAD CMakeFiles/ssd1306_bouncing_ball.dir/home/analys/nuttxspace/pico-sdk/src/rp2_common/hardware_timer/timer.c.obj
LOAD CMakeFiles/ssd1306_bouncing_ball.dir/home/analys/nuttxspace/pico-sdk/src/common/pico_util/datetime.c.obj
LOAD CMakeFiles/ssd1306_bouncing_ball.dir/home/analys/nuttxspace/pico-sdk/src/common/pico_util/pheap.c.obj
LOAD CMakeFiles/ssd1306_bouncing_ball.dir/home/analys/nuttxspace/pico-sdk/src/common/pico_util/queue.c.obj
LOAD CMakeFiles/ssd1306_bouncing_ball.dir/home/analys/nuttxspace/pico-sdk/src/rp2_common/hardware_uart/uart.c.obj
LOAD CMakeFiles/ssd1306_bouncing_ball.dir/home/analys/nuttxspace/pico-sdk/src/rp2_common/hardware_clocks/clocks.c.obj
LOAD CMakeFiles/ssd1306_bouncing_ball.dir/home/analys/nuttxspace/pico-sdk/src/rp2_common/hardware_pll/pll.c.obj
LOAD CMakeFiles/ssd1306_bouncing_ball.dir/home/analys/nuttxspace/pico-sdk/src/rp2_common/hardware_vreg/vreg.c.obj
LOAD CMakeFiles/ssd1306_bouncing_ball.dir/home/analys/nuttxspace/pico-sdk/src/rp2_common/hardware_watchdog/watchdog.c.obj
LOAD CMakeFiles/ssd1306_bouncing_ball.dir/home/analys/nuttxspace/pico-sdk/src/rp2_common/hardware_xosc/xosc.c.obj
LOAD CMakeFiles/ssd1306_bouncing_ball.dir/home/analys/nuttxspace/pico-sdk/src/rp2_common/hardware_divider/divider.S.obj
LOAD CMakeFiles/ssd1306_bouncing_ball.dir/home/analys/nuttxspace/pico-sdk/src/rp2_common/pico_runtime/runtime.c.obj
LOAD CMakeFiles/ssd1306_bouncing_ball.dir/home/analys/nuttxspace/pico-sdk/src/rp2_common/pico_printf/printf.c.obj
LOAD CMakeFiles/ssd1306_bouncing_ball.dir/home/analys/nuttxspace/pico-sdk/src/rp2_common/pico_bit_ops/bit_ops_aeabi.S.obj
LOAD CMakeFiles/ssd1306_bouncing_ball.dir/home/analys/nuttxspace/pico-sdk/src/rp2_common/pico_bootrom/bootrom.c.obj
LOAD CMakeFiles/ssd1306_bouncing_ball.dir/home/analys/nuttxspace/pico-sdk/src/rp2_common/pico_divider/divider.S.obj
LOAD CMakeFiles/ssd1306_bouncing_ball.dir/home/analys/nuttxspace/pico-sdk/src/rp2_common/pico_double/double_aeabi.S.obj
LOAD CMakeFiles/ssd1306_bouncing_ball.dir/home/analys/nuttxspace/pico-sdk/src/rp2_common/pico_double/double_init_rom.c.obj
LOAD CMakeFiles/ssd1306_bouncing_ball.dir/home/analys/nuttxspace/pico-sdk/src/rp2_common/pico_double/double_math.c.obj
LOAD CMakeFiles/ssd1306_bouncing_ball.dir/home/analys/nuttxspace/pico-sdk/src/rp2_common/pico_double/double_v1_rom_shim.S.obj
LOAD CMakeFiles/ssd1306_bouncing_ball.dir/home/analys/nuttxspace/pico-sdk/src/rp2_common/pico_int64_ops/pico_int64_ops_aeabi.S.obj
LOAD CMakeFiles/ssd1306_bouncing_ball.dir/home/analys/nuttxspace/pico-sdk/src/rp2_common/pico_float/float_aeabi.S.obj
LOAD CMakeFiles/ssd1306_bouncing_ball.dir/home/analys/nuttxspace/pico-sdk/src/rp2_common/pico_float/float_init_rom.c.obj
LOAD CMakeFiles/ssd1306_bouncing_ball.dir/home/analys/nuttxspace/pico-sdk/src/rp2_common/pico_float/float_math.c.obj
LOAD CMakeFiles/ssd1306_bouncing_ball.dir/home/analys/nuttxspace/pico-sdk/src/rp2_common/pico_float/float_v1_rom_shim.S.obj
LOAD CMakeFiles/ssd1306_bouncing_ball.dir/home/analys/nuttxspace/pico-sdk/src/rp2_common/pico_malloc/pico_malloc.c.obj
LOAD CMakeFiles/ssd1306_bouncing_ball.dir/home/analys/nuttxspace/pico-sdk/src/rp2_common/pico_mem_ops/mem_ops_aeabi.S.obj
LOAD CMakeFiles/ssd1306_bouncing_ball.dir/home/analys/nuttxspace/pico-sdk/src/rp2_common/pico_standard_link/crt0.S.obj
LOAD CMakeFiles/ssd1306_bouncing_ball.dir/home/analys/nuttxspace/pico-sdk/src/rp2_common/pico_standard_link/new_delete.cpp.obj
LOAD CMakeFiles/ssd1306_bouncing_ball.dir/home/analys/nuttxspace/pico-sdk/src/rp2_common/pico_standard_link/binary_info.c.obj
LOAD CMakeFiles/ssd1306_bouncing_ball.dir/home/analys/nuttxspace/pico-sdk/src/rp2_common/pico_stdio/stdio.c.obj
LOAD CMakeFiles/ssd1306_bouncing_ball.dir/home/analys/nuttxspace/pico-sdk/src/rp2_common/pico_stdio_uart/stdio_uart.c.obj
LOAD CMakeFiles/ssd1306_bouncing_ball.dir/__/__/src/i2c_dma.c.obj
LOAD CMakeFiles/ssd1306_bouncing_ball.dir/home/analys/nuttxspace/pico-sdk/src/rp2_common/hardware_dma/dma.c.obj
LOAD CMakeFiles/ssd1306_bouncing_ball.dir/home/analys/nuttxspace/pico-sdk/src/rp2_common/hardware_i2c/i2c.c.obj
LOAD CMakeFiles/ssd1306_bouncing_ball.dir/__/common/freertos_hooks.c.obj
LOAD CMakeFiles/ssd1306_bouncing_ball.dir/__/common/mprintf.c.obj
LOAD CMakeFiles/ssd1306_bouncing_ball.dir/__/lib/UGUI/ugui.c.obj
LOAD /tmp/cc35Rdw5.o
LOAD /usr/lib/gcc/arm-none-eabi/9.2.1/../../../arm-none-eabi/lib/thumb/v6-m/nofp/libstdc++.a
LOAD /usr/lib/gcc/arm-none-eabi/9.2.1/../../../arm-none-eabi/lib/thumb/v6-m/nofp/libm.a
START GROUP
LOAD /usr/lib/gcc/arm-none-eabi/9.2.1/thumb/v6-m/nofp/libgcc.a
LOAD /usr/lib/gcc/arm-none-eabi/9.2.1/../../../arm-none-eabi/lib/thumb/v6-m/nofp/libc.a
END GROUP
START GROUP
LOAD /usr/lib/gcc/arm-none-eabi/9.2.1/thumb/v6-m/nofp/libgcc.a
LOAD /usr/lib/gcc/arm-none-eabi/9.2.1/../../../arm-none-eabi/lib/thumb/v6-m/nofp/libc.a
LOAD /usr/lib/gcc/arm-none-eabi/9.2.1/../../../arm-none-eabi/lib/thumb/v6-m/nofp/libnosys.a
END GROUP
LOAD /usr/lib/gcc/arm-none-eabi/9.2.1/thumb/v6-m/nofp/crtend.o
LOAD /usr/lib/gcc/arm-none-eabi/9.2.1/thumb/v6-m/nofp/crtn.o
OUTPUT(ssd1306_bouncing_ball.elf elf32-littlearm)
LOAD linker stubs

.ARM.attributes
                0x0000000000000000       0x28
 .ARM.attributes
                0x0000000000000000       0x1e /usr/lib/gcc/arm-none-eabi/9.2.1/thumb/v6-m/nofp/crti.o
 .ARM.attributes
                0x000000000000001e       0x2c /usr/lib/gcc/arm-none-eabi/9.2.1/thumb/v6-m/nofp/crtbegin.o
 .ARM.attributes
                0x000000000000004a       0x2c CMakeFiles/ssd1306_bouncing_ball.dir/main.c.obj
 .ARM.attributes
                0x0000000000000076       0x2c CMakeFiles/ssd1306_bouncing_ball.dir/home/analys/nuttxspace/rp2040-freertos/FreeRTOS-Kernel/portable/ThirdParty/GCC/RP2040/port.c.obj
 .ARM.attributes
                0x00000000000000a2       0x2c CMakeFiles/ssd1306_bouncing_ball.dir/home/analys/nuttxspace/rp2040-freertos/FreeRTOS-Kernel/event_groups.c.obj
 .ARM.attributes
                0x00000000000000ce       0x2c CMakeFiles/ssd1306_bouncing_ball.dir/home/analys/nuttxspace/rp2040-freertos/FreeRTOS-Kernel/list.c.obj
 .ARM.attributes